Archive member included to satisfy reference by file (symbol)

c:/program files (x86)/gnu tools arm embedded/6 2017-q2-update/bin/../lib/gcc/arm-none-eabi/6.3.1/../../../../arm-none-eabi/lib/thumb/v7e-m/fpv4-sp/hard\libc_nano.a(lib_a-exit.o)
                              c:/program files (x86)/gnu tools arm embedded/6 2017-q2-update/bin/../lib/gcc/arm-none-eabi/6.3.1/../../../../arm-none-eabi/lib/thumb/v7e-m/fpv4-sp/hard/crt0.o (exit)
c:/program files (x86)/gnu tools arm embedded/6 2017-q2-update/bin/../lib/gcc/arm-none-eabi/6.3.1/../../../../arm-none-eabi/lib/thumb/v7e-m/fpv4-sp/hard\libc_nano.a(lib_a-impure.o)
                              c:/program files (x86)/gnu tools arm embedded/6 2017-q2-update/bin/../lib/gcc/arm-none-eabi/6.3.1/../../../../arm-none-eabi/lib/thumb/v7e-m/fpv4-sp/hard\libc_nano.a(lib_a-exit.o) (_global_impure_ptr)
c:/program files (x86)/gnu tools arm embedded/6 2017-q2-update/bin/../lib/gcc/arm-none-eabi/6.3.1/../../../../arm-none-eabi/lib/thumb/v7e-m/fpv4-sp/hard\libc_nano.a(lib_a-init.o)
                              c:/program files (x86)/gnu tools arm embedded/6 2017-q2-update/bin/../lib/gcc/arm-none-eabi/6.3.1/../../../../arm-none-eabi/lib/thumb/v7e-m/fpv4-sp/hard/crt0.o (__libc_init_array)
c:/program files (x86)/gnu tools arm embedded/6 2017-q2-update/bin/../lib/gcc/arm-none-eabi/6.3.1/../../../../arm-none-eabi/lib/thumb/v7e-m/fpv4-sp/hard\libc_nano.a(lib_a-locale.o)
                              _build/nrf52840_xxaa/nrf_log_str_formatter.c.o (__locale_ctype_ptr)
c:/program files (x86)/gnu tools arm embedded/6 2017-q2-update/bin/../lib/gcc/arm-none-eabi/6.3.1/../../../../arm-none-eabi/lib/thumb/v7e-m/fpv4-sp/hard\libc_nano.a(lib_a-mbtowc_r.o)
                              c:/program files (x86)/gnu tools arm embedded/6 2017-q2-update/bin/../lib/gcc/arm-none-eabi/6.3.1/../../../../arm-none-eabi/lib/thumb/v7e-m/fpv4-sp/hard\libc_nano.a(lib_a-locale.o) (__ascii_mbtowc)
c:/program files (x86)/gnu tools arm embedded/6 2017-q2-update/bin/../lib/gcc/arm-none-eabi/6.3.1/../../../../arm-none-eabi/lib/thumb/v7e-m/fpv4-sp/hard\libc_nano.a(lib_a-memcpy-stub.o)
                              _build/nrf52840_xxaa/nrf_log_frontend.c.o (memcpy)
c:/program files (x86)/gnu tools arm embedded/6 2017-q2-update/bin/../lib/gcc/arm-none-eabi/6.3.1/../../../../arm-none-eabi/lib/thumb/v7e-m/fpv4-sp/hard\libc_nano.a(lib_a-memset.o)
                              c:/program files (x86)/gnu tools arm embedded/6 2017-q2-update/bin/../lib/gcc/arm-none-eabi/6.3.1/../../../../arm-none-eabi/lib/thumb/v7e-m/fpv4-sp/hard/crt0.o (memset)
c:/program files (x86)/gnu tools arm embedded/6 2017-q2-update/bin/../lib/gcc/arm-none-eabi/6.3.1/../../../../arm-none-eabi/lib/thumb/v7e-m/fpv4-sp/hard\libc_nano.a(lib_a-printf.o)
                              _build/nrf52840_xxaa/main.c.o (printf)
c:/program files (x86)/gnu tools arm embedded/6 2017-q2-update/bin/../lib/gcc/arm-none-eabi/6.3.1/../../../../arm-none-eabi/lib/thumb/v7e-m/fpv4-sp/hard\libc_nano.a(lib_a-strcmp.o)
                              c:/program files (x86)/gnu tools arm embedded/6 2017-q2-update/bin/../lib/gcc/arm-none-eabi/6.3.1/../../../../arm-none-eabi/lib/thumb/v7e-m/fpv4-sp/hard\libc_nano.a(lib_a-locale.o) (strcmp)
c:/program files (x86)/gnu tools arm embedded/6 2017-q2-update/bin/../lib/gcc/arm-none-eabi/6.3.1/../../../../arm-none-eabi/lib/thumb/v7e-m/fpv4-sp/hard\libc_nano.a(lib_a-strcpy.o)
                              _build/nrf52840_xxaa/SEGGER_RTT.c.o (strcpy)
c:/program files (x86)/gnu tools arm embedded/6 2017-q2-update/bin/../lib/gcc/arm-none-eabi/6.3.1/../../../../arm-none-eabi/lib/thumb/v7e-m/fpv4-sp/hard\libc_nano.a(lib_a-strlen.o)
                              _build/nrf52840_xxaa/nrf_log_frontend.c.o (strlen)
c:/program files (x86)/gnu tools arm embedded/6 2017-q2-update/bin/../lib/gcc/arm-none-eabi/6.3.1/../../../../arm-none-eabi/lib/thumb/v7e-m/fpv4-sp/hard\libc_nano.a(lib_a-wctomb_r.o)
                              c:/program files (x86)/gnu tools arm embedded/6 2017-q2-update/bin/../lib/gcc/arm-none-eabi/6.3.1/../../../../arm-none-eabi/lib/thumb/v7e-m/fpv4-sp/hard\libc_nano.a(lib_a-locale.o) (__ascii_wctomb)
c:/program files (x86)/gnu tools arm embedded/6 2017-q2-update/bin/../lib/gcc/arm-none-eabi/6.3.1/../../../../arm-none-eabi/lib/thumb/v7e-m/fpv4-sp/hard\libc_nano.a(lib_a-ctype_.o)
                              c:/program files (x86)/gnu tools arm embedded/6 2017-q2-update/bin/../lib/gcc/arm-none-eabi/6.3.1/../../../../arm-none-eabi/lib/thumb/v7e-m/fpv4-sp/hard\libc_nano.a(lib_a-locale.o) (_ctype_)
c:/program files (x86)/gnu tools arm embedded/6 2017-q2-update/bin/../lib/gcc/arm-none-eabi/6.3.1/../../../../arm-none-eabi/lib/thumb/v7e-m/fpv4-sp/hard\libc_nano.a(lib_a-findfp.o)
                              c:/program files (x86)/gnu tools arm embedded/6 2017-q2-update/bin/../lib/gcc/arm-none-eabi/6.3.1/../../../../arm-none-eabi/lib/thumb/v7e-m/fpv4-sp/hard\libc_nano.a(lib_a-printf.o) (__sinit)
[...]
Memory Configuration

Name             Origin             Length             Attributes
FLASH            0x00022000         0x000de000         xr
RAM              0x20002a18         0x0003d5e8         xrw
*default*        0x00000000         0xffffffff

Linker script and memory map


.text           0x00022000     0x913c
 *(.isr_vector)
 .isr_vector    0x00022000      0x200 _build/nrf52840_xxaa/gcc_startup_nrf52840.S.o
                0x00022000                __isr_vector
 *(.text*)
 .text          0x00022200       0x6c c:/program files (x86)/gnu tools arm embedded/6 2017-q2-update/bin/../lib/gcc/arm-none-eabi/6.3.1/thumb/v7e-m/fpv4-sp/hard/crtbegin.o
 .text          0x0002226c       0x74 c:/program files (x86)/gnu tools arm embedded/6 2017-q2-update/bin/../lib/gcc/arm-none-eabi/6.3.1/../../../../arm-none-eabi/lib/thumb/v7e-m/fpv4-sp/hard/crt0.o
                0x0002226c                _start
                0x0002226c                _mainCRTStartup
 .text.nrf_log_backend_rtt_panic_set
                0x000222e0        0x4 _build/nrf52840_xxaa/nrf_log_backend_rtt.c.o
 .text.nrf_log_backend_rtt_put
                0x000222e4       0x20 _build/nrf52840_xxaa/nrf_log_backend_rtt.c.o
 .text.serial_tx
                0x00022304       0x28 _build/nrf52840_xxaa/nrf_log_backend_rtt.c.o
 .text.nrf_log_backend_rtt_flush
                0x0002232c        0x4 _build/nrf52840_xxaa/nrf_log_backend_rtt.c.o
 .text.nrf_log_backend_rtt_init
                0x00022330        0x4 _build/nrf52840_xxaa/nrf_log_backend_rtt.c.o
                0x00022330                nrf_log_backend_rtt_init
 .text.nrf_log_backend_serial_put
                0x00022334       0xe0 _build/nrf52840_xxaa/nrf_log_backend_serial.c.o
                0x00022334                nrf_log_backend_serial_put
 .text.nrf_log_default_backends_init
                0x00022414       0x1c _build/nrf52840_xxaa/nrf_log_default_backends.c.o
                0x00022414                nrf_log_default_backends_init
 .text.nrf_log_init
                0x00022430       0x54 _build/nrf52840_xxaa/nrf_log_frontend.c.o
                0x00022430                nrf_log_init
 .text.nrf_log_module_name_get
                0x00022484       0x58 _build/nrf52840_xxaa/nrf_log_frontend.c.o
                0x00022484                nrf_log_module_name_get
 .text.nrf_log_color_id_get
                0x000224dc       0x2c _build/nrf52840_xxaa/nrf_log_frontend.c.o
                0x000224dc                nrf_log_color_id_get
 .text.nrf_log_frontend_dequeue
                0x00022508      0x218 _build/nrf52840_xxaa/nrf_log_frontend.c.o
                0x00022508                nrf_log_frontend_dequeue
 .text.nrf_log_frontend_std_0
                0x00022720      0x180 _build/nrf52840_xxaa/nrf_log_frontend.c.o
                0x00022720                nrf_log_frontend_std_0
 .text.nrf_log_frontend_std_1
                0x000228a0      0x194 _build/nrf52840_xxaa/nrf_log_frontend.c.o
                0x000228a0                nrf_log_frontend_std_1
 .text.nrf_log_frontend_std_2
                0x00022a34      0x1a8 _build/nrf52840_xxaa/nrf_log_frontend.c.o
                0x00022a34                nrf_log_frontend_std_2
 .text.nrf_log_backend_add
                0x00022bdc       0x58 _build/nrf52840_xxaa/nrf_log_frontend.c.o
                0x00022bdc                nrf_log_backend_add
 .text.nrf_log_panic
                0x00022c34       0x28 _build/nrf52840_xxaa/nrf_log_frontend.c.o
                0x00022c34                nrf_log_panic
 .text.nrf_log_std_entry_process
                0x00022c5c      0x130 _build/nrf52840_xxaa/nrf_log_str_formatter.c.o
                0x00022c5c                nrf_log_std_entry_process
 .text.nrf_log_hexdump_entry_process
                0x00022d8c      0x140 _build/nrf52840_xxaa/nrf_log_str_formatter.c.o
                0x00022d8c                nrf_log_hexdump_entry_process
 .text.detection_delay_timeout_handler
                0x00022ecc       0xac _build/nrf52840_xxaa/app_button.c.o
 .text.gpiote_event_handler
                0x00022f78       0x5c _build/nrf52840_xxaa/app_button.c.o
 .text.app_button_init
                0x00022fd4       0xb4 _build/nrf52840_xxaa/app_button.c.o
                0x00022fd4                app_button_init
 .text.app_button_enable
                0x00023088       0x2c _build/nrf52840_xxaa/app_button.c.o
                0x00023088                app_button_enable
 .text.app_error_handler_bare
                0x000230b4       0x20 _build/nrf52840_xxaa/app_error.c.o
                0x000230b4                app_error_handler_bare
 .text.app_error_fault_handler
                0x000230d4       0x68 _build/nrf52840_xxaa/app_error_weak.c.o
                0x000230d4                app_error_fault_handler
 .text.app_fifo_init
                0x0002313c       0x20 _build/nrf52840_xxaa/app_fifo.c.o
                0x0002313c                app_fifo_init
 .text.app_fifo_put
                0x0002315c       0x30 _build/nrf52840_xxaa/app_fifo.c.o
                0x0002315c                app_fifo_put
 .text.app_fifo_get
                0x0002318c       0x2c _build/nrf52840_xxaa/app_fifo.c.o
                0x0002318c                app_fifo_get
 .text.RTC1_IRQHandler
                0x000231b8       0xa0 _build/nrf52840_xxaa/app_timer.c.o
                0x000231b8                RTC1_IRQHandler
 .text.SWI0_EGU0_IRQHandler
                0x00023258      0x654 _build/nrf52840_xxaa/app_timer.c.o
                0x00023258                SWI0_EGU0_IRQHandler
 .text.app_timer_init
                0x000238ac      0x184 _build/nrf52840_xxaa/app_timer.c.o
                0x000238ac                app_timer_init
 .text.app_timer_create
                0x00023a30       0x24 _build/nrf52840_xxaa/app_timer.c.o
                0x00023a30                app_timer_create
 .text.app_timer_start
                0x00023a54       0xac _build/nrf52840_xxaa/app_timer.c.o
                0x00023a54                app_timer_start
 .text.app_timer_stop
                0x00023b00       0x78 _build/nrf52840_xxaa/app_timer.c.o
                0x00023b00                app_timer_stop
 .text.uart_event_handler
                0x00023b78       0xc8 _build/nrf52840_xxaa/app_uart_fifo.c.o
 .text.app_uart_init
                0x00023c40       0xe4 _build/nrf52840_xxaa/app_uart_fifo.c.o
                0x00023c40                app_uart_init
 .text.app_uart_get
                0x00023d24       0x40 _build/nrf52840_xxaa/app_uart_fifo.c.o
                0x00023d24                app_uart_get
 .text.app_uart_put
                0x00023d64       0x44 _build/nrf52840_xxaa/app_uart_fifo.c.o
                0x00023d64                app_uart_put
 .text.app_util_critical_region_enter
                0x00023da8       0x4c _build/nrf52840_xxaa/app_util_platform.c.o
                0x00023da8                app_util_critical_region_enter
 .text.app_util_critical_region_exit
                0x00023df4       0x30 _build/nrf52840_xxaa/app_util_platform.c.o
                0x00023df4                app_util_critical_region_exit
 .text.nrf_atfifo_item_get
                0x00023e24       0x60 _build/nrf52840_xxaa/nrf_atfifo.c.o
                0x00023e24                nrf_atfifo_item_get
 .text.nrf_atfifo_item_free
                0x00023e84       0x20 _build/nrf52840_xxaa/nrf_atfifo.c.o
                0x00023e84                nrf_atfifo_item_free
 .text.nrf_balloc_init
                0x00023ea4       0x38 _build/nrf52840_xxaa/nrf_balloc.c.o
                0x00023ea4                nrf_balloc_init
 .text.nrf_balloc_alloc
                0x00023edc       0x50 _build/nrf52840_xxaa/nrf_balloc.c.o
                0x00023edc                nrf_balloc_alloc
 .text.nrf_balloc_free
                0x00023f2c       0x38 _build/nrf52840_xxaa/nrf_balloc.c.o
                0x00023f2c                nrf_balloc_free
 .text.nrf_fprintf_buffer_flush
                0x00023f64       0x18 _build/nrf52840_xxaa/nrf_fprintf.c.o
                0x00023f64                nrf_fprintf_buffer_flush
 .text.nrf_fprintf
                0x00023f7c       0x20 _build/nrf52840_xxaa/nrf_fprintf.c.o
                0x00023f7c                nrf_fprintf
 .text.unsigned_print
                0x00023f9c      0x120 _build/nrf52840_xxaa/nrf_fprintf_format.c.o
 .text.nrf_fprintf_fmt
                0x000240bc      0x504 _build/nrf52840_xxaa/nrf_fprintf_format.c.o
                0x000240bc                nrf_fprintf_fmt
 .text.nrf_fstorage_is_busy
                0x000245c0       0x48 _build/nrf52840_xxaa/nrf_fstorage.c.o
                0x000245c0                nrf_fstorage_is_busy
 .text.sd_flash_write
                0x00024608        0x4 _build/nrf52840_xxaa/nrf_fstorage_sd.c.o
 .text.sd_flash_page_erase
                0x0002460c        0x4 _build/nrf52840_xxaa/nrf_fstorage_sd.c.o
 .text.nrf_fstorage_sdh_req_handler
                0x00024610       0x14 _build/nrf52840_xxaa/nrf_fstorage_sd.c.o
                0x00024610                nrf_fstorage_sdh_req_handler
 .text.queue_process
                0x00024624       0xe8 _build/nrf52840_xxaa/nrf_fstorage_sd.c.o
 .text.nrf_fstorage_sys_evt_handler
                0x0002470c       0xe8 _build/nrf52840_xxaa/nrf_fstorage_sd.c.o
                0x0002470c                nrf_fstorage_sys_evt_handler
 .text.nrf_fstorage_sdh_state_handler
                0x000247f4      0x100 _build/nrf52840_xxaa/nrf_fstorage_sd.c.o
                0x000247f4                nrf_fstorage_sdh_state_handler
 .text.nrf_memobj_pool_init
                0x000248f4        0x4 _build/nrf52840_xxaa/nrf_memobj.c.o
                0x000248f4                nrf_memobj_pool_init
 .text.nrf_memobj_alloc
                0x000248f8       0x90 _build/nrf52840_xxaa/nrf_memobj.c.o
                0x000248f8                nrf_memobj_alloc
 .text.nrf_memobj_get
                0x00024988       0x20 _build/nrf52840_xxaa/nrf_memobj.c.o
                0x00024988                nrf_memobj_get
 .text.nrf_memobj_put
                0x000249a8       0x50 _build/nrf52840_xxaa/nrf_memobj.c.o
                0x000249a8                nrf_memobj_put
 .text.nrf_memobj_write
                0x000249f8       0x5c _build/nrf52840_xxaa/nrf_memobj.c.o
                0x000249f8                nrf_memobj_write
 .text.nrf_memobj_read
                0x00024a54       0x5c _build/nrf52840_xxaa/nrf_memobj.c.o
                0x00024a54                nrf_memobj_read
 .text.nrf_section_iter_init
                0x00024ab0       0x14 _build/nrf52840_xxaa/nrf_section_iter.c.o
                0x00024ab0                nrf_section_iter_init
 .text.nrf_section_iter_next
                0x00024ac4       0x18 _build/nrf52840_xxaa/nrf_section_iter.c.o
                0x00024ac4                nrf_section_iter_next
 .text.nrf_strerror_get
                0x00024adc       0x6c _build/nrf52840_xxaa/nrf_strerror.c.o
                0x00024adc                nrf_strerror_get
 .text._write   0x00024b48       0x1c _build/nrf52840_xxaa/retarget.c.o
                0x00024b48                _write
 .text._read    0x00024b64       0x14 _build/nrf52840_xxaa/retarget.c.o
                0x00024b64                _read
 .text.sdk_mapped_flags_first_key_index_get
                0x00024b78       0x30 _build/nrf52840_xxaa/sdk_mapped_flags.c.o
                0x00024b78                sdk_mapped_flags_first_key_index_get
 .text.sdk_mapped_flags_update_by_key
                0x00024ba8       0x3c _build/nrf52840_xxaa/sdk_mapped_flags.c.o
                0x00024ba8                sdk_mapped_flags_update_by_key
 .text.sdk_mapped_flags_bulk_update_by_key
                0x00024be4       0x58 _build/nrf52840_xxaa/sdk_mapped_flags.c.o
                0x00024be4                sdk_mapped_flags_bulk_update_by_key
 .text.sdk_mapped_flags_key_list_get
                0x00024c3c       0x34 _build/nrf52840_xxaa/sdk_mapped_flags.c.o
                0x00024c3c                sdk_mapped_flags_key_list_get
 .text.bsp_board_led_state_get
                0x00024c70       0x28 _build/nrf52840_xxaa/boards.c.o
                0x00024c70                bsp_board_led_state_get
 .text.bsp_board_led_on
                0x00024c98       0x28 _build/nrf52840_xxaa/boards.c.o
                0x00024c98                bsp_board_led_on
 .text.bsp_board_led_off
                0x00024cc0       0x28 _build/nrf52840_xxaa/boards.c.o
                0x00024cc0                bsp_board_led_off
 .text.bsp_board_leds_off
                0x00024ce8       0x2c _build/nrf52840_xxaa/boards.c.o
                0x00024ce8                bsp_board_leds_off
 .text.bsp_board_leds_on
                0x00024d14       0x2c _build/nrf52840_xxaa/boards.c.o
                0x00024d14                bsp_board_leds_on
 .text.bsp_board_led_invert
                0x00024d40       0x34 _build/nrf52840_xxaa/boards.c.o
                0x00024d40                bsp_board_led_invert
 .text.bsp_board_leds_init
                0x00024d74       0x3c _build/nrf52840_xxaa/boards.c.o
                0x00024d74                bsp_board_leds_init
 .text.bsp_board_button_state_get
                0x00024db0       0x28 _build/nrf52840_xxaa/boards.c.o
                0x00024db0                bsp_board_button_state_get
 .text.bsp_board_pin_to_button_idx
                0x00024dd8       0x24 _build/nrf52840_xxaa/boards.c.o
                0x00024dd8                bsp_board_pin_to_button_idx
 .text.bsp_board_button_idx_to_pin
                0x00024dfc        0xc _build/nrf52840_xxaa/boards.c.o
                0x00024dfc                bsp_board_button_idx_to_pin
 .text.soc_evt_handler
                0x00024e08       0x20 _build/nrf52840_xxaa/nrf_drv_clock.c.o
 .text.sd_state_evt_handler
                0x00024e28       0xc0 _build/nrf52840_xxaa/nrf_drv_clock.c.o
 .text.POWER_CLOCK_IRQHandler
                0x00024ee8       0x78 _build/nrf52840_xxaa/nrf_drv_clock.c.o
                0x00024ee8                POWER_CLOCK_IRQHandler
 .text.nrf_drv_common_irq_enable
                0x00024f60       0x50 _build/nrf52840_xxaa/nrf_drv_common.c.o
                0x00024f60                nrf_drv_common_irq_enable
 .text.nrf_drv_gpiote_init
                0x00024fb0       0x8c _build/nrf52840_xxaa/nrf_drv_gpiote.c.o
                0x00024fb0                nrf_drv_gpiote_init
 .text.nrf_drv_gpiote_is_init
                0x0002503c       0x14 _build/nrf52840_xxaa/nrf_drv_gpiote.c.o
                0x0002503c                nrf_drv_gpiote_is_init
 .text.nrf_drv_gpiote_in_init
                0x00025050      0x1a0 _build/nrf52840_xxaa/nrf_drv_gpiote.c.o
                0x00025050                nrf_drv_gpiote_in_init
 .text.nrf_drv_gpiote_in_event_enable
                0x000251f0       0xf8 _build/nrf52840_xxaa/nrf_drv_gpiote.c.o
                0x000251f0                nrf_drv_gpiote_in_event_enable
 .text.nrf_drv_gpiote_in_is_set
                0x000252e8       0x20 _build/nrf52840_xxaa/nrf_drv_gpiote.c.o
                0x000252e8                nrf_drv_gpiote_in_is_set
 .text.GPIOTE_IRQHandler
                0x00025308      0x5f4 _build/nrf52840_xxaa/nrf_drv_gpiote.c.o
                0x00025308                GPIOTE_IRQHandler
 .text.nrf_drv_uart_init
                0x000258fc      0x26c _build/nrf52840_xxaa/nrf_drv_uart.c.o
                0x000258fc                nrf_drv_uart_init
 .text.nrf_drv_uart_tx
                0x00025b68      0x154 _build/nrf52840_xxaa/nrf_drv_uart.c.o
                0x00025b68                nrf_drv_uart_tx
 .text.nrf_drv_uart_tx_in_progress
                0x00025cbc       0x18 _build/nrf52840_xxaa/nrf_drv_uart.c.o
                0x00025cbc                nrf_drv_uart_tx_in_progress
 .text.nrf_drv_uart_rx
                0x00025cd4      0x234 _build/nrf52840_xxaa/nrf_drv_uart.c.o
                0x00025cd4                nrf_drv_uart_rx
 .text.nrf_drv_uart_rx_enable
                0x00025f08       0x4c _build/nrf52840_xxaa/nrf_drv_uart.c.o
                0x00025f08                nrf_drv_uart_rx_enable
 .text.UARTE0_UART0_IRQHandler
                0x00025f54      0x2f4 _build/nrf52840_xxaa/nrf_drv_uart.c.o
                0x00025f54                UARTE0_UART0_IRQHandler
 .text.alert_timer_handler
                0x00026248        0x8 _build/nrf52840_xxaa/bsp.c.o
 .text.bsp_button_event_handler
                0x00026250       0xa4 _build/nrf52840_xxaa/bsp.c.o
 .text.button_timer_handler
                0x000262f4       0x30 _build/nrf52840_xxaa/bsp.c.o
 .text.leds_timer_handler
                0x00026324      0x2e8 _build/nrf52840_xxaa/bsp.c.o
 .text.bsp_button_is_pressed
                0x0002660c        0x4 _build/nrf52840_xxaa/bsp.c.o
                0x0002660c                bsp_button_is_pressed
 .text.bsp_indication_set
                0x00026610      0x32c _build/nrf52840_xxaa/bsp.c.o
                0x00026610                bsp_indication_set
 .text.bsp_init
                0x0002693c       0xac _build/nrf52840_xxaa/bsp.c.o
                0x0002693c                bsp_init
 .text.bsp_event_to_button_action_assign
                0x000269e8       0x50 _build/nrf52840_xxaa/bsp.c.o
                0x000269e8                bsp_event_to_button_action_assign
 .text.bsp_wakeup_button_enable
                0x00026a38       0x38 _build/nrf52840_xxaa/bsp.c.o
                0x00026a38                bsp_wakeup_button_enable
 .text.ble_evt_handler
                0x00026a70       0xb0 _build/nrf52840_xxaa/bsp_btn_ble.c.o
 .text.bsp_btn_ble_sleep_mode_prepare
                0x00026b20       0x24 _build/nrf52840_xxaa/bsp_btn_ble.c.o
                0x00026b20                bsp_btn_ble_sleep_mode_prepare
 .text.bsp_btn_ble_init
                0x00026b44       0x70 _build/nrf52840_xxaa/bsp_btn_ble.c.o
                0x00026b44                bsp_btn_ble_init
 .text.sd_ble_gap_disconnect
                0x00026bb4        0x4 _build/nrf52840_xxaa/main.c.o
 .text.sd_ble_gap_ppcp_set
                0x00026bb8        0x4 _build/nrf52840_xxaa/main.c.o
 .text.sd_ble_gap_device_name_set
                0x00026bbc        0x4 _build/nrf52840_xxaa/main.c.o
 .text.sd_ble_gap_sec_params_reply
                0x00026bc0        0x4 _build/nrf52840_xxaa/main.c.o
 .text.sd_ble_gap_data_length_update
                0x00026bc4        0x4 _build/nrf52840_xxaa/main.c.o
 .text.sd_ble_gatts_rw_authorize_reply
                0x00026bc8        0x4 _build/nrf52840_xxaa/main.c.o
 .text.sd_ble_gatts_sys_attr_set
                0x00026bcc        0x4 _build/nrf52840_xxaa/main.c.o
 .text.sd_ble_user_mem_reply
                0x00026bd0        0x4 _build/nrf52840_xxaa/main.c.o
 .text.sd_power_system_off
                0x00026bd4        0x4 _build/nrf52840_xxaa/main.c.o
 .text.sd_app_evt_wait
                0x00026bd8        0x4 _build/nrf52840_xxaa/main.c.o
 .text.conn_params_error_handler
                0x00026bdc        0x4 _build/nrf52840_xxaa/main.c.o
 .text.ble_evt_handler
                0x00026be0      0x14c _build/nrf52840_xxaa/main.c.o
 .text.gatt_evt_handler
                0x00026d2c       0x48 _build/nrf52840_xxaa/main.c.o
                0x00026d2c                gatt_evt_handler
 .text.on_conn_params_evt
                0x00026d74       0x24 _build/nrf52840_xxaa/main.c.o
 .text.bsp_event_handler
                0x00026d98       0x70 _build/nrf52840_xxaa/main.c.o
                0x00026d98                bsp_event_handler
 .text.uart_event_handle
                0x00026e08       0x80 _build/nrf52840_xxaa/main.c.o
                0x00026e08                uart_event_handle
 .text.nus_data_handler
                0x00026e88       0x78 _build/nrf52840_xxaa/main.c.o
 .text.on_adv_evt
                0x00026f00       0x3c _build/nrf52840_xxaa/main.c.o
 .text.gatt_init
                0x00026f3c       0x30 _build/nrf52840_xxaa/main.c.o
                0x00026f3c                gatt_init
 .text.startup.main
                0x00026f6c      0x1fc _build/nrf52840_xxaa/main.c.o
                0x00026f6c                main
 .text.SEGGER_RTT_WriteNoLock
                0x00027168      0x188 _build/nrf52840_xxaa/SEGGER_RTT.c.o
                0x00027168                SEGGER_RTT_WriteNoLock
 .text.SEGGER_RTT_Init
                0x000272f0       0x60 _build/nrf52840_xxaa/SEGGER_RTT.c.o
                0x000272f0                SEGGER_RTT_Init
 .text.sd_ble_gap_addr_get
                0x00027350        0x4 _build/nrf52840_xxaa/ble_advdata.c.o
 .text.sd_ble_gap_adv_data_set
                0x00027354        0x4 _build/nrf52840_xxaa/ble_advdata.c.o
 .text.sd_ble_gap_appearance_get
                0x00027358        0x4 _build/nrf52840_xxaa/ble_advdata.c.o
 .text.sd_ble_gap_device_name_get
                0x0002735c        0x4 _build/nrf52840_xxaa/ble_advdata.c.o
 .text.sd_ble_uuid_encode
                0x00027360        0x4 _build/nrf52840_xxaa/ble_advdata.c.o
 .text.uuid_list_sized_encode
                0x00027364       0xe0 _build/nrf52840_xxaa/ble_advdata.c.o
 .text.ble_advdata_encode
                0x00027444      0x3fc _build/nrf52840_xxaa/ble_advdata.c.o
                0x00027444                ble_advdata_encode
 .text.ble_advdata_set
                0x00027840      0x4dc _build/nrf52840_xxaa/ble_advdata.c.o
                0x00027840                ble_advdata_set
 .text.sd_ble_gap_adv_start
                0x00027d1c        0x4 _build/nrf52840_xxaa/ble_advertising.c.o
 .text.sd_ble_gap_adv_stop
                0x00027d20        0x4 _build/nrf52840_xxaa/ble_advertising.c.o
 .text.ble_advertising_start.part.2
                0x00027d24      0x1ec _build/nrf52840_xxaa/ble_advertising.c.o
 .text.ble_advertising_conn_cfg_tag_set
                0x00027f10        0x8 _build/nrf52840_xxaa/ble_advertising.c.o
                0x00027f10                ble_advertising_conn_cfg_tag_set
 .text.ble_advertising_init
                0x00027f18      0x160 _build/nrf52840_xxaa/ble_advertising.c.o
                0x00027f18                ble_advertising_init
 .text.ble_advertising_start
                0x00028078       0x2c _build/nrf52840_xxaa/ble_advertising.c.o
                0x00028078                ble_advertising_start
 .text.ble_advertising_on_ble_evt
                0x000280a4       0x9c _build/nrf52840_xxaa/ble_advertising.c.o
                0x000280a4                ble_advertising_on_ble_evt
 .text.ble_advertising_on_sys_evt
                0x00028140       0x44 _build/nrf52840_xxaa/ble_advertising.c.o
                0x00028140                ble_advertising_on_sys_evt
 .text.ble_advertising_restart_without_whitelist
                0x00028184       0x58 _build/nrf52840_xxaa/ble_advertising.c.o
                0x00028184                ble_advertising_restart_without_whitelist
 .text.sd_ble_gap_conn_param_update
                0x000281dc        0x4 _build/nrf52840_xxaa/ble_conn_params.c.o
 .text.sd_ble_gap_disconnect
                0x000281e0        0x4 _build/nrf52840_xxaa/ble_conn_params.c.o
 .text.sd_ble_gap_ppcp_set
                0x000281e4        0x4 _build/nrf52840_xxaa/ble_conn_params.c.o
 .text.sd_ble_gap_ppcp_get
                0x000281e8        0x4 _build/nrf52840_xxaa/ble_conn_params.c.o
 .text.update_timeout_handler
                0x000281ec       0x80 _build/nrf52840_xxaa/ble_conn_params.c.o
 .text.ble_evt_handler
                0x0002826c      0x1c4 _build/nrf52840_xxaa/ble_conn_params.c.o
 .text.ble_conn_params_init
                0x00028430       0x7c _build/nrf52840_xxaa/ble_conn_params.c.o
                0x00028430                ble_conn_params_init
 .text.ble_evt_handler
                0x000284ac      0x128 _build/nrf52840_xxaa/ble_conn_state.c.o
 .text.ble_srv_is_notification_enabled
                0x000285d4        0x8 _build/nrf52840_xxaa/ble_srv_common.c.o
                0x000285d4                ble_srv_is_notification_enabled
 .text.sd_ble_gap_data_length_update
                0x000285dc        0x4 _build/nrf52840_xxaa/nrf_ble_gatt.c.o
 .text.sd_ble_gattc_exchange_mtu_request
                0x000285e0        0x4 _build/nrf52840_xxaa/nrf_ble_gatt.c.o
 .text.sd_ble_gatts_exchange_mtu_reply
                0x000285e4        0x4 _build/nrf52840_xxaa/nrf_ble_gatt.c.o
 .text.nrf_ble_gatt_init
                0x000285e8       0x30 _build/nrf52840_xxaa/nrf_ble_gatt.c.o
                0x000285e8                nrf_ble_gatt_init
 .text.nrf_ble_gatt_att_mtu_periph_set
                0x00028618       0x18 _build/nrf52840_xxaa/nrf_ble_gatt.c.o
                0x00028618                nrf_ble_gatt_att_mtu_periph_set
 .text.nrf_ble_gatt_on_ble_evt
                0x00028630      0x218 _build/nrf52840_xxaa/nrf_ble_gatt.c.o
                0x00028630                nrf_ble_gatt_on_ble_evt
 .text          0x00028848       0x3c _build/nrf52840_xxaa/gcc_startup_nrf52840.S.o
                0x00028848                Reset_Handler
                0x00028870                NMI_Handler
                0x00028872                HardFault_Handler
                0x00028874                MemoryManagement_Handler
                0x00028876                BusFault_Handler
                0x00028878                UsageFault_Handler
                0x0002887a                SVC_Handler
                0x0002887c                DebugMon_Handler
                0x0002887e                PendSV_Handler
                0x00028880                SysTick_Handler
                0x00028882                TEMP_IRQHandler
                0x00028882                QDEC_IRQHandler
                0x00028882                TIMER3_IRQHandler
                0x00028882                PWM3_IRQHandler
                0x00028882                FPU_IRQHandler
                0x00028882                USBD_IRQHandler
                0x00028882                SPIM0_SPIS0_TWIM0_TWIS0_SPI0_TWI0_IRQHandler
                0x00028882                PDM_IRQHandler
                0x00028882                TIMER4_IRQHandler
                0x00028882                CRYPTOCELL_IRQHandler
                0x00028882                I2S_IRQHandler
                0x00028882                SWI4_EGU4_IRQHandler
                0x00028882                TIMER0_IRQHandler
                0x00028882                RADIO_IRQHandler
                0x00028882                RTC0_IRQHandler
                0x00028882                TIMER1_IRQHandler
                0x00028882                SPIM3_IRQHandler
                0x00028882                PWM2_IRQHandler
                0x00028882                ECB_IRQHandler
                0x00028882                SPIM1_SPIS1_TWIM1_TWIS1_SPI1_TWI1_IRQHandler
                0x00028882                Default_Handler
                0x00028882                SAADC_IRQHandler
                0x00028882                CCM_AAR_IRQHandler
                0x00028882                WDT_IRQHandler
                0x00028882                PWM1_IRQHandler
                0x00028882                SWI5_EGU5_IRQHandler
                0x00028882                RNG_IRQHandler
                0x00028882                RTC2_IRQHandler
                0x00028882                PWM0_IRQHandler
                0x00028882                SWI3_EGU3_IRQHandler
                0x00028882                SWI1_EGU1_IRQHandler
                0x00028882                SPIM2_SPIS2_SPI2_IRQHandler
                0x00028882                NFCT_IRQHandler
                0x00028882                UARTE1_IRQHandler
                0x00028882                MWU_IRQHandler
                0x00028882                TIMER2_IRQHandler
                0x00028882                QSPI_IRQHandler
                0x00028882                COMP_LPCOMP_IRQHandler
 .text.SystemInit
                0x00028884      0x1bc _build/nrf52840_xxaa/system_nrf52840.c.o
                0x00028884                SystemInit
 .text.sd_ble_gatts_service_add
                0x00028a40        0x4 _build/nrf52840_xxaa/ble_nus.c.o
 .text.sd_ble_gatts_characteristic_add
                0x00028a44        0x4 _build/nrf52840_xxaa/ble_nus.c.o
 .text.sd_ble_gatts_hvx
                0x00028a48        0x4 _build/nrf52840_xxaa/ble_nus.c.o
 .text.sd_ble_uuid_vs_add
                0x00028a4c        0x4 _build/nrf52840_xxaa/ble_nus.c.o
 .text.ble_nus_on_ble_evt
                0x00028a50       0xa0 _build/nrf52840_xxaa/ble_nus.c.o
                0x00028a50                ble_nus_on_ble_evt
 .text.ble_nus_init
                0x00028af0      0x1f4 _build/nrf52840_xxaa/ble_nus.c.o
                0x00028af0                ble_nus_init
 .text.ble_nus_string_send
                0x00028ce4       0x54 _build/nrf52840_xxaa/ble_nus.c.o
                0x00028ce4                ble_nus_string_send
 .text.sd_softdevice_enable
                0x00028d38        0x4 _build/nrf52840_xxaa/nrf_sdh.c.o
 .text.sd_softdevice_disable
                0x00028d3c        0x4 _build/nrf52840_xxaa/nrf_sdh.c.o
 .text.nrf_sdh_enable_request
                0x00028d40       0xf8 _build/nrf52840_xxaa/nrf_sdh.c.o
                0x00028d40                nrf_sdh_enable_request
 .text.nrf_sdh_request_continue
                0x00028e38       0xd0 _build/nrf52840_xxaa/nrf_sdh.c.o
                0x00028e38                nrf_sdh_request_continue
 .text.nrf_sdh_is_enabled
                0x00028f08        0xc _build/nrf52840_xxaa/nrf_sdh.c.o
                0x00028f08                nrf_sdh_is_enabled
 .text.SWI2_EGU2_IRQHandler
                0x00028f14       0x2c _build/nrf52840_xxaa/nrf_sdh.c.o
                0x00028f14                SWI2_EGU2_IRQHandler
 .text.sd_ble_enable
                0x00028f40        0x4 _build/nrf52840_xxaa/nrf_sdh_ble.c.o
 .text.sd_ble_cfg_set
                0x00028f44        0x4 _build/nrf52840_xxaa/nrf_sdh_ble.c.o
 .text.sd_ble_evt_get
                0x00028f48        0x4 _build/nrf52840_xxaa/nrf_sdh_ble.c.o
 .text.nrf_sdh_ble_evts_poll
                0x00028f4c       0x50 _build/nrf52840_xxaa/nrf_sdh_ble.c.o
 .text.nrf_sdh_ble_default_cfg_set
                0x00028f9c      0x1a8 _build/nrf52840_xxaa/nrf_sdh_ble.c.o
                0x00028f9c                nrf_sdh_ble_default_cfg_set
 .text.nrf_sdh_ble_enable
                0x00029144       0x74 _build/nrf52840_xxaa/nrf_sdh_ble.c.o
                0x00029144                nrf_sdh_ble_enable
 .text.sd_evt_get
                0x000291b8        0x4 _build/nrf52840_xxaa/nrf_sdh_soc.c.o
 .text.nrf_sdh_soc_evts_poll
                0x000291bc       0x4c _build/nrf52840_xxaa/nrf_sdh_soc.c.o
 .text.exit     0x00029208       0x28 c:/program files (x86)/gnu tools arm embedded/6 2017-q2-update/bin/../lib/gcc/arm-none-eabi/6.3.1/../../../../arm-none-eabi/lib/thumb/v7e-m/fpv4-sp/hard\libc_nano.a(lib_a-exit.o)
                0x00029208                exit
 .text.__libc_init_array
                0x00029230       0x48 c:/program files (x86)/gnu tools arm embedded/6 2017-q2-update/bin/../lib/gcc/arm-none-eabi/6.3.1/../../../../arm-none-eabi/lib/thumb/v7e-m/fpv4-sp/hard\libc_nano.a(lib_a-init.o)
                0x00029230                __libc_init_array
 .text.__locale_ctype_ptr
                0x00029278       0x1c c:/program files (x86)/gnu tools arm embedded/6 2017-q2-update/bin/../lib/gcc/arm-none-eabi/6.3.1/../../../../arm-none-eabi/lib/thumb/v7e-m/fpv4-sp/hard\libc_nano.a(lib_a-locale.o)
                0x00029278                __locale_ctype_ptr
 .text.__ascii_mbtowc
                0x00029294       0x24 c:/program files (x86)/gnu tools arm embedded/6 2017-q2-update/bin/../lib/gcc/arm-none-eabi/6.3.1/../../../../arm-none-eabi/lib/thumb/v7e-m/fpv4-sp/hard\libc_nano.a(lib_a-mbtowc_r.o)
                0x00029294                __ascii_mbtowc
 .text.memcpy   0x000292b8       0x16 c:/program files (x86)/gnu tools arm embedded/6 2017-q2-update/bin/../lib/gcc/arm-none-eabi/6.3.1/../../../../arm-none-eabi/lib/thumb/v7e-m/fpv4-sp/hard\libc_nano.a(lib_a-memcpy-stub.o)
                0x000292b8                memcpy
 .text.memset   0x000292ce       0x10 c:/program files (x86)/gnu tools arm embedded/6 2017-q2-update/bin/../lib/gcc/arm-none-eabi/6.3.1/../../../../arm-none-eabi/lib/thumb/v7e-m/fpv4-sp/hard\libc_nano.a(lib_a-memset.o)
                0x000292ce                memset
 *fill*         0x000292de        0x2 
 .text.printf   0x000292e0       0x30 c:/program files (x86)/gnu tools arm embedded/6 2017-q2-update/bin/../lib/gcc/arm-none-eabi/6.3.1/../../../../arm-none-eabi/lib/thumb/v7e-m/fpv4-sp/hard\libc_nano.a(lib_a-printf.o)
                0x000292e0                iprintf
                0x000292e0                printf
 .text.strcpy   0x00029310       0x10 c:/program files (x86)/gnu tools arm embedded/6 2017-q2-update/bin/../lib/gcc/arm-none-eabi/6.3.1/../../../../arm-none-eabi/lib/thumb/v7e-m/fpv4-sp/hard\libc_nano.a(lib_a-strcpy.o)
                0x00029310                strcpy
 .text          0x00029320       0x10 c:/program files (x86)/gnu tools arm embedded/6 2017-q2-update/bin/../lib/gcc/arm-none-eabi/6.3.1/../../../../arm-none-eabi/lib/thumb/v7e-m/fpv4-sp/hard\libc_nano.a(lib_a-strlen.o)
                0x00029320                strlen
 .text.__ascii_wctomb
                0x00029330       0x1a c:/program files (x86)/gnu tools arm embedded/6 2017-q2-update/bin/../lib/gcc/arm-none-eabi/6.3.1/../../../../arm-none-eabi/lib/thumb/v7e-m/fpv4-sp/hard\libc_nano.a(lib_a-wctomb_r.o)
                0x00029330                __ascii_wctomb
 *fill*         0x0002934a        0x2 
 .text._cleanup_r
                0x0002934c        0xc c:/program files (x86)/gnu tools arm embedded/6 2017-q2-update/bin/../lib/gcc/arm-none-eabi/6.3.1/../../../../arm-none-eabi/lib/thumb/v7e-m/fpv4-sp/hard\libc_nano.a(lib_a-findfp.o)
                0x0002934c                _cleanup_r
 .text.std.isra.0
                0x00029358       0x48 c:/program files (x86)/gnu tools arm embedded/6 2017-q2-update/bin/../lib/gcc/arm-none-eabi/6.3.1/../../../../arm-none-eabi/lib/thumb/v7e-m/fpv4-sp/hard\libc_nano.a(lib_a-findfp.o)
 .text.__sfmoreglue
                0x000293a0       0x2c c:/program files (x86)/gnu tools arm embedded/6 2017-q2-update/bin/../lib/gcc/arm-none-eabi/6.3.1/../../../../arm-none-eabi/lib/thumb/v7e-m/fpv4-sp/hard\libc_nano.a(lib_a-findfp.o)
                0x000293a0                __sfmoreglue
 .text.__sinit  0x000293cc       0x60 c:/program files (x86)/gnu tools arm embedded/6 2017-q2-update/bin/../lib/gcc/arm-none-eabi/6.3.1/../../../../arm-none-eabi/lib/thumb/v7e-m/fpv4-sp/hard\libc_nano.a(lib_a-findfp.o)
                0x000293cc                __sinit
 .text.__sfp    0x0002942c       0x78 c:/program files (x86)/gnu tools arm embedded/6 2017-q2-update/bin/../lib/gcc/arm-none-eabi/6.3.1/../../../../arm-none-eabi/lib/thumb/v7e-m/fpv4-sp/hard\libc_nano.a(lib_a-findfp.o)
                0x0002942c                __sfp
 .text._fwalk_reent
                0x000294a4       0x3c c:/program files (x86)/gnu tools arm embedded/6 2017-q2-update/bin/../lib/gcc/arm-none-eabi/6.3.1/../../../../arm-none-eabi/lib/thumb/v7e-m/fpv4-sp/hard\libc_nano.a(lib_a-fwalk.o)
                0x000294a4                _fwalk_reent
 .text._malloc_r
                0x000294e0       0xbc c:/program files (x86)/gnu tools arm embedded/6 2017-q2-update/bin/../lib/gcc/arm-none-eabi/6.3.1/../../../../arm-none-eabi/lib/thumb/v7e-m/fpv4-sp/hard\libc_nano.a(lib_a-nano-mallocr.o)
                0x000294e0                _malloc_r
 .text.__sfputc_r
                0x0002959c       0x30 c:/program files (x86)/gnu tools arm embedded/6 2017-q2-update/bin/../lib/gcc/arm-none-eabi/6.3.1/../../../../arm-none-eabi/lib/thumb/v7e-m/fpv4-sp/hard\libc_nano.a(lib_a-nano-vfprintf.o)
 .text.__sfputs_r
                0x000295cc       0x24 c:/program files (x86)/gnu tools arm embedded/6 2017-q2-update/bin/../lib/gcc/arm-none-eabi/6.3.1/../../../../arm-none-eabi/lib/thumb/v7e-m/fpv4-sp/hard\libc_nano.a(lib_a-nano-vfprintf.o)
                0x000295cc                __sfputs_r
 .text._vfprintf_r
                0x000295f0      0x22c c:/program files (x86)/gnu tools arm embedded/6 2017-q2-update/bin/../lib/gcc/arm-none-eabi/6.3.1/../../../../arm-none-eabi/lib/thumb/v7e-m/fpv4-sp/hard\libc_nano.a(lib_a-nano-vfprintf.o)
                0x000295f0                _vfprintf_r
                0x000295f0                _vfiprintf_r
 .text._printf_common
                0x0002981c       0xec c:/program files (x86)/gnu tools arm embedded/6 2017-q2-update/bin/../lib/gcc/arm-none-eabi/6.3.1/../../../../arm-none-eabi/lib/thumb/v7e-m/fpv4-sp/hard\libc_nano.a(lib_a-nano-vfprintf_i.o)
                0x0002981c                _printf_common
 .text._printf_i
                0x00029908      0x240 c:/program files (x86)/gnu tools arm embedded/6 2017-q2-update/bin/../lib/gcc/arm-none-eabi/6.3.1/../../../../arm-none-eabi/lib/thumb/v7e-m/fpv4-sp/hard\libc_nano.a(lib_a-nano-vfprintf_i.o)
                0x00029908                _printf_i
 .text._sbrk_r  0x00029b48       0x20 c:/program files (x86)/gnu tools arm embedded/6 2017-q2-update/bin/../lib/gcc/arm-none-eabi/6.3.1/../../../../arm-none-eabi/lib/thumb/v7e-m/fpv4-sp/hard\libc_nano.a(lib_a-sbrkr.o)
                0x00029b48                _sbrk_r
 .text.__sread  0x00029b68       0x22 c:/program files (x86)/gnu tools arm embedded/6 2017-q2-update/bin/../lib/gcc/arm-none-eabi/6.3.1/../../../../arm-none-eabi/lib/thumb/v7e-m/fpv4-sp/hard\libc_nano.a(lib_a-stdio.o)
                0x00029b68                __sread
 .text.__swrite
                0x00029b8a       0x38 c:/program files (x86)/gnu tools arm embedded/6 2017-q2-update/bin/../lib/gcc/arm-none-eabi/6.3.1/../../../../arm-none-eabi/lib/thumb/v7e-m/fpv4-sp/hard\libc_nano.a(lib_a-stdio.o)
                0x00029b8a                __swrite
 .text.__sseek  0x00029bc2       0x24 c:/program files (x86)/gnu tools arm embedded/6 2017-q2-update/bin/../lib/gcc/arm-none-eabi/6.3.1/../../../../arm-none-eabi/lib/thumb/v7e-m/fpv4-sp/hard\libc_nano.a(lib_a-stdio.o)
                0x00029bc2                __sseek
 .text.__sclose
                0x00029be6        0x8 c:/program files (x86)/gnu tools arm embedded/6 2017-q2-update/bin/../lib/gcc/arm-none-eabi/6.3.1/../../../../arm-none-eabi/lib/thumb/v7e-m/fpv4-sp/hard\libc_nano.a(lib_a-stdio.o)
                0x00029be6                __sclose
 *fill*         0x00029bee        0x2 
 .text.__swbuf_r
                0x00029bf0       0xa4 c:/program files (x86)/gnu tools arm embedded/6 2017-q2-update/bin/../lib/gcc/arm-none-eabi/6.3.1/../../../../arm-none-eabi/lib/thumb/v7e-m/fpv4-sp/hard\libc_nano.a(lib_a-wbuf.o)
                0x00029bf0                __swbuf_r
 .text._write_r
                0x00029c94       0x24 c:/program files (x86)/gnu tools arm embedded/6 2017-q2-update/bin/../lib/gcc/arm-none-eabi/6.3.1/../../../../arm-none-eabi/lib/thumb/v7e-m/fpv4-sp/hard\libc_nano.a(lib_a-writer.o)
                0x00029c94                _write_r
 .text.__swsetup_r
                0x00029cb8       0xdc c:/program files (x86)/gnu tools arm embedded/6 2017-q2-update/bin/../lib/gcc/arm-none-eabi/6.3.1/../../../../arm-none-eabi/lib/thumb/v7e-m/fpv4-sp/hard\libc_nano.a(lib_a-wsetup.o)
                0x00029cb8                __swsetup_r
 .text._close_r
                0x00029d94       0x20 c:/program files (x86)/gnu tools arm embedded/6 2017-q2-update/bin/../lib/gcc/arm-none-eabi/6.3.1/../../../../arm-none-eabi/lib/thumb/v7e-m/fpv4-sp/hard\libc_nano.a(lib_a-closer.o)
                0x00029d94                _close_r
 .text.__sflush_r
                0x00029db4      0x110 c:/program files (x86)/gnu tools arm embedded/6 2017-q2-update/bin/../lib/gcc/arm-none-eabi/6.3.1/../../../../arm-none-eabi/lib/thumb/v7e-m/fpv4-sp/hard\libc_nano.a(lib_a-fflush.o)
                0x00029db4                __sflush_r
 .text._fflush_r
                0x00029ec4       0x54 c:/program files (x86)/gnu tools arm embedded/6 2017-q2-update/bin/../lib/gcc/arm-none-eabi/6.3.1/../../../../arm-none-eabi/lib/thumb/v7e-m/fpv4-sp/hard\libc_nano.a(lib_a-fflush.o)
                0x00029ec4                _fflush_r
 .text._lseek_r
                0x00029f18       0x24 c:/program files (x86)/gnu tools arm embedded/6 2017-q2-update/bin/../lib/gcc/arm-none-eabi/6.3.1/../../../../arm-none-eabi/lib/thumb/v7e-m/fpv4-sp/hard\libc_nano.a(lib_a-lseekr.o)
                0x00029f18                _lseek_r
 .text.__swhatbuf_r
                0x00029f3c       0x48 c:/program files (x86)/gnu tools arm embedded/6 2017-q2-update/bin/../lib/gcc/arm-none-eabi/6.3.1/../../../../arm-none-eabi/lib/thumb/v7e-m/fpv4-sp/hard\libc_nano.a(lib_a-makebuf.o)
                0x00029f3c                __swhatbuf_r
 .text.__smakebuf_r
                0x00029f84       0x80 c:/program files (x86)/gnu tools arm embedded/6 2017-q2-update/bin/../lib/gcc/arm-none-eabi/6.3.1/../../../../arm-none-eabi/lib/thumb/v7e-m/fpv4-sp/hard\libc_nano.a(lib_a-makebuf.o)
                0x00029f84                __smakebuf_r
 *fill*         0x0002a004        0xc 
 .text          0x0002a010       0xa0 c:/program files (x86)/gnu tools arm embedded/6 2017-q2-update/bin/../lib/gcc/arm-none-eabi/6.3.1/../../../../arm-none-eabi/lib/thumb/v7e-m/fpv4-sp/hard\libc_nano.a(lib_a-memchr.o)
                0x0002a010                memchr
 .text.__malloc_lock
                0x0002a0b0        0x2 c:/program files (x86)/gnu tools arm embedded/6 2017-q2-update/bin/../lib/gcc/arm-none-eabi/6.3.1/../../../../arm-none-eabi/lib/thumb/v7e-m/fpv4-sp/hard\libc_nano.a(lib_a-mlock.o)
                0x0002a0b0                __malloc_lock
 .text.__malloc_unlock
                0x0002a0b2        0x2 c:/program files (x86)/gnu tools arm embedded/6 2017-q2-update/bin/../lib/gcc/arm-none-eabi/6.3.1/../../../../arm-none-eabi/lib/thumb/v7e-m/fpv4-sp/hard\libc_nano.a(lib_a-mlock.o)
                0x0002a0b2                __malloc_unlock
 .text._free_r  0x0002a0b4       0x9c c:/program files (x86)/gnu tools arm embedded/6 2017-q2-update/bin/../lib/gcc/arm-none-eabi/6.3.1/../../../../arm-none-eabi/lib/thumb/v7e-m/fpv4-sp/hard\libc_nano.a(lib_a-nano-freer.o)
                0x0002a0b4                _free_r
 .text._read_r  0x0002a150       0x24 c:/program files (x86)/gnu tools arm embedded/6 2017-q2-update/bin/../lib/gcc/arm-none-eabi/6.3.1/../../../../arm-none-eabi/lib/thumb/v7e-m/fpv4-sp/hard\libc_nano.a(lib_a-readr.o)
                0x0002a150                _read_r
 .text._fstat_r
                0x0002a174       0x24 c:/program files (x86)/gnu tools arm embedded/6 2017-q2-update/bin/../lib/gcc/arm-none-eabi/6.3.1/../../../../arm-none-eabi/lib/thumb/v7e-m/fpv4-sp/hard\libc_nano.a(lib_a-fstatr.o)
                0x0002a174                _fstat_r
 .text._isatty_r
                0x0002a198       0x20 c:/program files (x86)/gnu tools arm embedded/6 2017-q2-update/bin/../lib/gcc/arm-none-eabi/6.3.1/../../../../arm-none-eabi/lib/thumb/v7e-m/fpv4-sp/hard\libc_nano.a(lib_a-isattyr.o)
                0x0002a198                _isatty_r
 .text._close   0x0002a1b8       0x10 c:/program files (x86)/gnu tools arm embedded/6 2017-q2-update/bin/../lib/gcc/arm-none-eabi/6.3.1/../../../../arm-none-eabi/lib/thumb/v7e-m/fpv4-sp/hard\libnosys.a(close.o)
                0x0002a1b8                _close
 .text._fstat   0x0002a1c8       0x10 c:/program files (x86)/gnu tools arm embedded/6 2017-q2-update/bin/../lib/gcc/arm-none-eabi/6.3.1/../../../../arm-none-eabi/lib/thumb/v7e-m/fpv4-sp/hard\libnosys.a(fstat.o)
                0x0002a1c8                _fstat
 .text._isatty  0x0002a1d8       0x10 c:/program files (x86)/gnu tools arm embedded/6 2017-q2-update/bin/../lib/gcc/arm-none-eabi/6.3.1/../../../../arm-none-eabi/lib/thumb/v7e-m/fpv4-sp/hard\libnosys.a(isatty.o)
                0x0002a1d8                _isatty
 .text._lseek   0x0002a1e8       0x10 c:/program files (x86)/gnu tools arm embedded/6 2017-q2-update/bin/../lib/gcc/arm-none-eabi/6.3.1/../../../../arm-none-eabi/lib/thumb/v7e-m/fpv4-sp/hard\libnosys.a(lseek.o)
                0x0002a1e8                _lseek
 .text._sbrk    0x0002a1f8       0x1c c:/program files (x86)/gnu tools arm embedded/6 2017-q2-update/bin/../lib/gcc/arm-none-eabi/6.3.1/../../../../arm-none-eabi/lib/thumb/v7e-m/fpv4-sp/hard\libnosys.a(sbrk.o)
                0x0002a1f8                _sbrk
 .text._exit    0x0002a214        0x4 c:/program files (x86)/gnu tools arm embedded/6 2017-q2-update/bin/../lib/gcc/arm-none-eabi/6.3.1/../../../../arm-none-eabi/lib/thumb/v7e-m/fpv4-sp/hard\libnosys.a(_exit.o)
                0x0002a214                _exit
 .text          0x0002a218       0x30 c:/program files (x86)/gnu tools arm embedded/6 2017-q2-update/bin/../lib/gcc/arm-none-eabi/6.3.1/thumb/v7e-m/fpv4-sp/hard\libgcc.a(_aeabi_uldivmod.o)
                0x0002a218                __aeabi_uldivmod
 .text          0x0002a248      0x2dc c:/program files (x86)/gnu tools arm embedded/6 2017-q2-update/bin/../lib/gcc/arm-none-eabi/6.3.1/thumb/v7e-m/fpv4-sp/hard\libgcc.a(_udivmoddi4.o)
                0x0002a248                __udivmoddi4
 .text          0x0002a524        0x4 c:/program files (x86)/gnu tools arm embedded/6 2017-q2-update/bin/../lib/gcc/arm-none-eabi/6.3.1/thumb/v7e-m/fpv4-sp/hard\libgcc.a(_dvmd_tls.o)
                0x0002a524                __aeabi_idiv0
                0x0002a524                __aeabi_ldiv0
 *(.init)
 .init          0x0002a528        0x4 c:/program files (x86)/gnu tools arm embedded/6 2017-q2-update/bin/../lib/gcc/arm-none-eabi/6.3.1/thumb/v7e-m/fpv4-sp/hard/crti.o
                0x0002a528                _init
 .init          0x0002a52c        0x8 c:/program files (x86)/gnu tools arm embedded/6 2017-q2-update/bin/../lib/gcc/arm-none-eabi/6.3.1/thumb/v7e-m/fpv4-sp/hard/crtn.o
 *(.fini)
 .fini          0x0002a534        0x4 c:/program files (x86)/gnu tools arm embedded/6 2017-q2-update/bin/../lib/gcc/arm-none-eabi/6.3.1/thumb/v7e-m/fpv4-sp/hard/crti.o
                0x0002a534                _fini
 .fini          0x0002a538        0x8 c:/program files (x86)/gnu tools arm embedded/6 2017-q2-update/bin/../lib/gcc/arm-none-eabi/6.3.1/thumb/v7e-m/fpv4-sp/hard/crtn.o
 *crtbegin.o(.ctors)
 *crtbegin?.o(.ctors)
 *(EXCLUDE_FILE(*crtend.o *crtend?.o) .ctors)
 *(SORT(.ctors.*))
 *(.ctors)
 *crtbegin.o(.dtors)
 *crtbegin?.o(.dtors)
 *(EXCLUDE_FILE(*crtend.o *crtend?.o) .dtors)
 *(SORT(.dtors.*))
 *(.dtors)
 *(.rodata*)
 .rodata.nrf_log_backend_rtt_api
                0x0002a540        0xc _build/nrf52840_xxaa/nrf_log_backend_rtt.c.o
                0x0002a540                nrf_log_backend_rtt_api
 .rodata.mempool
                0x0002a54c       0x14 _build/nrf52840_xxaa/nrf_log_frontend.c.o
 .rodata.str1.4
                0x0002a560        0x4 _build/nrf52840_xxaa/nrf_log_frontend.c.o
 .rodata.m_colors
                0x0002a564       0x24 _build/nrf52840_xxaa/nrf_log_str_formatter.c.o
 .rodata.nrf_log_hexdump_entry_process.str1.4
                0x0002a588       0x13 _build/nrf52840_xxaa/nrf_log_str_formatter.c.o
                                 0x16 (size before relaxing)
 *fill*         0x0002a59b        0x1 
 .rodata.nrf_log_std_entry_process.str1.4
                0x0002a59c       0x1b _build/nrf52840_xxaa/nrf_log_str_formatter.c.o
 *fill*         0x0002a5b7        0x1 
 .rodata.severity_names
                0x0002a5b8       0x14 _build/nrf52840_xxaa/nrf_log_str_formatter.c.o
 .rodata.str1.4
                0x0002a5cc       0x5e _build/nrf52840_xxaa/nrf_log_str_formatter.c.o
 *fill*         0x0002a62a        0x2 
 .rodata.m_detection_delay_timer_id
                0x0002a62c        0x4 _build/nrf52840_xxaa/app_button.c.o
 .rodata.app_error_fault_handler.str1.4
                0x0002a630       0x19 _build/nrf52840_xxaa/app_error_weak.c.o
 *fill*         0x0002a649        0x3 
 .rodata        0x0002a64c       0x20 _build/nrf52840_xxaa/app_uart_fifo.c.o
 .rodata.str1.4
                0x0002a66c        0x7 _build/nrf52840_xxaa/nrf_balloc.c.o
 *fill*         0x0002a673        0x1 
 .rodata._aV2C.8043
                0x0002a674       0x10 _build/nrf52840_xxaa/nrf_fprintf_format.c.o
 .rodata.str1.4
                0x0002a684        0x9 _build/nrf52840_xxaa/nrf_pwr_mgmt.c.o
 *fill*         0x0002a68d        0x3 
 .rodata.m_unknown_str
                0x0002a690       0x13 _build/nrf52840_xxaa/nrf_strerror.c.o
 *fill*         0x0002a6a3        0x1 
 .rodata.nrf_strerror_array
                0x0002a6a4       0xf0 _build/nrf52840_xxaa/nrf_strerror.c.o
 .rodata.str1.4
                0x0002a794      0x308 _build/nrf52840_xxaa/nrf_strerror.c.o
 .rodata.m_board_btn_list
                0x0002aa9c        0x4 _build/nrf52840_xxaa/boards.c.o
 .rodata.m_board_led_list
                0x0002aaa0        0x4 _build/nrf52840_xxaa/boards.c.o
 .rodata.str1.4
                0x0002aaa4        0x6 _build/nrf52840_xxaa/nrf_drv_clock.c.o
 *fill*         0x0002aaaa        0x2 
 .rodata.str1.4
                0x0002aaac        0x7 _build/nrf52840_xxaa/nrf_drv_gpiote.c.o
 *fill*         0x0002aab3        0x1 
 .rodata.str1.4
                0x0002aab4        0x5 _build/nrf52840_xxaa/nrf_drv_uart.c.o
 *fill*         0x0002aab9        0x3 
 .rodata.app_buttons
                0x0002aabc       0x20 _build/nrf52840_xxaa/bsp.c.o
 .rodata.m_alert_timer_id
                0x0002aadc        0x4 _build/nrf52840_xxaa/bsp.c.o
 .rodata.m_button_timer_id
                0x0002aae0        0x4 _build/nrf52840_xxaa/bsp.c.o
 .rodata.m_leds_timer_id
                0x0002aae4        0x4 _build/nrf52840_xxaa/bsp.c.o
 .rodata        0x0002aae8       0x18 _build/nrf52840_xxaa/main.c.o
 .rodata.ble_evt_handler.str1.4
                0x0002ab00       0x19 _build/nrf52840_xxaa/main.c.o
 *fill*         0x0002ab19        0x3 
 .rodata.gatt_evt_handler.str1.4
                0x0002ab1c       0x1c _build/nrf52840_xxaa/main.c.o
 .rodata.main.str1.4
                0x0002ab38       0x28 _build/nrf52840_xxaa/main.c.o
 .rodata.nus_data_handler.str1.4
                0x0002ab60       0x2b _build/nrf52840_xxaa/main.c.o
 *fill*         0x0002ab8b        0x1 
 .rodata.SEGGER_RTT_ReadNoLock.str1.4
                0x0002ab8c       0x17 _build/nrf52840_xxaa/SEGGER_RTT.c.o
 *fill*         0x0002aba3        0x1 
 .rodata.nrf_ble_gatt_on_ble_evt.str1.4
                0x0002aba4      0x130 _build/nrf52840_xxaa/nrf_ble_gatt.c.o
 .rodata.str1.4
                0x0002acd4        0x9 _build/nrf52840_xxaa/nrf_ble_gatt.c.o
 *fill*         0x0002acdd        0x3 
 .rodata        0x0002ace0       0x10 _build/nrf52840_xxaa/ble_nus.c.o
 .rodata        0x0002acf0        0x4 _build/nrf52840_xxaa/nrf_sdh.c.o
 .rodata.sdh_req_observers
                0x0002acf4        0xc _build/nrf52840_xxaa/nrf_sdh.c.o
 .rodata.sdh_stack_observers
                0x0002ad00        0xc _build/nrf52840_xxaa/nrf_sdh.c.o
 .rodata.sdh_state_observers
                0x0002ad0c        0xc _build/nrf52840_xxaa/nrf_sdh.c.o
 .rodata.str1.4
                0x0002ad18        0x8 _build/nrf52840_xxaa/nrf_sdh.c.o
 .rodata.nrf_sdh_ble_default_cfg_set.str1.4
                0x0002ad20      0x1cf _build/nrf52840_xxaa/nrf_sdh_ble.c.o
 *fill*         0x0002aeef        0x1 
 .rodata.nrf_sdh_ble_enable.str1.4
                0x0002aef0       0x71 _build/nrf52840_xxaa/nrf_sdh_ble.c.o
 *fill*         0x0002af61        0x3 
 .rodata.sdh_ble_observers
                0x0002af64        0xc _build/nrf52840_xxaa/nrf_sdh_ble.c.o
 .rodata.str1.4
                0x0002af70        0xc _build/nrf52840_xxaa/nrf_sdh_ble.c.o
 .rodata.sdh_soc_observers
                0x0002af7c        0xc _build/nrf52840_xxaa/nrf_sdh_soc.c.o
 .rodata.str1.4
                0x0002af88        0xc _build/nrf52840_xxaa/nrf_sdh_soc.c.o
 .rodata._global_impure_ptr
                0x0002af94        0x4 c:/program files (x86)/gnu tools arm embedded/6 2017-q2-update/bin/../lib/gcc/arm-none-eabi/6.3.1/../../../../arm-none-eabi/lib/thumb/v7e-m/fpv4-sp/hard\libc_nano.a(lib_a-impure.o)
                0x0002af94                _global_impure_ptr
 .rodata._setlocale_r.str1.1
                0x0002af98        0x8 c:/program files (x86)/gnu tools arm embedded/6 2017-q2-update/bin/../lib/gcc/arm-none-eabi/6.3.1/../../../../arm-none-eabi/lib/thumb/v7e-m/fpv4-sp/hard\libc_nano.a(lib_a-locale.o)
                                  0x9 (size before relaxing)
 .rodata.str1.1
                0x0002afa0        0x2 c:/program files (x86)/gnu tools arm embedded/6 2017-q2-update/bin/../lib/gcc/arm-none-eabi/6.3.1/../../../../arm-none-eabi/lib/thumb/v7e-m/fpv4-sp/hard\libc_nano.a(lib_a-locale.o)
 .rodata._ctype_
                0x0002afa2      0x101 c:/program files (x86)/gnu tools arm embedded/6 2017-q2-update/bin/../lib/gcc/arm-none-eabi/6.3.1/../../../../arm-none-eabi/lib/thumb/v7e-m/fpv4-sp/hard\libc_nano.a(lib_a-ctype_.o)
                0x0002afa2                _ctype_
 *fill*         0x0002b0a3        0x1 
 .rodata.__sf_fake_stderr
                0x0002b0a4       0x20 c:/program files (x86)/gnu tools arm embedded/6 2017-q2-update/bin/../lib/gcc/arm-none-eabi/6.3.1/../../../../arm-none-eabi/lib/thumb/v7e-m/fpv4-sp/hard\libc_nano.a(lib_a-findfp.o)
                0x0002b0a4                __sf_fake_stderr
 .rodata.__sf_fake_stdin
                0x0002b0c4       0x20 c:/program files (x86)/gnu tools arm embedded/6 2017-q2-update/bin/../lib/gcc/arm-none-eabi/6.3.1/../../../../arm-none-eabi/lib/thumb/v7e-m/fpv4-sp/hard\libc_nano.a(lib_a-findfp.o)
                0x0002b0c4                __sf_fake_stdin
 .rodata.__sf_fake_stdout
                0x0002b0e4       0x20 c:/program files (x86)/gnu tools arm embedded/6 2017-q2-update/bin/../lib/gcc/arm-none-eabi/6.3.1/../../../../arm-none-eabi/lib/thumb/v7e-m/fpv4-sp/hard\libc_nano.a(lib_a-findfp.o)
                0x0002b0e4                __sf_fake_stdout
 .rodata._vfprintf_r.str1.1
                0x0002b104       0x11 c:/program files (x86)/gnu tools arm embedded/6 2017-q2-update/bin/../lib/gcc/arm-none-eabi/6.3.1/../../../../arm-none-eabi/lib/thumb/v7e-m/fpv4-sp/hard\libc_nano.a(lib_a-nano-vfprintf.o)
 .rodata._printf_i.str1.1
                0x0002b115       0x22 c:/program files (x86)/gnu tools arm embedded/6 2017-q2-update/bin/../lib/gcc/arm-none-eabi/6.3.1/../../../../arm-none-eabi/lib/thumb/v7e-m/fpv4-sp/hard\libc_nano.a(lib_a-nano-vfprintf_i.o)
 *(.eh_frame*)
 *fill*         0x0002b137        0x1 
 .eh_frame      0x0002b138        0x0 c:/program files (x86)/gnu tools arm embedded/6 2017-q2-update/bin/../lib/gcc/arm-none-eabi/6.3.1/thumb/v7e-m/fpv4-sp/hard/crtbegin.o
 .eh_frame      0x0002b138        0x4 c:/program files (x86)/gnu tools arm embedded/6 2017-q2-update/bin/../lib/gcc/arm-none-eabi/6.3.1/thumb/v7e-m/fpv4-sp/hard/crtend.o

.glue_7         0x0002b13c        0x0
 .glue_7        0x0002b13c        0x0 linker stubs

.glue_7t        0x0002b13c        0x0
 .glue_7t       0x0002b13c        0x0 linker stubs

.vfp11_veneer   0x0002b13c        0x0
 .vfp11_veneer  0x0002b13c        0x0 linker stubs

.v4_bx          0x0002b13c        0x0
 .v4_bx         0x0002b13c        0x0 linker stubs

.iplt           0x0002b13c        0x0
 .iplt          0x0002b13c        0x0 c:/program files (x86)/gnu tools arm embedded/6 2017-q2-update/bin/../lib/gcc/arm-none-eabi/6.3.1/thumb/v7e-m/fpv4-sp/hard/crtbegin.o

.mem_section_dummy_rom

.sdh_soc_observers
                0x0002b13c       0x18
                0x0002b13c                PROVIDE (__start_sdh_soc_observers, .)
 *(SORT(.sdh_soc_observers*))
 .sdh_soc_observers0
                0x0002b13c        0x8 _build/nrf52840_xxaa/nrf_fstorage_sd.c.o
 .sdh_soc_observers0
                0x0002b144        0x8 _build/nrf52840_xxaa/nrf_drv_clock.c.o
 .sdh_soc_observers1
                0x0002b14c        0x8 _build/nrf52840_xxaa/main.c.o
                0x0002b154                PROVIDE (__stop_sdh_soc_observers, .)

.sdh_ble_observers
                0x0002b154       0x38
                0x0002b154                PROVIDE (__start_sdh_ble_observers, .)
 *(SORT(.sdh_ble_observers*))
 .sdh_ble_observers0
                0x0002b154        0x8 _build/nrf52840_xxaa/ble_conn_state.c.o
 .sdh_ble_observers1
                0x0002b15c        0x8 _build/nrf52840_xxaa/bsp_btn_ble.c.o
 .sdh_ble_observers1
                0x0002b164       0x10 _build/nrf52840_xxaa/main.c.o
 .sdh_ble_observers1
                0x0002b174        0x8 _build/nrf52840_xxaa/ble_conn_params.c.o
 .sdh_ble_observers2
                0x0002b17c        0x8 _build/nrf52840_xxaa/main.c.o
 .sdh_ble_observers3
                0x0002b184        0x8 _build/nrf52840_xxaa/main.c.o
                0x0002b18c                PROVIDE (__stop_sdh_ble_observers, .)

.pwr_mgmt_data  0x0002b18c        0x0
                0x0002b18c                PROVIDE (__start_pwr_mgmt_data, .)
 *(SORT(.pwr_mgmt_data*))
                0x0002b18c                PROVIDE (__stop_pwr_mgmt_data, .)

.log_const_data
                0x0002b18c       0x50
                0x0002b18c                PROVIDE (__start_log_const_data, .)
 *(SORT(.log_const_data*))
 .log_const_data_app
                0x0002b18c        0x8 _build/nrf52840_xxaa/nrf_log_frontend.c.o
                0x0002b18c                m_nrf_log_app_logs_data_const
 .log_const_data_balloc
                0x0002b194        0x8 _build/nrf52840_xxaa/nrf_balloc.c.o
                0x0002b194                m_nrf_log_balloc_logs_data_const
 .log_const_data_ble_gatt
                0x0002b19c        0x8 _build/nrf52840_xxaa/nrf_ble_gatt.c.o
                0x0002b19c                m_nrf_log_ble_gatt_logs_data_const
 .log_const_data_clock
                0x0002b1a4        0x8 _build/nrf52840_xxaa/nrf_drv_clock.c.o
                0x0002b1a4                m_nrf_log_clock_logs_data_const
 .log_const_data_gpiote
                0x0002b1ac        0x8 _build/nrf52840_xxaa/nrf_drv_gpiote.c.o
                0x0002b1ac                m_nrf_log_gpiote_logs_data_const
 .log_const_data_nrf_sdh
                0x0002b1b4        0x8 _build/nrf52840_xxaa/nrf_sdh.c.o
                0x0002b1b4                m_nrf_log_nrf_sdh_logs_data_const
 .log_const_data_nrf_sdh_ble
                0x0002b1bc        0x8 _build/nrf52840_xxaa/nrf_sdh_ble.c.o
                0x0002b1bc                m_nrf_log_nrf_sdh_ble_logs_data_const
 .log_const_data_nrf_sdh_soc
                0x0002b1c4        0x8 _build/nrf52840_xxaa/nrf_sdh_soc.c.o
                0x0002b1c4                m_nrf_log_nrf_sdh_soc_logs_data_const
 .log_const_data_pwr_mgmt
                0x0002b1cc        0x8 _build/nrf52840_xxaa/nrf_pwr_mgmt.c.o
                0x0002b1cc                m_nrf_log_pwr_mgmt_logs_data_const
 .log_const_data_uart
                0x0002b1d4        0x8 _build/nrf52840_xxaa/nrf_drv_uart.c.o
                0x0002b1d4                m_nrf_log_uart_logs_data_const
                0x0002b1dc                PROVIDE (__stop_log_const_data, .)

.sdh_req_observers
                0x0002b1dc        0x8
                0x0002b1dc                PROVIDE (__start_sdh_req_observers, .)
 *(SORT(.sdh_req_observers*))
 .sdh_req_observers0
                0x0002b1dc        0x8 _build/nrf52840_xxaa/nrf_fstorage_sd.c.o
                0x0002b1dc                m_req_obs
                0x0002b1e4                PROVIDE (__stop_sdh_req_observers, .)

.sdh_state_observers
                0x0002b1e4       0x10
                0x0002b1e4                PROVIDE (__start_sdh_state_observers, .)
 *(SORT(.sdh_state_observers*))
 .sdh_state_observers0
                0x0002b1e4        0x8 _build/nrf52840_xxaa/nrf_fstorage_sd.c.o
 .sdh_state_observers0
                0x0002b1ec        0x8 _build/nrf52840_xxaa/nrf_drv_clock.c.o
                0x0002b1f4                PROVIDE (__stop_sdh_state_observers, .)

.sdh_stack_observers
                0x0002b1f4       0x10
                0x0002b1f4                PROVIDE (__start_sdh_stack_observers, .)
 *(SORT(.sdh_stack_observers*))
 .sdh_stack_observers0
                0x0002b1f4        0x8 _build/nrf52840_xxaa/nrf_sdh_ble.c.o
 .sdh_stack_observers0
                0x0002b1fc        0x8 _build/nrf52840_xxaa/nrf_sdh_soc.c.o
                0x0002b204                PROVIDE (__stop_sdh_stack_observers, .)

.cli_command    0x0002b204        0x0
                [!provide]                PROVIDE (__start_cli_command, .)
 *(.cli_command)
                [!provide]                PROVIDE (__stop_cli_command, .)

.ARM.extab
 *(.ARM.extab* .gnu.linkonce.armextab.*)
                0x0002b204                __exidx_start = .

.ARM.exidx      0x0002b204        0x8
 *(.ARM.exidx* .gnu.linkonce.armexidx.*)
 .ARM.exidx     0x0002b204        0x8 c:/program files (x86)/gnu tools arm embedded/6 2017-q2-update/bin/../lib/gcc/arm-none-eabi/6.3.1/../../../../arm-none-eabi/lib/thumb/v7e-m/fpv4-sp/hard/crt0.o
 .ARM.exidx     0x0002b20c        0x0 c:/program files (x86)/gnu tools arm embedded/6 2017-q2-update/bin/../lib/gcc/arm-none-eabi/6.3.1/thumb/v7e-m/fpv4-sp/hard\libgcc.a(_udivmoddi4.o)
                                  0x8 (size before relaxing)
                0x0002b20c                __exidx_end = .
                0x0002b20c                __etext = .

.rel.dyn        0x0002b20c        0x0
 .rel.iplt      0x0002b20c        0x0 c:/program files (x86)/gnu tools arm embedded/6 2017-q2-update/bin/../lib/gcc/arm-none-eabi/6.3.1/thumb/v7e-m/fpv4-sp/hard/crtbegin.o

.data           0x20002a18      0x1fc load address 0x0002b20c
                0x20002a18                __data_start__ = .
 *(vtable)
 *(.data*)
 .data.rtt_log_backend
                0x20002a18        0xc _build/nrf52840_xxaa/nrf_log_default_backends.c.o
 .data.app_uart_inst
                0x20002a24        0x8 _build/nrf52840_xxaa/app_uart_fifo.c.o
 .data.m_adv_uuids
                0x20002a2c        0x4 _build/nrf52840_xxaa/main.c.o
 .data.m_ble_nus_max_data_len
                0x20002a30        0x2 _build/nrf52840_xxaa/main.c.o
 .data.m_conn_handle
                0x20002a32        0x2 _build/nrf52840_xxaa/main.c.o
 .data.SystemCoreClock
                0x20002a34        0x4 _build/nrf52840_xxaa/system_nrf52840.c.o
                0x20002a34                SystemCoreClock
 .data._impure_ptr
                0x20002a38        0x4 c:/program files (x86)/gnu tools arm embedded/6 2017-q2-update/bin/../lib/gcc/arm-none-eabi/6.3.1/../../../../arm-none-eabi/lib/thumb/v7e-m/fpv4-sp/hard\libc_nano.a(lib_a-impure.o)
                0x20002a38                _impure_ptr
 .data.impure_data
                0x20002a3c       0x60 c:/program files (x86)/gnu tools arm embedded/6 2017-q2-update/bin/../lib/gcc/arm-none-eabi/6.3.1/../../../../arm-none-eabi/lib/thumb/v7e-m/fpv4-sp/hard\libc_nano.a(lib_a-impure.o)
 .data.__global_locale
                0x20002a9c      0x16c c:/program files (x86)/gnu tools arm embedded/6 2017-q2-update/bin/../lib/gcc/arm-none-eabi/6.3.1/../../../../arm-none-eabi/lib/thumb/v7e-m/fpv4-sp/hard\libc_nano.a(lib_a-locale.o)
                0x20002a9c                __global_locale
                0x20002c08                . = ALIGN (0x4)
                0x20002c08                PROVIDE (__preinit_array_start, .)
 *(.preinit_array)
                0x20002c08                PROVIDE (__preinit_array_end, .)
                0x20002c08                . = ALIGN (0x4)
                0x20002c08                PROVIDE (__init_array_start, .)
 *(SORT(.init_array.*))
 *(.init_array)
 .init_array    0x20002c08        0x4 c:/program files (x86)/gnu tools arm embedded/6 2017-q2-update/bin/../lib/gcc/arm-none-eabi/6.3.1/thumb/v7e-m/fpv4-sp/hard/crtbegin.o
                0x20002c0c                PROVIDE (__init_array_end, .)
                0x20002c0c                . = ALIGN (0x4)
                [!provide]                PROVIDE (__fini_array_start, .)
 *(SORT(.fini_array.*))
 *(.fini_array)
 .fini_array    0x20002c0c        0x4 c:/program files (x86)/gnu tools arm embedded/6 2017-q2-update/bin/../lib/gcc/arm-none-eabi/6.3.1/thumb/v7e-m/fpv4-sp/hard/crtbegin.o
                [!provide]                PROVIDE (__fini_array_end, .)
 *(.jcr*)
 .jcr           0x20002c10        0x0 c:/program files (x86)/gnu tools arm embedded/6 2017-q2-update/bin/../lib/gcc/arm-none-eabi/6.3.1/thumb/v7e-m/fpv4-sp/hard/crtbegin.o
 .jcr           0x20002c10        0x4 c:/program files (x86)/gnu tools arm embedded/6 2017-q2-update/bin/../lib/gcc/arm-none-eabi/6.3.1/thumb/v7e-m/fpv4-sp/hard/crtend.o
                0x20002c14                . = ALIGN (0x4)
                0x20002c14                __data_end__ = .
LOAD c:/program files (x86)/gnu tools arm embedded/6 2017-q2-update/bin/../lib/gcc/arm-none-eabi/6.3.1/thumb/v7e-m/fpv4-sp/hard/crti.o
LOAD c:/program files (x86)/gnu tools arm embedded/6 2017-q2-update/bin/../lib/gcc/arm-none-eabi/6.3.1/thumb/v7e-m/fpv4-sp/hard/crtbegin.o
LOAD c:/program files (x86)/gnu tools arm embedded/6 2017-q2-update/bin/../lib/gcc/arm-none-eabi/6.3.1/../../../../arm-none-eabi/lib/thumb/v7e-m/fpv4-sp/hard/crt0.o
LOAD _build/nrf52840_xxaa/nrf_log_backend_rtt.c.o
LOAD _build/nrf52840_xxaa/nrf_log_backend_serial.c.o
LOAD _build/nrf52840_xxaa/nrf_log_default_backends.c.o
LOAD _build/nrf52840_xxaa/nrf_log_frontend.c.o
LOAD _build/nrf52840_xxaa/nrf_log_str_formatter.c.o
LOAD _build/nrf52840_xxaa/app_button.c.o
LOAD _build/nrf52840_xxaa/app_error.c.o
LOAD _build/nrf52840_xxaa/app_error_weak.c.o
LOAD _build/nrf52840_xxaa/app_fifo.c.o
LOAD _build/nrf52840_xxaa/app_scheduler.c.o
LOAD _build/nrf52840_xxaa/app_timer.c.o
LOAD _build/nrf52840_xxaa/app_uart_fifo.c.o
LOAD _build/nrf52840_xxaa/app_util_platform.c.o
LOAD _build/nrf52840_xxaa/hardfault_implementation.c.o
LOAD _build/nrf52840_xxaa/nrf_assert.c.o
LOAD _build/nrf52840_xxaa/nrf_atfifo.c.o
LOAD _build/nrf52840_xxaa/nrf_balloc.c.o
LOAD _build/nrf52840_xxaa/nrf_fprintf.c.o
LOAD _build/nrf52840_xxaa/nrf_fprintf_format.c.o
LOAD _build/nrf52840_xxaa/nrf_fstorage.c.o
LOAD _build/nrf52840_xxaa/nrf_fstorage_sd.c.o
LOAD _build/nrf52840_xxaa/nrf_memobj.c.o
LOAD _build/nrf52840_xxaa/nrf_pwr_mgmt.c.o
LOAD _build/nrf52840_xxaa/nrf_section_iter.c.o
LOAD _build/nrf52840_xxaa/nrf_strerror.c.o
LOAD _build/nrf52840_xxaa/retarget.c.o
LOAD _build/nrf52840_xxaa/sdk_mapped_flags.c.o
LOAD _build/nrf52840_xxaa/boards.c.o
LOAD _build/nrf52840_xxaa/nrf_drv_clock.c.o
LOAD _build/nrf52840_xxaa/nrf_drv_common.c.o
LOAD _build/nrf52840_xxaa/nrf_drv_gpiote.c.o
LOAD _build/nrf52840_xxaa/nrf_drv_uart.c.o
LOAD _build/nrf52840_xxaa/bsp.c.o
LOAD _build/nrf52840_xxaa/bsp_btn_ble.c.o
LOAD _build/nrf52840_xxaa/bsp_nfc.c.o
LOAD _build/nrf52840_xxaa/main.c.o
LOAD _build/nrf52840_xxaa/SEGGER_RTT.c.o
LOAD _build/nrf52840_xxaa/SEGGER_RTT_Syscalls_GCC.c.o
LOAD _build/nrf52840_xxaa/SEGGER_RTT_printf.c.o
LOAD _build/nrf52840_xxaa/ble_advdata.c.o
LOAD _build/nrf52840_xxaa/ble_advertising.c.o
LOAD _build/nrf52840_xxaa/ble_conn_params.c.o
LOAD _build/nrf52840_xxaa/ble_conn_state.c.o
LOAD _build/nrf52840_xxaa/ble_srv_common.c.o
LOAD _build/nrf52840_xxaa/nrf_ble_gatt.c.o
LOAD _build/nrf52840_xxaa/gcc_startup_nrf52840.S.o
LOAD _build/nrf52840_xxaa/system_nrf52840.c.o
LOAD _build/nrf52840_xxaa/ble_nus.c.o
LOAD _build/nrf52840_xxaa/nrf_sdh.c.o
LOAD _build/nrf52840_xxaa/nrf_sdh_ble.c.o
LOAD _build/nrf52840_xxaa/nrf_sdh_soc.c.o
LOAD c:/program files (x86)/gnu tools arm embedded/6 2017-q2-update/bin/../lib/gcc/arm-none-eabi/6.3.1/../../../../arm-none-eabi/lib/thumb/v7e-m/fpv4-sp/hard\libc_nano.a
LOAD c:/program files (x86)/gnu tools arm embedded/6 2017-q2-update/bin/../lib/gcc/arm-none-eabi/6.3.1/../../../../arm-none-eabi/lib/thumb/v7e-m/fpv4-sp/hard\libnosys.a
LOAD c:/program files (x86)/gnu tools arm embedded/6 2017-q2-update/bin/../lib/gcc/arm-none-eabi/6.3.1/../../../../arm-none-eabi/lib/thumb/v7e-m/fpv4-sp/hard\libm.a
START GROUP
LOAD c:/program files (x86)/gnu tools arm embedded/6 2017-q2-update/bin/../lib/gcc/arm-none-eabi/6.3.1/thumb/v7e-m/fpv4-sp/hard\libgcc.a
LOAD c:/program files (x86)/gnu tools arm embedded/6 2017-q2-update/bin/../lib/gcc/arm-none-eabi/6.3.1/../../../../arm-none-eabi/lib/thumb/v7e-m/fpv4-sp/hard\libg_nano.a
LOAD c:/program files (x86)/gnu tools arm embedded/6 2017-q2-update/bin/../lib/gcc/arm-none-eabi/6.3.1/../../../../arm-none-eabi/lib/thumb/v7e-m/fpv4-sp/hard\libc_nano.a
END GROUP
START GROUP
LOAD c:/program files (x86)/gnu tools arm embedded/6 2017-q2-update/bin/../lib/gcc/arm-none-eabi/6.3.1/thumb/v7e-m/fpv4-sp/hard\libgcc.a
LOAD c:/program files (x86)/gnu tools arm embedded/6 2017-q2-update/bin/../lib/gcc/arm-none-eabi/6.3.1/../../../../arm-none-eabi/lib/thumb/v7e-m/fpv4-sp/hard\libc_nano.a
END GROUP
LOAD c:/program files (x86)/gnu tools arm embedded/6 2017-q2-update/bin/../lib/gcc/arm-none-eabi/6.3.1/thumb/v7e-m/fpv4-sp/hard/crtend.o
LOAD c:/program files (x86)/gnu tools arm embedded/6 2017-q2-update/bin/../lib/gcc/arm-none-eabi/6.3.1/thumb/v7e-m/fpv4-sp/hard/crtn.o
START GROUP
LOAD c:/program files (x86)/gnu tools arm embedded/6 2017-q2-update/bin/../lib/gcc/arm-none-eabi/6.3.1/thumb/v7e-m/fpv4-sp/hard\libgcc.a
LOAD c:/program files (x86)/gnu tools arm embedded/6 2017-q2-update/bin/../lib/gcc/arm-none-eabi/6.3.1/../../../../arm-none-eabi/lib/thumb/v7e-m/fpv4-sp/hard\libc.a
LOAD c:/program files (x86)/gnu tools arm embedded/6 2017-q2-update/bin/../lib/gcc/arm-none-eabi/6.3.1/../../../../arm-none-eabi/lib/thumb/v7e-m/fpv4-sp/hard\libnosys.a
END GROUP

.igot.plt       0x20002c14        0x0 load address 0x0002b408
 .igot.plt      0x20002c14        0x0 c:/program files (x86)/gnu tools arm embedded/6 2017-q2-update/bin/../lib/gcc/arm-none-eabi/6.3.1/thumb/v7e-m/fpv4-sp/hard/crtbegin.o
                0x20002c14                . = ALIGN (0x4)

.mem_section_dummy_ram

.log_dynamic_data
                0x20002c14       0x78 load address 0x0002b408
                0x20002c14                PROVIDE (__start_log_dynamic_data, .)
 *(SORT(.log_dynamic_data*))
 .log_dynamic_data_app
                0x20002c14        0xc _build/nrf52840_xxaa/nrf_log_frontend.c.o
                0x20002c14                m_nrf_log_app_logs_data_dynamic
 .log_dynamic_data_balloc
                0x20002c20        0xc _build/nrf52840_xxaa/nrf_balloc.c.o
                0x20002c20                m_nrf_log_balloc_logs_data_dynamic
 .log_dynamic_data_ble_gatt
                0x20002c2c        0xc _build/nrf52840_xxaa/nrf_ble_gatt.c.o
                0x20002c2c                m_nrf_log_ble_gatt_logs_data_dynamic
 .log_dynamic_data_clock
                0x20002c38        0xc _build/nrf52840_xxaa/nrf_drv_clock.c.o
                0x20002c38                m_nrf_log_clock_logs_data_dynamic
 .log_dynamic_data_gpiote
                0x20002c44        0xc _build/nrf52840_xxaa/nrf_drv_gpiote.c.o
                0x20002c44                m_nrf_log_gpiote_logs_data_dynamic
 .log_dynamic_data_nrf_sdh
                0x20002c50        0xc _build/nrf52840_xxaa/nrf_sdh.c.o
                0x20002c50                m_nrf_log_nrf_sdh_logs_data_dynamic
 .log_dynamic_data_nrf_sdh_ble
                0x20002c5c        0xc _build/nrf52840_xxaa/nrf_sdh_ble.c.o
                0x20002c5c                m_nrf_log_nrf_sdh_ble_logs_data_dynamic
 .log_dynamic_data_nrf_sdh_soc
                0x20002c68        0xc _build/nrf52840_xxaa/nrf_sdh_soc.c.o
                0x20002c68                m_nrf_log_nrf_sdh_soc_logs_data_dynamic
 .log_dynamic_data_pwr_mgmt
                0x20002c74        0xc _build/nrf52840_xxaa/nrf_pwr_mgmt.c.o
                0x20002c74                m_nrf_log_pwr_mgmt_logs_data_dynamic
 .log_dynamic_data_uart
                0x20002c80        0xc _build/nrf52840_xxaa/nrf_drv_uart.c.o
                0x20002c80                m_nrf_log_uart_logs_data_dynamic
                [!provide]                PROVIDE (__stop_log_dynamic_data, .)

.fs_data        0x20002c8c        0x0
                0x20002c8c                PROVIDE (__start_fs_data, .)
 *(.fs_data)
                0x20002c8c                PROVIDE (__stop_fs_data, .)

.cli_sorted_cmd_ptrs
                0x20002c8c        0x0
                [!provide]                PROVIDE (__start_cli_sorted_cmd_ptrs, .)
 *(.cli_sorted_cmd_ptrs)
                [!provide]                PROVIDE (__stop_cli_sorted_cmd_ptrs, .)

.bss            0x20002c8c      0xfe0 load address 0x0002b480
                0x20002c8c                . = ALIGN (0x4)
                0x20002c8c                __bss_start__ = .
 *(.bss*)
 .bss           0x20002c8c       0x1c c:/program files (x86)/gnu tools arm embedded/6 2017-q2-update/bin/../lib/gcc/arm-none-eabi/6.3.1/thumb/v7e-m/fpv4-sp/hard/crtbegin.o
 .bss.m_string_buff
                0x20002ca8       0x40 _build/nrf52840_xxaa/nrf_log_backend_rtt.c.o
 .bss.m_log_data
                0x20002ce8      0x420 _build/nrf52840_xxaa/nrf_log_frontend.c.o
 .bss.mempool_nrf_balloc_cb
                0x20003108        0x8 _build/nrf52840_xxaa/nrf_log_frontend.c.o
 .bss.mempool_nrf_balloc_pool_mem
                0x20003110       0xc0 _build/nrf52840_xxaa/nrf_log_frontend.c.o
 .bss.mempool_nrf_balloc_pool_stack
                0x200031d0        0x8 _build/nrf52840_xxaa/nrf_log_frontend.c.o
 .bss.m_button_count
                0x200031d8        0x1 _build/nrf52840_xxaa/app_button.c.o
 *fill*         0x200031d9        0x3 
 .bss.m_detection_delay
                0x200031dc        0x4 _build/nrf52840_xxaa/app_button.c.o
 .bss.m_detection_delay_timer_id_data
                0x200031e0       0x20 _build/nrf52840_xxaa/app_button.c.o
 .bss.m_pin_state
                0x20003200        0x4 _build/nrf52840_xxaa/app_button.c.o
 .bss.m_pin_transition
                0x20003204        0x4 _build/nrf52840_xxaa/app_button.c.o
 .bss.mp_buttons
                0x20003208        0x4 _build/nrf52840_xxaa/app_button.c.o
 .bss.m_op_queue
                0x2000320c      0x10c _build/nrf52840_xxaa/app_timer.c.o
 .bss.m_rtc1_reset
                0x20003318        0x1 _build/nrf52840_xxaa/app_timer.c.o
 .bss.m_rtc1_running
                0x20003319        0x1 _build/nrf52840_xxaa/app_timer.c.o
 *fill*         0x2000331a        0x2 
 .bss.m_ticks_elapsed
                0x2000331c        0x8 _build/nrf52840_xxaa/app_timer.c.o
 .bss.m_ticks_elapsed_q_read_ind
                0x20003324        0x1 _build/nrf52840_xxaa/app_timer.c.o
 .bss.m_ticks_elapsed_q_write_ind
                0x20003325        0x1 _build/nrf52840_xxaa/app_timer.c.o
 *fill*         0x20003326        0x2 
 .bss.m_ticks_latest
                0x20003328        0x4 _build/nrf52840_xxaa/app_timer.c.o
 .bss.mp_timer_id_head
                0x2000332c        0x4 _build/nrf52840_xxaa/app_timer.c.o
 .bss.m_event_handler
                0x20003330        0x4 _build/nrf52840_xxaa/app_uart_fifo.c.o
 .bss.m_rx_fifo
                0x20003334       0x10 _build/nrf52840_xxaa/app_uart_fifo.c.o
 .bss.m_rx_ovf  0x20003344        0x1 _build/nrf52840_xxaa/app_uart_fifo.c.o
 *fill*         0x20003345        0x3 
 .bss.m_tx_fifo
                0x20003348       0x10 _build/nrf52840_xxaa/app_uart_fifo.c.o
 .bss.rx_buffer
                0x20003358        0x1 _build/nrf52840_xxaa/app_uart_fifo.c.o
 *fill*         0x20003359        0x3 
 .bss.tx_buffer
                0x2000335c        0x1 _build/nrf52840_xxaa/app_uart_fifo.c.o
 *fill*         0x2000335d        0x3 
 .bss.m_fifo_inst
                0x20003360       0x10 _build/nrf52840_xxaa/nrf_fstorage_sd.c.o
 .bss.m_flags   0x20003370       0x14 _build/nrf52840_xxaa/nrf_fstorage_sd.c.o
 .bss.m_iget_ctx
                0x20003384        0x4 _build/nrf52840_xxaa/nrf_fstorage_sd.c.o
 .bss.m_p_cur_op
                0x20003388        0x4 _build/nrf52840_xxaa/nrf_fstorage_sd.c.o
 .bss.m_clock_cb
                0x2000338c       0x14 _build/nrf52840_xxaa/nrf_drv_clock.c.o
 .bss.m_cb      0x200033a0       0x68 _build/nrf52840_xxaa/nrf_drv_gpiote.c.o
 .bss.m_cb      0x20003408       0x20 _build/nrf52840_xxaa/nrf_drv_uart.c.o
 .bss.current_long_push_pin_no.8636
                0x20003428        0x1 _build/nrf52840_xxaa/bsp.c.o
 .bss.m_alert_on
                0x20003429        0x1 _build/nrf52840_xxaa/bsp.c.o
 *fill*         0x2000342a        0x2 
 .bss.m_alert_timer_id_data
                0x2000342c       0x20 _build/nrf52840_xxaa/bsp.c.o
 .bss.m_button_timer_id_data
                0x2000344c       0x20 _build/nrf52840_xxaa/bsp.c.o
 .bss.m_events_list
                0x2000346c        0xc _build/nrf52840_xxaa/bsp.c.o
 .bss.m_indication_type
                0x20003478        0x4 _build/nrf52840_xxaa/bsp.c.o
 .bss.m_leds_clear
                0x2000347c        0x1 _build/nrf52840_xxaa/bsp.c.o
 *fill*         0x2000347d        0x3 
 .bss.m_leds_timer_id_data
                0x20003480       0x20 _build/nrf52840_xxaa/bsp.c.o
 .bss.m_registered_callback
                0x200034a0        0x4 _build/nrf52840_xxaa/bsp.c.o
 .bss.m_stable_state
                0x200034a4        0x1 _build/nrf52840_xxaa/bsp.c.o
 *fill*         0x200034a5        0x3 
 .bss.release_event_at_push.8637
                0x200034a8        0x4 _build/nrf52840_xxaa/bsp.c.o
 .bss.m_error_handler
                0x200034ac        0x4 _build/nrf52840_xxaa/bsp_btn_ble.c.o
 .bss.m_num_connections
                0x200034b0        0x4 _build/nrf52840_xxaa/bsp_btn_ble.c.o
 .bss.data_array.11599
                0x200034b4       0xf4 _build/nrf52840_xxaa/main.c.o
 .bss.index.11600
                0x200035a8        0x1 _build/nrf52840_xxaa/main.c.o
 *fill*         0x200035a9        0x3 
 .bss.m_advertising
                0x200035ac       0xd8 _build/nrf52840_xxaa/main.c.o
 .bss.m_gatt    0x20003684       0x14 _build/nrf52840_xxaa/main.c.o
 .bss.m_nus     0x20003698       0x1c _build/nrf52840_xxaa/main.c.o
 .bss.rx_buf.11617
                0x200036b4      0x100 _build/nrf52840_xxaa/main.c.o
 .bss.tx_buf.11618
                0x200037b4      0x100 _build/nrf52840_xxaa/main.c.o
 .bss._acDownBuffer
                0x200038b4       0x10 _build/nrf52840_xxaa/SEGGER_RTT.c.o
 .bss._acUpBuffer
                0x200038c4      0x200 _build/nrf52840_xxaa/SEGGER_RTT.c.o
 .bss.m_conn_params_config
                0x20003ac4       0x1c _build/nrf52840_xxaa/ble_conn_params.c.o
 .bss.m_conn_params_instances
                0x20003ae0       0x14 _build/nrf52840_xxaa/ble_conn_params.c.o
 .bss.m_preferred_conn_params
                0x20003af4        0x8 _build/nrf52840_xxaa/ble_conn_params.c.o
 .bss.m_timer_data
                0x20003afc       0x20 _build/nrf52840_xxaa/ble_conn_params.c.o
 .bss.m_bcs     0x20003b1c       0xb8 _build/nrf52840_xxaa/ble_conn_state.c.o
 .bss.m_nrf_sdh_continue
                0x20003bd4        0x1 _build/nrf52840_xxaa/nrf_sdh.c.o
 .bss.m_nrf_sdh_enabled
                0x20003bd5        0x1 _build/nrf52840_xxaa/nrf_sdh.c.o
 .bss.m_nrf_sdh_suspended
                0x20003bd6        0x1 _build/nrf52840_xxaa/nrf_sdh.c.o
 *fill*         0x20003bd7        0x1 
 .bss.__malloc_free_list
                0x20003bd8        0x4 c:/program files (x86)/gnu tools arm embedded/6 2017-q2-update/bin/../lib/gcc/arm-none-eabi/6.3.1/../../../../arm-none-eabi/lib/thumb/v7e-m/fpv4-sp/hard\libc_nano.a(lib_a-nano-mallocr.o)
                0x20003bd8                __malloc_free_list
 .bss.__malloc_sbrk_start
                0x20003bdc        0x4 c:/program files (x86)/gnu tools arm embedded/6 2017-q2-update/bin/../lib/gcc/arm-none-eabi/6.3.1/../../../../arm-none-eabi/lib/thumb/v7e-m/fpv4-sp/hard\libc_nano.a(lib_a-nano-mallocr.o)
                0x20003bdc                __malloc_sbrk_start
 .bss.heap_end.5239
                0x20003be0        0x4 c:/program files (x86)/gnu tools arm embedded/6 2017-q2-update/bin/../lib/gcc/arm-none-eabi/6.3.1/../../../../arm-none-eabi/lib/thumb/v7e-m/fpv4-sp/hard\libnosys.a(sbrk.o)
 *(COMMON)
 COMMON         0x20003be4        0xc _build/nrf52840_xxaa/app_util_platform.c.o
                0x20003be4                nrf_nvic_state
 COMMON         0x20003bf0       0x78 _build/nrf52840_xxaa/SEGGER_RTT.c.o
                0x20003bf0                _SEGGER_RTT
 COMMON         0x20003c68        0x4 c:/program files (x86)/gnu tools arm embedded/6 2017-q2-update/bin/../lib/gcc/arm-none-eabi/6.3.1/../../../../arm-none-eabi/lib/thumb/v7e-m/fpv4-sp/hard\libc_nano.a(lib_a-reent.o)
                0x20003c68                errno
                0x20003c6c                . = ALIGN (0x4)
                0x20003c6c                __bss_end__ = .

.heap           0x20003c70     0x2000
                0x20003c70                __HeapBase = .
                0x20003c70                __end__ = .
                0x20003c70                PROVIDE (end, .)
 *(.heap*)
 .heap          0x20003c70     0x2000 _build/nrf52840_xxaa/gcc_startup_nrf52840.S.o
                0x20005c70                __HeapLimit = .

.stack_dummy    0x20003c70     0x2000
 *(.stack*)
 .stack         0x20003c70     0x2000 _build/nrf52840_xxaa/gcc_startup_nrf52840.S.o
                0x20040000                __StackTop = (ORIGIN (RAM) + LENGTH (RAM))
                0x2003e000                __StackLimit = (__StackTop - SIZEOF (.stack_dummy))
                0x20040000                PROVIDE (__stack, __StackTop)
                0x00000001                ASSERT ((__StackLimit >= __HeapLimit), region RAM overflowed with stack)
                0x00000274                DataInitFlashUsed = (__bss_start__ - __data_start__)
                0x0000920c                CodeFlashUsed = (__etext - ORIGIN (FLASH))
                0x00009480                TotalFlashUsed = (CodeFlashUsed + DataInitFlashUsed)
                0x00000001                ASSERT ((TotalFlashUsed <= LENGTH (FLASH)), region FLASH overflowed with .data and user data)
OUTPUT(_build/nrf52840_xxaa.out elf32-littlearm)

.ARM.attributes
                0x00000000       0x30
 .ARM.attributes
                0x00000000       0x22 c:/program files (x86)/gnu tools arm embedded/6 2017-q2-update/bin/../lib/gcc/arm-none-eabi/6.3.1/thumb/v7e-m/fpv4-sp/hard/crti.o
 .ARM.attributes
                0x00000022       0x34 c:/program files (x86)/gnu tools arm embedded/6 2017-q2-update/bin/../lib/gcc/arm-none-eabi/6.3.1/thumb/v7e-m/fpv4-sp/hard/crtbegin.o
 .ARM.attributes
                0x00000056       0x20 c:/program files (x86)/gnu tools arm embedded/6 2017-q2-update/bin/../lib/gcc/arm-none-eabi/6.3.1/../../../../arm-none-eabi/lib/thumb/v7e-m/fpv4-sp/hard/crt0.o
 .ARM.attributes
                0x00000076       0x39 _build/nrf52840_xxaa/nrf_log_backend_rtt.c.o
 .ARM.attributes
                0x000000af       0x39 _build/nrf52840_xxaa/nrf_log_backend_serial.c.o
 .ARM.attributes
                0x000000e8       0x39 _build/nrf52840_xxaa/nrf_log_default_backends.c.o
 .ARM.attributes
                0x00000121       0x39 _build/nrf52840_xxaa/nrf_log_frontend.c.o
 .ARM.attributes
                0x0000015a       0x39 _build/nrf52840_xxaa/nrf_log_str_formatter.c.o
 .ARM.attributes
                0x00000193       0x39 _build/nrf52840_xxaa/app_button.c.o
 .ARM.attributes
                0x000001cc       0x39 _build/nrf52840_xxaa/app_error.c.o
 .ARM.attributes
                0x00000205       0x39 _build/nrf52840_xxaa/app_error_weak.c.o
 .ARM.attributes
                0x0000023e       0x39 _build/nrf52840_xxaa/app_fifo.c.o
 .ARM.attributes
                0x00000277       0x39 _build/nrf52840_xxaa/app_timer.c.o
 .ARM.attributes
                0x000002b0       0x39 _build/nrf52840_xxaa/app_uart_fifo.c.o
 .ARM.attributes
                0x000002e9       0x39 _build/nrf52840_xxaa/app_util_platform.c.o
 .ARM.attributes
                0x00000322       0x39 _build/nrf52840_xxaa/nrf_atfifo.c.o
 .ARM.attributes
                0x0000035b       0x39 _build/nrf52840_xxaa/nrf_balloc.c.o
 .ARM.attributes
                0x00000394       0x39 _build/nrf52840_xxaa/nrf_fprintf.c.o
 .ARM.attributes
                0x000003cd       0x39 _build/nrf52840_xxaa/nrf_fprintf_format.c.o
 .ARM.attributes
                0x00000406       0x39 _build/nrf52840_xxaa/nrf_fstorage.c.o
 .ARM.attributes
                0x0000043f       0x39 _build/nrf52840_xxaa/nrf_fstorage_sd.c.o
 .ARM.attributes
                0x00000478       0x39 _build/nrf52840_xxaa/nrf_memobj.c.o
 .ARM.attributes
                0x000004b1       0x39 _build/nrf52840_xxaa/nrf_pwr_mgmt.c.o
 .ARM.attributes
                0x000004ea       0x39 _build/nrf52840_xxaa/nrf_section_iter.c.o
 .ARM.attributes
                0x00000523       0x39 _build/nrf52840_xxaa/nrf_strerror.c.o
 .ARM.attributes
                0x0000055c       0x39 _build/nrf52840_xxaa/retarget.c.o
 .ARM.attributes
                0x00000595       0x39 _build/nrf52840_xxaa/sdk_mapped_flags.c.o
 .ARM.attributes
                0x000005ce       0x39 _build/nrf52840_xxaa/boards.c.o
 .ARM.attributes
                0x00000607       0x39 _build/nrf52840_xxaa/nrf_drv_clock.c.o
 .ARM.attributes
                0x00000640       0x39 _build/nrf52840_xxaa/nrf_drv_common.c.o
 .ARM.attributes
                0x00000679       0x39 _build/nrf52840_xxaa/nrf_drv_gpiote.c.o
 .ARM.attributes
                0x000006b2       0x39 _build/nrf52840_xxaa/nrf_drv_uart.c.o
 .ARM.attributes
                0x000006eb       0x39 _build/nrf52840_xxaa/bsp.c.o
 .ARM.attributes
                0x00000724       0x39 _build/nrf52840_xxaa/bsp_btn_ble.c.o
 .ARM.attributes
                0x0000075d       0x39 _build/nrf52840_xxaa/main.c.o
 .ARM.attributes
                0x00000796       0x39 _build/nrf52840_xxaa/SEGGER_RTT.c.o
 .ARM.attributes
                0x000007cf       0x39 _build/nrf52840_xxaa/ble_advdata.c.o
 .ARM.attributes
                0x00000808       0x39 _build/nrf52840_xxaa/ble_advertising.c.o
 .ARM.attributes
                0x00000841       0x39 _build/nrf52840_xxaa/ble_conn_params.c.o
 .ARM.attributes
                0x0000087a       0x39 _build/nrf52840_xxaa/ble_conn_state.c.o
 .ARM.attributes
                0x000008b3       0x39 _build/nrf52840_xxaa/ble_srv_common.c.o
 .ARM.attributes
                0x000008ec       0x39 _build/nrf52840_xxaa/nrf_ble_gatt.c.o
 .ARM.attributes
                0x00000925       0x20 _build/nrf52840_xxaa/gcc_startup_nrf52840.S.o
 .ARM.attributes
                0x00000945       0x39 _build/nrf52840_xxaa/system_nrf52840.c.o
 .ARM.attributes
                0x0000097e       0x39 _build/nrf52840_xxaa/ble_nus.c.o
 .ARM.attributes
                0x000009b7       0x39 _build/nrf52840_xxaa/nrf_sdh.c.o
 .ARM.attributes
                0x000009f0       0x39 _build/nrf52840_xxaa/nrf_sdh_ble.c.o
 .ARM.attributes
                0x00000a29       0x39 _build/nrf52840_xxaa/nrf_sdh_soc.c.o
 .ARM.attributes
                0x00000a62       0x34 c:/program files (x86)/gnu tools arm embedded/6 2017-q2-update/bin/../lib/gcc/arm-none-eabi/6.3.1/../../../../arm-none-eabi/lib/thumb/v7e-m/fpv4-sp/hard\libc_nano.a(lib_a-exit.o)
 .ARM.attributes
                0x00000a96       0x34 c:/program files (x86)/gnu tools arm embedded/6 2017-q2-update/bin/../lib/gcc/arm-none-eabi/6.3.1/../../../../arm-none-eabi/lib/thumb/v7e-m/fpv4-sp/hard\libc_nano.a(lib_a-impure.o)
 .ARM.attributes
                0x00000aca       0x34 c:/program files (x86)/gnu tools arm embedded/6 2017-q2-update/bin/../lib/gcc/arm-none-eabi/6.3.1/../../../../arm-none-eabi/lib/thumb/v7e-m/fpv4-sp/hard\libc_nano.a(lib_a-init.o)
 .ARM.attributes
                0x00000afe       0x34 c:/program files (x86)/gnu tools arm embedded/6 2017-q2-update/bin/../lib/gcc/arm-none-eabi/6.3.1/../../../../arm-none-eabi/lib/thumb/v7e-m/fpv4-sp/hard\libc_nano.a(lib_a-locale.o)
 .ARM.attributes
                0x00000b32       0x34 c:/program files (x86)/gnu tools arm embedded/6 2017-q2-update/bin/../lib/gcc/arm-none-eabi/6.3.1/../../../../arm-none-eabi/lib/thumb/v7e-m/fpv4-sp/hard\libc_nano.a(lib_a-mbtowc_r.o)
 .ARM.attributes
                0x00000b66       0x34 c:/program files (x86)/gnu tools arm embedded/6 2017-q2-update/bin/../lib/gcc/arm-none-eabi/6.3.1/../../../../arm-none-eabi/lib/thumb/v7e-m/fpv4-sp/hard\libc_nano.a(lib_a-memcpy-stub.o)
 .ARM.attributes
                0x00000b9a       0x34 c:/program files (x86)/gnu tools arm embedded/6 2017-q2-update/bin/../lib/gcc/arm-none-eabi/6.3.1/../../../../arm-none-eabi/lib/thumb/v7e-m/fpv4-sp/hard\libc_nano.a(lib_a-memset.o)
 .ARM.attributes
                0x00000bce       0x34 c:/program files (x86)/gnu tools arm embedded/6 2017-q2-update/bin/../lib/gcc/arm-none-eabi/6.3.1/../../../../arm-none-eabi/lib/thumb/v7e-m/fpv4-sp/hard\libc_nano.a(lib_a-printf.o)
 .ARM.attributes
                0x00000c02       0x34 c:/program files (x86)/gnu tools arm embedded/6 2017-q2-update/bin/../lib/gcc/arm-none-eabi/6.3.1/../../../../arm-none-eabi/lib/thumb/v7e-m/fpv4-sp/hard\libc_nano.a(lib_a-strcpy.o)
 .ARM.attributes
                0x00000c36       0x1b c:/program files (x86)/gnu tools arm embedded/6 2017-q2-update/bin/../lib/gcc/arm-none-eabi/6.3.1/../../../../arm-none-eabi/lib/thumb/v7e-m/fpv4-sp/hard\libc_nano.a(lib_a-strlen.o)
 .ARM.attributes
                0x00000c51       0x34 c:/program files (x86)/gnu tools arm embedded/6 2017-q2-update/bin/../lib/gcc/arm-none-eabi/6.3.1/../../../../arm-none-eabi/lib/thumb/v7e-m/fpv4-sp/hard\libc_nano.a(lib_a-wctomb_r.o)
 .ARM.attributes
                0x00000c85       0x34 c:/program files (x86)/gnu tools arm embedded/6 2017-q2-update/bin/../lib/gcc/arm-none-eabi/6.3.1/../../../../arm-none-eabi/lib/thumb/v7e-m/fpv4-sp/hard\libc_nano.a(lib_a-ctype_.o)
 .ARM.attributes
                0x00000cb9       0x34 c:/program files (x86)/gnu tools arm embedded/6 2017-q2-update/bin/../lib/gcc/arm-none-eabi/6.3.1/../../../../arm-none-eabi/lib/thumb/v7e-m/fpv4-sp/hard\libc_nano.a(lib_a-findfp.o)
 .ARM.attributes
                0x00000ced       0x34 c:/program files (x86)/gnu tools arm embedded/6 2017-q2-update/bin/../lib/gcc/arm-none-eabi/6.3.1/../../../../arm-none-eabi/lib/thumb/v7e-m/fpv4-sp/hard\libc_nano.a(lib_a-fwalk.o)
 .ARM.attributes
                0x00000d21       0x34 c:/program files (x86)/gnu tools arm embedded/6 2017-q2-update/bin/../lib/gcc/arm-none-eabi/6.3.1/../../../../arm-none-eabi/lib/thumb/v7e-m/fpv4-sp/hard\libc_nano.a(lib_a-nano-mallocr.o)
 .ARM.attributes
                0x00000d55       0x34 c:/program files (x86)/gnu tools arm embedded/6 2017-q2-update/bin/../lib/gcc/arm-none-eabi/6.3.1/../../../../arm-none-eabi/lib/thumb/v7e-m/fpv4-sp/hard\libc_nano.a(lib_a-nano-vfprintf.o)
 .ARM.attributes
                0x00000d89       0x34 c:/program files (x86)/gnu tools arm embedded/6 2017-q2-update/bin/../lib/gcc/arm-none-eabi/6.3.1/../../../../arm-none-eabi/lib/thumb/v7e-m/fpv4-sp/hard\libc_nano.a(lib_a-nano-vfprintf_i.o)
 .ARM.attributes
                0x00000dbd       0x34 c:/program files (x86)/gnu tools arm embedded/6 2017-q2-update/bin/../lib/gcc/arm-none-eabi/6.3.1/../../../../arm-none-eabi/lib/thumb/v7e-m/fpv4-sp/hard\libc_nano.a(lib_a-sbrkr.o)
 .ARM.attributes
                0x00000df1       0x34 c:/program files (x86)/gnu tools arm embedded/6 2017-q2-update/bin/../lib/gcc/arm-none-eabi/6.3.1/../../../../arm-none-eabi/lib/thumb/v7e-m/fpv4-sp/hard\libc_nano.a(lib_a-stdio.o)
 .ARM.attributes
                0x00000e25       0x34 c:/program files (x86)/gnu tools arm embedded/6 2017-q2-update/bin/../lib/gcc/arm-none-eabi/6.3.1/../../../../arm-none-eabi/lib/thumb/v7e-m/fpv4-sp/hard\libc_nano.a(lib_a-wbuf.o)
 .ARM.attributes
                0x00000e59       0x34 c:/program files (x86)/gnu tools arm embedded/6 2017-q2-update/bin/../lib/gcc/arm-none-eabi/6.3.1/../../../../arm-none-eabi/lib/thumb/v7e-m/fpv4-sp/hard\libc_nano.a(lib_a-writer.o)
 .ARM.attributes
                0x00000e8d       0x34 c:/program files (x86)/gnu tools arm embedded/6 2017-q2-update/bin/../lib/gcc/arm-none-eabi/6.3.1/../../../../arm-none-eabi/lib/thumb/v7e-m/fpv4-sp/hard\libc_nano.a(lib_a-wsetup.o)
 .ARM.attributes
                0x00000ec1       0x34 c:/program files (x86)/gnu tools arm embedded/6 2017-q2-update/bin/../lib/gcc/arm-none-eabi/6.3.1/../../../../arm-none-eabi/lib/thumb/v7e-m/fpv4-sp/hard\libc_nano.a(lib_a-closer.o)
 .ARM.attributes
                0x00000ef5       0x34 c:/program files (x86)/gnu tools arm embedded/6 2017-q2-update/bin/../lib/gcc/arm-none-eabi/6.3.1/../../../../arm-none-eabi/lib/thumb/v7e-m/fpv4-sp/hard\libc_nano.a(lib_a-fflush.o)
 .ARM.attributes
                0x00000f29       0x34 c:/program files (x86)/gnu tools arm embedded/6 2017-q2-update/bin/../lib/gcc/arm-none-eabi/6.3.1/../../../../arm-none-eabi/lib/thumb/v7e-m/fpv4-sp/hard\libc_nano.a(lib_a-lseekr.o)
 .ARM.attributes
                0x00000f5d       0x34 c:/program files (x86)/gnu tools arm embedded/6 2017-q2-update/bin/../lib/gcc/arm-none-eabi/6.3.1/../../../../arm-none-eabi/lib/thumb/v7e-m/fpv4-sp/hard\libc_nano.a(lib_a-makebuf.o)
 .ARM.attributes
                0x00000f91       0x20 c:/program files (x86)/gnu tools arm embedded/6 2017-q2-update/bin/../lib/gcc/arm-none-eabi/6.3.1/../../../../arm-none-eabi/lib/thumb/v7e-m/fpv4-sp/hard\libc_nano.a(lib_a-memchr.o)
 .ARM.attributes
                0x00000fb1       0x34 c:/program files (x86)/gnu tools arm embedded/6 2017-q2-update/bin/../lib/gcc/arm-none-eabi/6.3.1/../../../../arm-none-eabi/lib/thumb/v7e-m/fpv4-sp/hard\libc_nano.a(lib_a-mlock.o)
 .ARM.attributes
                0x00000fe5       0x34 c:/program files (x86)/gnu tools arm embedded/6 2017-q2-update/bin/../lib/gcc/arm-none-eabi/6.3.1/../../../../arm-none-eabi/lib/thumb/v7e-m/fpv4-sp/hard\libc_nano.a(lib_a-nano-freer.o)
 .ARM.attributes
                0x00001019       0x34 c:/program files (x86)/gnu tools arm embedded/6 2017-q2-update/bin/../lib/gcc/arm-none-eabi/6.3.1/../../../../arm-none-eabi/lib/thumb/v7e-m/fpv4-sp/hard\libc_nano.a(lib_a-readr.o)
 .ARM.attributes
                0x0000104d       0x34 c:/program files (x86)/gnu tools arm embedded/6 2017-q2-update/bin/../lib/gcc/arm-none-eabi/6.3.1/../../../../arm-none-eabi/lib/thumb/v7e-m/fpv4-sp/hard\libc_nano.a(lib_a-reent.o)
 .ARM.attributes
                0x00001081       0x34 c:/program files (x86)/gnu tools arm embedded/6 2017-q2-update/bin/../lib/gcc/arm-none-eabi/6.3.1/../../../../arm-none-eabi/lib/thumb/v7e-m/fpv4-sp/hard\libc_nano.a(lib_a-fstatr.o)
 .ARM.attributes
                0x000010b5       0x34 c:/program files (x86)/gnu tools arm embedded/6 2017-q2-update/bin/../lib/gcc/arm-none-eabi/6.3.1/../../../../arm-none-eabi/lib/thumb/v7e-m/fpv4-sp/hard\libc_nano.a(lib_a-isattyr.o)
 .ARM.attributes
                0x000010e9       0x34 c:/program files (x86)/gnu tools arm embedded/6 2017-q2-update/bin/../lib/gcc/arm-none-eabi/6.3.1/../../../../arm-none-eabi/lib/thumb/v7e-m/fpv4-sp/hard\libnosys.a(close.o)
 .ARM.attributes
                0x0000111d       0x34 c:/program files (x86)/gnu tools arm embedded/6 2017-q2-update/bin/../lib/gcc/arm-none-eabi/6.3.1/../../../../arm-none-eabi/lib/thumb/v7e-m/fpv4-sp/hard\libnosys.a(fstat.o)
 .ARM.attributes
                0x00001151       0x34 c:/program files (x86)/gnu tools arm embedded/6 2017-q2-update/bin/../lib/gcc/arm-none-eabi/6.3.1/../../../../arm-none-eabi/lib/thumb/v7e-m/fpv4-sp/hard\libnosys.a(isatty.o)
 .ARM.attributes