Component: ARM Compiler 5.06 update 5 (build 528) Tool: armlink [4d35e2]

==============================================================================

Section Cross References

    main.o(i.bsp_configuration) refers to bsp.o(i.bsp_init) for bsp_init
    main.o(i.bsp_configuration) refers to app_error.o(i.app_error_handler_bare) for app_error_handler_bare
    main.o(i.bsp_configuration) refers to main.o(i.bsp_evt_handler) for bsp_evt_handler
    main.o(i.bsp_evt_handler) refers to bsp.o(i.bsp_indication_set) for bsp_indication_set
    main.o(i.bsp_evt_handler) refers to nrf_log_frontend.o(i.nrf_log_frontend_std_1) for nrf_log_frontend_std_1
    main.o(i.bsp_evt_handler) refers to app_error.o(i.app_error_handler_bare) for app_error_handler_bare
    main.o(i.bsp_evt_handler) refers to main.o(.data) for .data
    main.o(i.bsp_evt_handler) refers to nrf_log_frontend.o(log_dynamic_data) for m_nrf_log_app_logs_data_dynamic
    main.o(i.main) refers to main.o(i.clock_initialization) for clock_initialization
    main.o(i.main) refers to app_timer.o(i.app_timer_init) for app_timer_init
    main.o(i.main) refers to app_error.o(i.app_error_handler_bare) for app_error_handler_bare
    main.o(i.main) refers to nrf_log_frontend.o(i.nrf_log_init) for nrf_log_init
    main.o(i.main) refers to nrf_log_default_backends.o(i.nrf_log_default_backends_init) for nrf_log_default_backends_init
    main.o(i.main) refers to nrf_log_frontend.o(i.nrf_log_frontend_std_0) for nrf_log_frontend_std_0
    main.o(i.main) refers to main.o(i.bsp_configuration) for bsp_configuration
    main.o(i.main) refers to nrf_log_frontend.o(i.nrf_log_frontend_dequeue) for nrf_log_frontend_dequeue
    main.o(i.main) refers to nrf_log_frontend.o(log_dynamic_data) for m_nrf_log_app_logs_data_dynamic
    main.o(.data) refers to main.o(.conststring) for .conststring
    boards.o(i.bsp_board_button_idx_to_pin) refers to boards.o(.constdata) for .constdata
    boards.o(i.bsp_board_button_state_get) refers to boards.o(i.nrf_gpio_pin_port_decode) for nrf_gpio_pin_port_decode
    boards.o(i.bsp_board_button_state_get) refers to boards.o(.constdata) for .constdata
    boards.o(i.bsp_board_buttons_init) refers to boards.o(i.nrf_gpio_cfg) for nrf_gpio_cfg
    boards.o(i.bsp_board_buttons_init) refers to boards.o(.constdata) for .constdata
    boards.o(i.bsp_board_led_idx_to_pin) refers to boards.o(.constdata) for .constdata
    boards.o(i.bsp_board_led_invert) refers to boards.o(i.nrf_gpio_pin_port_decode) for nrf_gpio_pin_port_decode
    boards.o(i.bsp_board_led_invert) refers to boards.o(.constdata) for .constdata
    boards.o(i.bsp_board_led_off) refers to boards.o(i.nrf_gpio_pin_write) for nrf_gpio_pin_write
    boards.o(i.bsp_board_led_off) refers to boards.o(.constdata) for .constdata
    boards.o(i.bsp_board_led_on) refers to boards.o(i.nrf_gpio_pin_write) for nrf_gpio_pin_write
    boards.o(i.bsp_board_led_on) refers to boards.o(.constdata) for .constdata
    boards.o(i.bsp_board_led_state_get) refers to boards.o(i.nrf_gpio_pin_port_decode) for nrf_gpio_pin_port_decode
    boards.o(i.bsp_board_led_state_get) refers to boards.o(.constdata) for .constdata
    boards.o(i.bsp_board_leds_init) refers to boards.o(i.nrf_gpio_cfg) for nrf_gpio_cfg
    boards.o(i.bsp_board_leds_init) refers to boards.o(i.bsp_board_leds_off) for bsp_board_leds_off
    boards.o(i.bsp_board_leds_init) refers to boards.o(.constdata) for .constdata
    boards.o(i.bsp_board_leds_off) refers to boards.o(i.bsp_board_led_off) for bsp_board_led_off
    boards.o(i.bsp_board_leds_on) refers to boards.o(i.bsp_board_led_on) for bsp_board_led_on
    boards.o(i.bsp_board_pin_to_button_idx) refers to boards.o(.constdata) for .constdata
    boards.o(i.bsp_board_pin_to_led_idx) refers to boards.o(.constdata) for .constdata
    boards.o(i.nrf_gpio_cfg) refers to boards.o(i.nrf_gpio_pin_port_decode) for nrf_gpio_pin_port_decode
    boards.o(i.nrf_gpio_pin_write) refers to boards.o(i.nrf_gpio_pin_port_decode) for nrf_gpio_pin_port_decode
    bsp.o(i.alert_timer_handler) refers to boards.o(i.bsp_board_led_invert) for bsp_board_led_invert
    bsp.o(i.bsp_button_event_handler) refers to boards.o(i.bsp_board_pin_to_button_idx) for bsp_board_pin_to_button_idx
    bsp.o(i.bsp_button_event_handler) refers to app_timer.o(i.app_timer_start) for app_timer_start
    bsp.o(i.bsp_button_event_handler) refers to app_timer.o(i.app_timer_stop) for app_timer_stop
    bsp.o(i.bsp_button_event_handler) refers to bsp.o(.constdata) for .constdata
    bsp.o(i.bsp_button_event_handler) refers to bsp.o(.data) for .data
    bsp.o(i.bsp_button_event_handler) refers to bsp.o(.bss) for .bss
    bsp.o(i.bsp_button_is_pressed) refers to boards.o(i.bsp_board_button_state_get) for bsp_board_button_state_get
    bsp.o(i.bsp_buttons_disable) refers to app_button.o(i.app_button_disable) for app_button_disable
    bsp.o(i.bsp_buttons_enable) refers to app_button.o(i.app_button_enable) for app_button_enable
[...]
    ..\\..\\..\\..\\..\\..\\components\\libraries\\bsp\\bsp_nfc.c 0x00000000   Number         0  bsp_nfc.o ABSOLUTE
    ..\\..\\..\\..\\..\\..\\components\\libraries\\button\\app_button.c 0x00000000   Number         0  app_button.o ABSOLUTE
    ..\\..\\..\\..\\..\\..\\components\\libraries\\experimental_log\\src\\nrf_log_backend_rtt.c 0x00000000   Number         0  nrf_log_backend_rtt.o ABSOLUTE
    ..\\..\\..\\..\\..\\..\\components\\libraries\\experimental_log\\src\\nrf_log_backend_serial.c 0x00000000   Number         0  nrf_log_backend_serial.o ABSOLUTE
    ..\\..\\..\\..\\..\\..\\components\\libraries\\experimental_log\\src\\nrf_log_backend_uart.c 0x00000000   Number         0  nrf_log_backend_uart.o ABSOLUTE
    ..\\..\\..\\..\\..\\..\\components\\libraries\\experimental_log\\src\\nrf_log_default_backends.c 0x00000000   Number         0  nrf_log_default_backends.o ABSOLUTE
    ..\\..\\..\\..\\..\\..\\components\\libraries\\experimental_log\\src\\nrf_log_frontend.c 0x00000000   Number         0  nrf_log_frontend.o ABSOLUTE
    ..\\..\\..\\..\\..\\..\\components\\libraries\\experimental_log\\src\\nrf_log_str_formatter.c 0x00000000   Number         0  nrf_log_str_formatter.o ABSOLUTE
    ..\\..\\..\\..\\..\\..\\components\\libraries\\experimental_memobj\\nrf_memobj.c 0x00000000   Number         0  nrf_memobj.o ABSOLUTE
    ..\\..\\..\\..\\..\\..\\components\\libraries\\fifo\\app_fifo.c 0x00000000   Number         0  app_fifo.o ABSOLUTE
    ..\\..\\..\\..\\..\\..\\components\\libraries\\scheduler\\app_scheduler.c 0x00000000   Number         0  app_scheduler.o ABSOLUTE
    ..\\..\\..\\..\\..\\..\\components\\libraries\\strerror\\nrf_strerror.c 0x00000000   Number         0  nrf_strerror.o ABSOLUTE
    ..\\..\\..\\..\\..\\..\\components\\libraries\\timer\\app_timer.c 0x00000000   Number         0  app_timer.o ABSOLUTE
    ..\\..\\..\\..\\..\\..\\components\\libraries\\uart\\app_uart_fifo.c 0x00000000   Number         0  app_uart_fifo.o ABSOLUTE
    ..\\..\\..\\..\\..\\..\\components\\libraries\\uart\\retarget.c 0x00000000   Number         0  retarget.o ABSOLUTE
    ..\\..\\..\\..\\..\\..\\components\\libraries\\util\\app_error.c 0x00000000   Number         0  app_error.o ABSOLUTE
    ..\\..\\..\\..\\..\\..\\components\\libraries\\util\\app_error_weak.c 0x00000000   Number         0  app_error_weak.o ABSOLUTE
    ..\\..\\..\\..\\..\\..\\components\\libraries\\util\\app_util_platform.c 0x00000000   Number         0  app_util_platform.o ABSOLUTE
    ..\\..\\..\\..\\..\\..\\components\\libraries\\util\\nrf_assert.c 0x00000000   Number         0  nrf_assert.o ABSOLUTE
    ..\\..\\..\\..\\..\\..\\external\\fprintf\\nrf_fprintf.c 0x00000000   Number         0  nrf_fprintf.o ABSOLUTE
    ..\\..\\..\\..\\..\\..\\external\\fprintf\\nrf_fprintf_format.c 0x00000000   Number         0  nrf_fprintf_format.o ABSOLUTE
    ..\\..\\..\\..\\..\\..\\external\\segger_rtt\\SEGGER_RTT.c 0x00000000   Number         0  segger_rtt.o ABSOLUTE
    ..\\..\\..\\..\\..\\..\\external\\segger_rtt\\SEGGER_RTT_printf.c 0x00000000   Number         0  segger_rtt_printf.o ABSOLUTE
    ..\\..\\..\\main.c                       0x00000000   Number         0  main.o ABSOLUTE
    RTE\Device\nRF52840_xxAA\arm_startup_nrf52840.s 0x00000000   Number         0  arm_startup_nrf52840.o ABSOLUTE
    RTE\Device\nRF52840_xxAA\system_nrf52840.c 0x00000000   Number         0  system_nrf52840.o ABSOLUTE
    RTE\\Device\\nRF52840_xxAA\\system_nrf52840.c 0x00000000   Number         0  system_nrf52840.o ABSOLUTE
    dc.s                                     0x00000000   Number         0  dc.o ABSOLUTE
    handlers.s                               0x00000000   Number         0  handlers.o ABSOLUTE
    init.s                                   0x00000000   Number         0  init.o ABSOLUTE
    .ARM.Collect$$$$00000000                 0x00000200   Section        0  entry.o(.ARM.Collect$$$$00000000)
    .ARM.Collect$$$$00000001                 0x00000200   Section        4  entry2.o(.ARM.Collect$$$$00000001)
    .ARM.Collect$$$$00000004                 0x00000204   Section        4  entry5.o(.ARM.Collect$$$$00000004)
    .ARM.Collect$$$$00000008                 0x00000208   Section        0  entry7b.o(.ARM.Collect$$$$00000008)
    .ARM.Collect$$$$0000000A                 0x00000208   Section        0  entry8b.o(.ARM.Collect$$$$0000000A)
    .ARM.Collect$$$$0000000B                 0x00000208   Section        8  entry9a.o(.ARM.Collect$$$$0000000B)
    .ARM.Collect$$$$0000000D                 0x00000210   Section        0  entry10a.o(.ARM.Collect$$$$0000000D)
    .ARM.Collect$$$$0000000F                 0x00000210   Section        0  entry11a.o(.ARM.Collect$$$$0000000F)
    .ARM.Collect$$$$00002712                 0x00000210   Section        4  entry2.o(.ARM.Collect$$$$00002712)
    __lit__00000000                          0x00000210   Data           4  entry2.o(.ARM.Collect$$$$00002712)
    .emb_text                                0x00000214   Section      154  nrf_memobj.o(.emb_text)
    $v0                                      0x00000214   Number         0  nrf_memobj.o(.emb_text)
    .emb_text                                0x000002b0   Section      154  nrf_log_frontend.o(.emb_text)
    $v0                                      0x000002b0   Number         0  nrf_log_frontend.o(.emb_text)
    .text                                    0x0000034c   Section       36  arm_startup_nrf52840.o(.text)
    $v0                                      0x0000034c   Number         0  arm_startup_nrf52840.o(.text)
    .text                                    0x00000370   Section        0  uldiv.o(.text)
    .text                                    0x000003d4   Section        0  ctype_o.o(.text)
    .text                                    0x000003dc   Section        0  memcpya.o(.text)
    .text                                    0x00000400   Section        0  memseta.o(.text)
    .text                                    0x00000424   Section        0  strlen.o(.text)
    .text                                    0x00000432   Section        0  llshl.o(.text)
    .text                                    0x00000450   Section        0  llushr.o(.text)
    .text                                    0x00000470   Section       36  init.o(.text)
    .text                                    0x00000494   Section        0  __dczerorl.o(.text)
    i.GPIOTE_IRQHandler                      0x000004d0   Section        0  nrf_drv_gpiote.o(i.GPIOTE_IRQHandler)
    i.NVIC_ClearPendingIRQ                   0x00000694   Section        0  app_timer.o(i.NVIC_ClearPendingIRQ)
    NVIC_ClearPendingIRQ                     0x00000695   Thumb Code    22  app_timer.o(i.NVIC_ClearPendingIRQ)
    i.NVIC_EnableIRQ                         0x000006aa   Section        0  app_timer.o(i.NVIC_EnableIRQ)
    NVIC_EnableIRQ                           0x000006ab   Thumb Code    22  app_timer.o(i.NVIC_EnableIRQ)
    i.NVIC_SetPendingIRQ                     0x000006c0   Section        0  app_timer.o(i.NVIC_SetPendingIRQ)
    NVIC_SetPendingIRQ                       0x000006c1   Thumb Code    22  app_timer.o(i.NVIC_SetPendingIRQ)
    i.NVIC_SetPriority                       0x000006d6   Section        0  app_timer.o(i.NVIC_SetPriority)
    NVIC_SetPriority                         0x000006d7   Thumb Code    32  app_timer.o(i.NVIC_SetPriority)
    i.RTC1_IRQHandler                        0x000006f8   Section        0  app_timer.o(i.RTC1_IRQHandler)
    i.SWI0_EGU0_IRQHandler                   0x0000071c   Section        0  app_timer.o(i.SWI0_EGU0_IRQHandler)
    i.SystemInit                             0x00000720   Section        0  system_nrf52840.o(i.SystemInit)
    i.UARTE0_UART0_IRQHandler                0x00000928   Section        0  nrf_drv_uart.o(i.UARTE0_UART0_IRQHandler)
    i.__scatterload_copy                     0x00000944   Section       14  handlers.o(i.__scatterload_copy)
    i.__scatterload_null                     0x00000952   Section        2  handlers.o(i.__scatterload_null)
    i.__scatterload_zeroinit                 0x00000954   Section       14  handlers.o(i.__scatterload_zeroinit)
    i.alert_timer_handler                    0x00000962   Section        0  bsp.o(i.alert_timer_handler)
    alert_timer_handler                      0x00000963   Thumb Code     6  bsp.o(i.alert_timer_handler)
    i.app_button_enable                      0x00000968   Section        0  app_button.o(i.app_button_enable)
    i.app_button_init                        0x0000098c   Section        0  app_button.o(i.app_button_init)
    i.app_error_fault_handler                0x000009fc   Section        0  app_error_weak.o(i.app_error_fault_handler)
    i.app_error_handler_bare                 0x00000a74   Section        0  app_error.o(i.app_error_handler_bare)
    i.app_timer_create                       0x00000a8c   Section        0  app_timer.o(i.app_timer_create)
    i.app_timer_init                         0x00000ab0   Section        0  app_timer.o(i.app_timer_init)
    i.app_timer_start                        0x00000b04   Section        0  app_timer.o(i.app_timer_start)
    i.app_timer_stop                         0x00000b84   Section        0  app_timer.o(i.app_timer_stop)
    i.app_util_critical_region_enter         0x00000ba4   Section        0  app_util_platform.o(i.app_util_critical_region_enter)
    i.app_util_critical_region_exit          0x00000ba8   Section        0  app_util_platform.o(i.app_util_critical_region_exit)
    i.app_util_disable_irq                   0x00000bac   Section        0  app_util_platform.o(i.app_util_disable_irq)
    i.app_util_enable_irq                    0x00000bbc   Section        0  app_util_platform.o(i.app_util_enable_irq)
    i.apply_config                           0x00000bd0   Section        0  nrf_drv_uart.o(i.apply_config)
    apply_config                             0x00000bd1   Thumb Code   162  nrf_drv_uart.o(i.apply_config)
    i.bsp_board_led_invert                   0x00000c78   Section        0  boards.o(i.bsp_board_led_invert)
    i.bsp_board_led_off                      0x00000ca4   Section        0  boards.o(i.bsp_board_led_off)
    i.bsp_board_led_on                       0x00000cb4   Section        0  boards.o(i.bsp_board_led_on)
    i.bsp_board_led_state_get                0x00000cc4   Section        0  boards.o(i.bsp_board_led_state_get)
    i.bsp_board_leds_init                    0x00000cec   Section        0  boards.o(i.bsp_board_leds_init)
    i.bsp_board_leds_off                     0x00000d18   Section        0  boards.o(i.bsp_board_leds_off)
    i.bsp_board_leds_on                      0x00000d2a   Section        0  boards.o(i.bsp_board_leds_on)
    i.bsp_board_pin_to_button_idx            0x00000d3c   Section        0  boards.o(i.bsp_board_pin_to_button_idx)
    i.bsp_button_event_handler               0x00000d60   Section        0  bsp.o(i.bsp_button_event_handler)
    bsp_button_event_handler                 0x00000d61   Thumb Code   132  bsp.o(i.bsp_button_event_handler)
    i.bsp_configuration                      0x00000df0   Section        0  main.o(i.bsp_configuration)
    i.bsp_event_to_button_action_assign      0x00000e0c   Section        0  bsp.o(i.bsp_event_to_button_action_assign)
    i.bsp_evt_handler                        0x00000e50   Section        0  main.o(i.bsp_evt_handler)
    i.bsp_indication_set                     0x00000eb4   Section        0  bsp.o(i.bsp_indication_set)
    i.bsp_init                               0x00000ecc   Section        0  bsp.o(i.bsp_init)
    i.bsp_led_indication                     0x00000f60   Section        0  bsp.o(i.bsp_led_indication)
    bsp_led_indication                       0x00000f61   Thumb Code   432  bsp.o(i.bsp_led_indication)
    i.buf_prealloc                           0x00001118   Section        0  nrf_log_frontend.o(i.buf_prealloc)
    buf_prealloc                             0x00001119   Thumb Code    92  nrf_log_frontend.o(i.buf_prealloc)
    i.buffer_add                             0x00001178   Section        0  nrf_fprintf_format.o(i.buffer_add)
    buffer_add                               0x00001179   Thumb Code    30  nrf_fprintf_format.o(i.buffer_add)
    i.buffer_is_empty                        0x00001198   Section        0  nrf_log_frontend.o(i.buffer_is_empty)
    i.button_timer_handler                   0x000011ac   Section        0  bsp.o(i.button_timer_handler)
    button_timer_handler                     0x000011ad   Thumb Code     8  bsp.o(i.button_timer_handler)
    i.channel_free                           0x000011b4   Section        0  nrf_drv_gpiote.o(i.channel_free)
    channel_free                             0x000011b5   Thumb Code    22  nrf_drv_gpiote.o(i.channel_free)
    i.channel_port_alloc                     0x000011d0   Section        0  nrf_drv_gpiote.o(i.channel_port_alloc)
    channel_port_alloc                       0x000011d1   Thumb Code    66  nrf_drv_gpiote.o(i.channel_port_alloc)
    i.channel_port_get                       0x00001218   Section        0  nrf_drv_gpiote.o(i.channel_port_get)
    channel_port_get                         0x00001219   Thumb Code    10  nrf_drv_gpiote.o(i.channel_port_get)
    i.clock_initialization                   0x00001228   Section        0  main.o(i.clock_initialization)
    i.compare_reg_update                     0x00001248   Section        0  app_timer.o(i.compare_reg_update)
    compare_reg_update                       0x00001249   Thumb Code   160  app_timer.o(i.compare_reg_update)
    i.detection_delay_timeout_handler        0x000012f4   Section        0  app_button.o(i.detection_delay_timeout_handler)
    detection_delay_timeout_handler          0x000012f5   Thumb Code    92  app_button.o(i.detection_delay_timeout_handler)
    i.elapsed_ticks_acquire                  0x00001354   Section        0  app_timer.o(i.elapsed_ticks_acquire)
    elapsed_ticks_acquire                    0x00001355   Thumb Code    58  app_timer.o(i.elapsed_ticks_acquire)
    i.gpiote_event_handler                   0x00001394   Section        0  app_button.o(i.gpiote_event_handler)
    gpiote_event_handler                     0x00001395   Thumb Code    78  app_button.o(i.gpiote_event_handler)
    i.int_print                              0x000013ec   Section        0  nrf_fprintf_format.o(i.int_print)
    int_print                                0x000013ed   Thumb Code   166  nrf_fprintf_format.o(i.int_print)
    i.interrupts_enable                      0x00001494   Section        0  nrf_drv_uart.o(i.interrupts_enable)
    interrupts_enable                        0x00001495   Thumb Code   106  nrf_drv_uart.o(i.interrupts_enable)
    i.leds_off                               0x0000150c   Section        0  bsp.o(i.leds_off)
    leds_off                                 0x0000150d   Thumb Code    42  bsp.o(i.leds_off)
    i.leds_timer_handler                     0x0000153c   Section        0  bsp.o(i.leds_timer_handler)
    leds_timer_handler                       0x0000153d   Thumb Code    16  bsp.o(i.leds_timer_handler)
    i.list_insertions_handler                0x00001550   Section        0  app_timer.o(i.list_insertions_handler)
    list_insertions_handler                  0x00001551   Thumb Code   234  app_timer.o(i.list_insertions_handler)
    i.log_skip                               0x00001648   Section        0  nrf_log_frontend.o(i.log_skip)
    log_skip                                 0x00001649   Thumb Code   138  nrf_log_frontend.o(i.log_skip)
    i.main                                   0x000016dc   Section        0  main.o(i.main)
    i.memobj_op                              0x0000173c   Section        0  nrf_memobj.o(i.memobj_op)
    memobj_op                                0x0000173d   Thumb Code   118  nrf_memobj.o(i.memobj_op)
    i.module_idx_get                         0x000017b4   Section        0  nrf_log_frontend.o(i.module_idx_get)
    module_idx_get                           0x000017b5   Thumb Code    48  nrf_log_frontend.o(i.module_idx_get)
    i.nrf_atomic_flag_set                    0x000017e8   Section        0  nrf_log_frontend.o(i.nrf_atomic_flag_set)
    nrf_atomic_flag_set                      0x000017e9   Thumb Code    14  nrf_log_frontend.o(i.nrf_atomic_flag_set)
    i.nrf_balloc_alloc                       0x000017f6   Section        0  nrf_balloc.o(i.nrf_balloc_alloc)
    i.nrf_balloc_free                        0x00001834   Section        0  nrf_balloc.o(i.nrf_balloc_free)
    i.nrf_balloc_init                        0x0000185e   Section        0  nrf_balloc.o(i.nrf_balloc_init)
    i.nrf_bitmask_bit_is_set                 0x0000188e   Section        0  nrf_drv_gpiote.o(i.nrf_bitmask_bit_is_set)
    nrf_bitmask_bit_is_set                   0x0000188f   Thumb Code    16  nrf_drv_gpiote.o(i.nrf_bitmask_bit_is_set)
    i.nrf_delay_us                           0x000018a0   Section        0  app_timer.o(i.nrf_delay_us)
    nrf_delay_us                             0x000018a1   Thumb Code   132  app_timer.o(i.nrf_delay_us)
    i.nrf_drv_common_irq_disable             0x0000192c   Section        0  nrf_drv_uart.o(i.nrf_drv_common_irq_disable)
    nrf_drv_common_irq_disable               0x0000192d   Thumb Code    22  nrf_drv_uart.o(i.nrf_drv_common_irq_disable)
    i.nrf_drv_common_irq_enable              0x00001942   Section        0  nrf_drv_common.o(i.nrf_drv_common_irq_enable)
    i.nrf_drv_get_IRQn                       0x0000197a   Section        0  nrf_drv_uart.o(i.nrf_drv_get_IRQn)
    nrf_drv_get_IRQn                         0x0000197b   Thumb Code     6  nrf_drv_uart.o(i.nrf_drv_get_IRQn)
    i.nrf_drv_gpiote_in_event_enable         0x00001980   Section        0  nrf_drv_gpiote.o(i.nrf_drv_gpiote_in_event_enable)
    i.nrf_drv_gpiote_in_init                 0x00001a18   Section        0  nrf_drv_gpiote.o(i.nrf_drv_gpiote_in_init)
    i.nrf_drv_gpiote_in_is_set               0x00001ad8   Section        0  nrf_drv_gpiote.o(i.nrf_drv_gpiote_in_is_set)
    i.nrf_drv_gpiote_init                    0x00001ae8   Section        0  nrf_drv_gpiote.o(i.nrf_drv_gpiote_init)
    i.nrf_drv_gpiote_is_init                 0x00001b44   Section        0  nrf_drv_gpiote.o(i.nrf_drv_gpiote_is_init)
    i.nrf_drv_is_in_RAM                      0x00001b58   Section        0  nrf_drv_uart.o(i.nrf_drv_is_in_RAM)
    nrf_drv_is_in_RAM                        0x00001b59   Thumb Code    16  nrf_drv_uart.o(i.nrf_drv_is_in_RAM)
    i.nrf_drv_uart_init                      0x00001b68   Section        0  nrf_drv_uart.o(i.nrf_drv_uart_init)
    i.nrf_drv_uart_tx                        0x00001bd0   Section        0  nrf_drv_uart.o(i.nrf_drv_uart_tx)
    i.nrf_drv_uart_tx_in_progress            0x00001cdc   Section        0  nrf_drv_uart.o(i.nrf_drv_uart_tx_in_progress)
    i.nrf_drv_uart_uninit                    0x00001cf4   Section        0  nrf_drv_uart.o(i.nrf_drv_uart_uninit)
    i.nrf_fprintf                            0x00001d48   Section        0  nrf_fprintf.o(i.nrf_fprintf)
    i.nrf_fprintf_buffer_flush               0x00001d62   Section        0  nrf_fprintf.o(i.nrf_fprintf_buffer_flush)
    i.nrf_fprintf_fmt                        0x00001d7a   Section        0  nrf_fprintf_format.o(i.nrf_fprintf_fmt)
    i.nrf_gpio_cfg                           0x00001f54   Section        0  boards.o(i.nrf_gpio_cfg)
    nrf_gpio_cfg                             0x00001f55   Thumb Code    50  boards.o(i.nrf_gpio_cfg)
    i.nrf_gpio_cfg                           0x00001f86   Section        0  nrf_drv_gpiote.o(i.nrf_gpio_cfg)
    nrf_gpio_cfg                             0x00001f87   Thumb Code    50  nrf_drv_gpiote.o(i.nrf_gpio_cfg)
    i.nrf_gpio_cfg                           0x00001fb8   Section        0  nrf_drv_uart.o(i.nrf_gpio_cfg)
    nrf_gpio_cfg                             0x00001fb9   Thumb Code    50  nrf_drv_uart.o(i.nrf_gpio_cfg)
    i.nrf_gpio_cfg_default                   0x00001fea   Section        0  nrf_drv_uart.o(i.nrf_gpio_cfg_default)
    nrf_gpio_cfg_default                     0x00001feb   Thumb Code    18  nrf_drv_uart.o(i.nrf_gpio_cfg_default)
    i.nrf_gpio_cfg_input                     0x00001ffc   Section        0  nrf_drv_uart.o(i.nrf_gpio_cfg_input)
    nrf_gpio_cfg_input                       0x00001ffd   Thumb Code    18  nrf_drv_uart.o(i.nrf_gpio_cfg_input)
    i.nrf_gpio_cfg_output                    0x0000200e   Section        0  nrf_drv_uart.o(i.nrf_gpio_cfg_output)
    nrf_gpio_cfg_output                      0x0000200f   Thumb Code    20  nrf_drv_uart.o(i.nrf_gpio_cfg_output)
    i.nrf_gpio_cfg_sense_set                 0x00002022   Section        0  nrf_drv_gpiote.o(i.nrf_gpio_cfg_sense_set)
    nrf_gpio_cfg_sense_set                   0x00002023   Thumb Code    48  nrf_drv_gpiote.o(i.nrf_gpio_cfg_sense_set)
    i.nrf_gpio_pin_port_decode               0x00002054   Section        0  boards.o(i.nrf_gpio_pin_port_decode)
    nrf_gpio_pin_port_decode                 0x00002055   Thumb Code    22  boards.o(i.nrf_gpio_pin_port_decode)
    i.nrf_gpio_pin_port_decode               0x00002070   Section        0  nrf_drv_gpiote.o(i.nrf_gpio_pin_port_decode)
    nrf_gpio_pin_port_decode                 0x00002071   Thumb Code    22  nrf_drv_gpiote.o(i.nrf_gpio_pin_port_decode)
    i.nrf_gpio_pin_port_decode               0x0000208c   Section        0  nrf_drv_uart.o(i.nrf_gpio_pin_port_decode)
    nrf_gpio_pin_port_decode                 0x0000208d   Thumb Code    22  nrf_drv_uart.o(i.nrf_gpio_pin_port_decode)
    i.nrf_gpio_pin_read                      0x000020a8   Section        0  nrf_drv_gpiote.o(i.nrf_gpio_pin_read)
    nrf_gpio_pin_read                        0x000020a9   Thumb Code    22  nrf_drv_gpiote.o(i.nrf_gpio_pin_read)
    i.nrf_gpio_pin_set                       0x000020be   Section        0  nrf_drv_uart.o(i.nrf_gpio_pin_set)
    nrf_gpio_pin_set                         0x000020bf   Thumb Code    20  nrf_drv_uart.o(i.nrf_gpio_pin_set)
    i.nrf_gpio_pin_write                     0x000020d2   Section        0  boards.o(i.nrf_gpio_pin_write)
    nrf_gpio_pin_write                       0x000020d3   Thumb Code    38  boards.o(i.nrf_gpio_pin_write)
    i.nrf_gpio_ports_read                    0x000020f8   Section        0  nrf_drv_gpiote.o(i.nrf_gpio_ports_read)
    nrf_gpio_ports_read                      0x000020f9   Thumb Code    38  nrf_drv_gpiote.o(i.nrf_gpio_ports_read)
    i.nrf_gpiote_event_clear                 0x00002124   Section        0  nrf_drv_gpiote.o(i.nrf_gpiote_event_clear)
    nrf_gpiote_event_clear                   0x00002125   Thumb Code    16  nrf_drv_gpiote.o(i.nrf_gpiote_event_clear)
    i.nrf_gpiote_event_is_set                0x00002138   Section        0  nrf_drv_gpiote.o(i.nrf_gpiote_event_is_set)
    nrf_gpiote_event_is_set                  0x00002139   Thumb Code    12  nrf_drv_gpiote.o(i.nrf_gpiote_event_is_set)
    i.nrf_log_backend_add                    0x00002148   Section        0  nrf_log_frontend.o(i.nrf_log_backend_add)
    i.nrf_log_backend_serial_put             0x00002198   Section        0  nrf_log_backend_serial.o(i.nrf_log_backend_serial_put)
    i.nrf_log_backend_uart_flush             0x0000226a   Section        0  nrf_log_backend_uart.o(i.nrf_log_backend_uart_flush)
    nrf_log_backend_uart_flush               0x0000226b   Thumb Code     2  nrf_log_backend_uart.o(i.nrf_log_backend_uart_flush)
    i.nrf_log_backend_uart_init              0x0000226c   Section        0  nrf_log_backend_uart.o(i.nrf_log_backend_uart_init)
    i.nrf_log_backend_uart_panic_set         0x00002274   Section        0  nrf_log_backend_uart.o(i.nrf_log_backend_uart_panic_set)
    nrf_log_backend_uart_panic_set           0x00002275   Thumb Code    18  nrf_log_backend_uart.o(i.nrf_log_backend_uart_panic_set)
    i.nrf_log_backend_uart_put               0x0000228c   Section        0  nrf_log_backend_uart.o(i.nrf_log_backend_uart_put)
    nrf_log_backend_uart_put                 0x0000228d   Thumb Code    16  nrf_log_backend_uart.o(i.nrf_log_backend_uart_put)
    i.nrf_log_color_id_get                   0x000022a4   Section        0  nrf_log_frontend.o(i.nrf_log_color_id_get)
    i.nrf_log_default_backends_init          0x000022d4   Section        0  nrf_log_default_backends.o(i.nrf_log_default_backends_init)
    i.nrf_log_frontend_dequeue               0x000022f0   Section        0  nrf_log_frontend.o(i.nrf_log_frontend_dequeue)
    i.nrf_log_frontend_std_0                 0x000024d4   Section        0  nrf_log_frontend.o(i.nrf_log_frontend_std_0)
    i.nrf_log_frontend_std_1                 0x000024dc   Section        0  nrf_log_frontend.o(i.nrf_log_frontend_std_1)
    i.nrf_log_hexdump_entry_process          0x000024ec   Section        0  nrf_log_str_formatter.o(i.nrf_log_hexdump_entry_process)
    i.nrf_log_init                           0x00002598   Section        0  nrf_log_frontend.o(i.nrf_log_init)
    i.nrf_log_module_cnt_get                 0x000025f4   Section        0  nrf_log_frontend.o(i.nrf_log_module_cnt_get)
    i.nrf_log_module_name_get                0x00002608   Section        0  nrf_log_frontend.o(i.nrf_log_module_name_get)
    i.nrf_log_panic                          0x00002624   Section        0  nrf_log_frontend.o(i.nrf_log_panic)
    i.nrf_log_std_entry_process              0x0000264c   Section        0  nrf_log_str_formatter.o(i.nrf_log_std_entry_process)
    i.nrf_memobj_alloc                       0x00002702   Section        0  nrf_memobj.o(i.nrf_memobj_alloc)
    i.nrf_memobj_free                        0x00002762   Section        0  nrf_memobj.o(i.nrf_memobj_free)
    i.nrf_memobj_get                         0x00002794   Section        0  nrf_memobj.o(i.nrf_memobj_get)
    i.nrf_memobj_pool_init                   0x000027a2   Section        0  nrf_memobj.o(i.nrf_memobj_pool_init)
    i.nrf_memobj_put                         0x000027a6   Section        0  nrf_memobj.o(i.nrf_memobj_put)
    i.nrf_memobj_read                        0x000027c8   Section        0  nrf_memobj.o(i.nrf_memobj_read)
    i.nrf_memobj_write                       0x000027d4   Section        0  nrf_memobj.o(i.nrf_memobj_write)
    i.nrf_uart_event_check                   0x000027e0   Section        0  nrf_drv_uart.o(i.nrf_uart_event_check)
    nrf_uart_event_check                     0x000027e1   Thumb Code    10  nrf_drv_uart.o(i.nrf_uart_event_check)
    i.nrf_uart_event_clear                   0x000027ea   Section        0  nrf_drv_uart.o(i.nrf_uart_event_clear)
    nrf_uart_event_clear                     0x000027eb   Thumb Code    12  nrf_drv_uart.o(i.nrf_uart_event_clear)
    i.nrf_uart_int_enable_check              0x000027f6   Section        0  nrf_drv_uart.o(i.nrf_uart_int_enable_check)
    nrf_uart_int_enable_check                0x000027f7   Thumb Code    12  nrf_drv_uart.o(i.nrf_uart_int_enable_check)
    i.nrf_uarte_event_check                  0x00002802   Section        0  nrf_drv_uart.o(i.nrf_uarte_event_check)
    nrf_uarte_event_check                    0x00002803   Thumb Code    10  nrf_drv_uart.o(i.nrf_uarte_event_check)
    i.nrf_uarte_event_clear                  0x0000280c   Section        0  nrf_drv_uart.o(i.nrf_uarte_event_clear)
    nrf_uarte_event_clear                    0x0000280d   Thumb Code    12  nrf_drv_uart.o(i.nrf_uarte_event_clear)
    i.pin_in_use_by_port                     0x00002818   Section        0  nrf_drv_gpiote.o(i.pin_in_use_by_port)
    pin_in_use_by_port                       0x00002819   Thumb Code    20  nrf_drv_gpiote.o(i.pin_in_use_by_port)
    i.pin_in_use_by_te                       0x00002830   Section        0  nrf_drv_gpiote.o(i.pin_in_use_by_te)
    pin_in_use_by_te                         0x00002831   Thumb Code    20  nrf_drv_gpiote.o(i.pin_in_use_by_te)
    i.pins_to_default                        0x00002848   Section        0  nrf_drv_uart.o(i.pins_to_default)
    pins_to_default                          0x00002849   Thumb Code   114  nrf_drv_uart.o(i.pins_to_default)
    i.postfix_process                        0x000028c0   Section        0  nrf_log_str_formatter.o(i.postfix_process)
    postfix_process                          0x000028c1   Thumb Code    48  nrf_log_str_formatter.o(i.postfix_process)
    i.prefix_process                         0x000028fc   Section        0  nrf_log_str_formatter.o(i.prefix_process)
    prefix_process                           0x000028fd   Thumb Code    72  nrf_log_str_formatter.o(i.prefix_process)
    i.rtc1_stop                              0x00002958   Section        0  app_timer.o(i.rtc1_stop)
    rtc1_stop                                0x00002959   Thumb Code    52  app_timer.o(i.rtc1_stop)
    i.rx_byte                                0x00002994   Section        0  nrf_drv_uart.o(i.rx_byte)
    rx_byte                                  0x00002995   Thumb Code    50  nrf_drv_uart.o(i.rx_byte)
    i.rx_done_event                          0x000029c6   Section        0  nrf_drv_uart.o(i.rx_done_event)
    rx_done_event                            0x000029c7   Thumb Code    24  nrf_drv_uart.o(i.rx_done_event)
    i.serial_tx                              0x000029e0   Section        0  nrf_log_backend_uart.o(i.serial_tx)
    serial_tx                                0x000029e1   Thumb Code    36  nrf_log_backend_uart.o(i.serial_tx)
    i.std_n                                  0x00002a08   Section        0  nrf_log_frontend.o(i.std_n)
    std_n                                    0x00002a09   Thumb Code   140  nrf_log_frontend.o(i.std_n)
    i.timer_list_handler                     0x00002a98   Section        0  app_timer.o(i.timer_list_handler)
    timer_list_handler                       0x00002a99   Thumb Code   122  app_timer.o(i.timer_list_handler)
    i.timer_list_insert                      0x00002b18   Section        0  app_timer.o(i.timer_list_insert)
    timer_list_insert                        0x00002b19   Thumb Code    56  app_timer.o(i.timer_list_insert)
    i.timer_list_remove                      0x00002b54   Section        0  app_timer.o(i.timer_list_remove)
    timer_list_remove                        0x00002b55   Thumb Code    88  app_timer.o(i.timer_list_remove)
    i.timer_stop_op_schedule                 0x00002bb4   Section        0  app_timer.o(i.timer_stop_op_schedule)
    timer_stop_op_schedule                   0x00002bb5   Thumb Code    60  app_timer.o(i.timer_stop_op_schedule)
    i.timer_timeouts_check                   0x00002bf4   Section        0  app_timer.o(i.timer_timeouts_check)
    timer_timeouts_check                     0x00002bf5   Thumb Code   106  app_timer.o(i.timer_timeouts_check)
    i.tx_byte                                0x00002c68   Section        0  nrf_drv_uart.o(i.tx_byte)
    tx_byte                                  0x00002c69   Thumb Code    32  nrf_drv_uart.o(i.tx_byte)
    i.tx_done_event                          0x00002c88   Section        0  nrf_drv_uart.o(i.tx_done_event)
    tx_done_event                            0x00002c89   Thumb Code    28  nrf_drv_uart.o(i.tx_done_event)
    i.uart_evt_handler                       0x00002ca4   Section        0  nrf_log_backend_uart.o(i.uart_evt_handler)
    uart_evt_handler                         0x00002ca5   Thumb Code     8  nrf_log_backend_uart.o(i.uart_evt_handler)
    i.uart_init                              0x00002cb0   Section        0  nrf_log_backend_uart.o(i.uart_init)
    uart_init                                0x00002cb1   Thumb Code    66  nrf_log_backend_uart.o(i.uart_init)
    i.uart_irq_handler                       0x00002d00   Section        0  nrf_drv_uart.o(i.uart_irq_handler)
    uart_irq_handler                         0x00002d01   Thumb Code   286  nrf_drv_uart.o(i.uart_irq_handler)
    i.uarte_irq_handler                      0x00002e1e   Section        0  nrf_drv_uart.o(i.uarte_irq_handler)
    uarte_irq_handler                        0x00002e1f   Thumb Code   240  nrf_drv_uart.o(i.uarte_irq_handler)
    i.unsigned_print                         0x00002f10   Section        0  nrf_fprintf_format.o(i.unsigned_print)
    unsigned_print                           0x00002f11   Thumb Code   176  nrf_fprintf_format.o(i.unsigned_print)
    i.user_op_alloc                          0x00002fc4   Section        0  app_timer.o(i.user_op_alloc)
    user_op_alloc                            0x00002fc5   Thumb Code    42  app_timer.o(i.user_op_alloc)
    .constdata                               0x00002ff4   Section        8  boards.o(.constdata)
    m_board_led_list                         0x00002ff4   Data           4  boards.o(.constdata)
    m_board_btn_list                         0x00002ff8   Data           4  boards.o(.constdata)
    .constdata                               0x00002ffc   Section       44  bsp.o(.constdata)
    m_leds_timer_id                          0x00002ffc   Data           4  bsp.o(.constdata)
    m_alert_timer_id                         0x00003000   Data           4  bsp.o(.constdata)
    m_button_timer_id                        0x00003004   Data           4  bsp.o(.constdata)
    app_buttons                              0x00003008   Data          32  bsp.o(.constdata)
    .constdata                               0x00003028   Section        8  nrf_drv_gpiote.o(.constdata)
    .constdata                               0x00003030   Section        8  app_button.o(.constdata)
    m_detection_delay_timer_id               0x00003030   Data           4  app_button.o(.constdata)
    .constdata                               0x00003038   Section       16  nrf_fprintf_format.o(.constdata)
    _aV2C                                    0x00003038   Data          16  nrf_fprintf_format.o(.constdata)
    .constdata                               0x00003048   Section       12  nrf_log_backend_uart.o(.constdata)
    .constdata                               0x00003054   Section       32  nrf_log_backend_uart.o(.constdata)
    .constdata                               0x00003074   Section       20  nrf_log_frontend.o(.constdata)
    mempool                                  0x00003074   Data          20  nrf_log_frontend.o(.constdata)
    .constdata                               0x00003088   Section      129  ctype_o.o(.constdata)
    .constdata                               0x0000310c   Section        4  ctype_o.o(.constdata)
    table                                    0x0000310c   Data           4  ctype_o.o(.constdata)
    .conststring                             0x00003110   Section      630  main.o(.conststring)
    .conststring                             0x00003388   Section      102  nrf_log_str_formatter.o(.conststring)
    .conststrlit                             0x000033f0   Section        7  nrf_drv_gpiote.o(.conststrlit)
    .conststrlit                             0x000033f8   Section        5  nrf_drv_uart.o(.conststrlit)
    .conststrlit                             0x00003400   Section        7  nrf_balloc.o(.conststrlit)
    .conststrlit                             0x00003408   Section        4  nrf_log_frontend.o(.conststrlit)
    log_const_data                           0x0000342c   Section        8  nrf_drv_gpiote.o(log_const_data)
    __tagsym$$used                           0x0000342c   Number         0  nrf_drv_gpiote.o(log_const_data)
    log_const_data                           0x00003434   Section        8  nrf_drv_uart.o(log_const_data)
    __tagsym$$used                           0x00003434   Number         0  nrf_drv_uart.o(log_const_data)
    log_const_data                           0x0000343c   Section        8  nrf_balloc.o(log_const_data)
    __tagsym$$used                           0x0000343c   Number         0  nrf_balloc.o(log_const_data)
    log_const_data                           0x00003444   Section        8  nrf_log_frontend.o(log_const_data)
    __tagsym$$used                           0x00003444   Number         0  nrf_log_frontend.o(log_const_data)
    .data                                    0x20000000   Section      100  main.o(.data)
    actual_state                             0x20000000   Data           1  main.o(.data)
    indications_list                         0x20000004   Data          96  main.o(.data)
    .data                                    0x20000064   Section       16  bsp.o(.data)
    m_stable_state                           0x20000064   Data           1  bsp.o(.data)
    m_leds_clear                             0x20000065   Data           1  bsp.o(.data)
    m_alert_on                               0x20000066   Data           1  bsp.o(.data)
    current_long_push_pin_no                 0x20000067   Data           1  bsp.o(.data)
    m_indication_type                        0x20000068   Data           4  bsp.o(.data)
    m_registered_callback                    0x2000006c   Data           4  bsp.o(.data)
    release_event_at_push                    0x20000070   Data           4  bsp.o(.data)
    .data                                    0x20000074   Section       20  app_button.o(.data)
    m_button_count                           0x20000074   Data           1  app_button.o(.data)
    mp_buttons                               0x20000078   Data           4  app_button.o(.data)
    m_detection_delay                        0x2000007c   Data           4  app_button.o(.data)
    m_pin_state                              0x20000080   Data           4  app_button.o(.data)
    m_pin_transition                         0x20000084   Data           4  app_button.o(.data)
    .data                                    0x20000088   Section       20  app_timer.o(.data)
    m_ticks_elapsed_q_read_ind               0x20000088   Data           1  app_timer.o(.data)
    m_ticks_elapsed_q_write_ind              0x20000089   Data           1  app_timer.o(.data)
    m_rtc1_running                           0x2000008a   Data           1  app_timer.o(.data)
    m_rtc1_reset                             0x2000008b   Data           1  app_timer.o(.data)
    mp_timer_id_head                         0x2000008c   Data           4  app_timer.o(.data)
    m_ticks_latest                           0x20000090   Data           4  app_timer.o(.data)
    m_ticks_elapsed                          0x20000094   Data           8  app_timer.o(.data)
    .data                                    0x2000009c   Section        4  app_util_platform.o(.data)
    m_in_critical_region                     0x2000009c   Data           4  app_util_platform.o(.data)
    .data                                    0x200000a0   Section       12  nrf_log_backend_uart.o(.data)
    m_xfer_done                              0x200000a0   Data           1  nrf_log_backend_uart.o(.data)
    m_async_mode                             0x200000a1   Data           1  nrf_log_backend_uart.o(.data)
    .data                                    0x200000ac   Section       12  nrf_log_default_backends.o(.data)
    uart_log_backend                         0x200000ac   Data          12  nrf_log_default_backends.o(.data)
    .data                                    0x200000b8   Section        8  nrf_log_frontend.o(.data)
    mempool_nrf_balloc_pool_stack            0x200000b8   Data           8  nrf_log_frontend.o(.data)
    .data                                    0x200000c0   Section        8  nrf_log_frontend.o(.data)
    mempool_nrf_balloc_cb                    0x200000c0   Data           8  nrf_log_frontend.o(.data)
    .data                                    0x200000c8   Section       56  nrf_log_str_formatter.o(.data)
    severity_names                           0x200000c8   Data          20  nrf_log_str_formatter.o(.data)
    m_colors                                 0x200000dc   Data          36  nrf_log_str_formatter.o(.data)
    .data                                    0x20000100   Section        4  system_nrf52840.o(.data)
    __tagsym$$used                           0x20000100   Number         0  system_nrf52840.o(.data)
    log_dynamic_data                         0x20000104   Section       12  nrf_drv_gpiote.o(log_dynamic_data)
    __tagsym$$used                           0x20000104   Number         0  nrf_drv_gpiote.o(log_dynamic_data)
    log_dynamic_data                         0x20000110   Section       12  nrf_drv_uart.o(log_dynamic_data)
    __tagsym$$used                           0x20000110   Number         0  nrf_drv_uart.o(log_dynamic_data)
    log_dynamic_data                         0x2000011c   Section       12  nrf_balloc.o(log_dynamic_data)
    __tagsym$$used                           0x2000011c   Number         0  nrf_balloc.o(log_dynamic_data)
    log_dynamic_data                         0x20000128   Section       12  nrf_log_frontend.o(log_dynamic_data)
    __tagsym$$used                           0x20000128   Number         0  nrf_log_frontend.o(log_dynamic_data)
    .bss                                     0x20000134   Section       32  bsp.o(.bss)
    m_leds_timer_id_data                     0x20000134   Data          32  bsp.o(.bss)
    .bss                                     0x20000154   Section       32  bsp.o(.bss)
    m_alert_timer_id_data                    0x20000154   Data          32  bsp.o(.bss)
    .bss                                     0x20000174   Section       12  bsp.o(.bss)
    m_events_list                            0x20000174   Data          12  bsp.o(.bss)
    .bss                                     0x20000180   Section       32  bsp.o(.bss)
    m_button_timer_id_data                   0x20000180   Data          32  bsp.o(.bss)
    .bss                                     0x200001a0   Section      104  nrf_drv_gpiote.o(.bss)
    m_cb                                     0x200001a0   Data         104  nrf_drv_gpiote.o(.bss)
    .bss                                     0x20000208   Section       32  nrf_drv_uart.o(.bss)
    m_cb                                     0x20000208   Data          32  nrf_drv_uart.o(.bss)
    .bss                                     0x20000228   Section       32  app_button.o(.bss)
    m_detection_delay_timer_id_data          0x20000228   Data          32  app_button.o(.bss)
    .bss                                     0x20000248   Section      268  app_timer.o(.bss)
    m_op_queue                               0x20000248   Data         268  app_timer.o(.bss)
    .bss                                     0x20000354   Section       64  nrf_log_backend_uart.o(.bss)
    m_string_buff                            0x20000354   Data          64  nrf_log_backend_uart.o(.bss)
    .bss                                     0x20000394   Section      192  nrf_log_frontend.o(.bss)
    mempool_nrf_balloc_pool_mem              0x20000394   Data         192  nrf_log_frontend.o(.bss)
    .bss                                     0x20000454   Section     1056  nrf_log_frontend.o(.bss)
    m_log_data                               0x20000454   Data        1056  nrf_log_frontend.o(.bss)
    STACK                                    0x20000878   Section     8192  arm_startup_nrf52840.o(STACK)

    Global Symbols

    Symbol Name                              Value     Ov Type        Size  Object(Section)

    BuildAttributes$$THM_ISAv4$E$P$D$K$B$S$7EM$VFPi3$EXTD16$VFPS$VFMA$PE$A:L22UL41UL21$X:L11$S22US41US21$IEEE1$IW$USESV6$~STKCKD$USESV7$~SHL$OSPACE$EBA8$MICROLIB$REQ8$PRES8$EABIv2 0x00000000   Number         0  anon$$obj.o ABSOLUTE
    __ARM_use_no_argv                        0x00000000   Number         0  main.o ABSOLUTE
    __Vectors                                0x00000000   Data           4  arm_startup_nrf52840.o(RESET)
    __cpp_initialize__aeabi_                  - Undefined Weak Reference
    __cxa_finalize                            - Undefined Weak Reference
    _clock_init                               - Undefined Weak Reference
    _microlib_exit                            - Undefined Weak Reference
    __Vectors_End                            0x00000200   Data           0  arm_startup_nrf52840.o(RESET)
    __Vectors_Size                           0x00000200   Number         0  arm_startup_nrf52840.o ABSOLUTE
    __main                                   0x00000201   Thumb Code     0  entry.o(.ARM.Collect$$$$00000000)
    _main_stk                                0x00000201   Thumb Code     0  entry2.o(.ARM.Collect$$$$00000001)
    _main_scatterload                        0x00000205   Thumb Code     0  entry5.o(.ARM.Collect$$$$00000004)
    __main_after_scatterload                 0x00000209   Thumb Code     0  entry5.o(.ARM.Collect$$$$00000004)
    _main_clock                              0x00000209   Thumb Code     0  entry7b.o(.ARM.Collect$$$$00000008)
    _main_cpp_init                           0x00000209   Thumb Code     0  entry8b.o(.ARM.Collect$$$$0000000A)
    _main_init                               0x00000209   Thumb Code     0  entry9a.o(.ARM.Collect$$$$0000000B)
    __rt_final_cpp                           0x00000211   Thumb Code     0  entry10a.o(.ARM.Collect$$$$0000000D)
    __rt_final_exit                          0x00000211   Thumb Code     0  entry11a.o(.ARM.Collect$$$$0000000F)
    __asm___12_nrf_memobj_c_9bb9f865__nrf_atomic_internal_mov 0x00000215   Thumb Code    24  nrf_memobj.o(.emb_text)
    __asm___12_nrf_memobj_c_9bb9f865__nrf_atomic_internal_orr 0x0000022d   Thumb Code    26  nrf_memobj.o(.emb_text)
    __asm___12_nrf_memobj_c_9bb9f865__nrf_atomic_internal_and 0x00000247   Thumb Code    26  nrf_memobj.o(.emb_text)
    __asm___12_nrf_memobj_c_9bb9f865__nrf_atomic_internal_eor 0x00000261   Thumb Code    26  nrf_memobj.o(.emb_text)
    __asm___12_nrf_memobj_c_9bb9f865__nrf_atomic_internal_add 0x0000027b   Thumb Code    26  nrf_memobj.o(.emb_text)
    __asm___12_nrf_memobj_c_9bb9f865__nrf_atomic_internal_sub 0x00000295   Thumb Code    26  nrf_memobj.o(.emb_text)
    __asm___18_nrf_log_frontend_c_bc460776__nrf_atomic_internal_mov 0x000002b1   Thumb Code    24  nrf_log_frontend.o(.emb_text)
    __asm___18_nrf_log_frontend_c_bc460776__nrf_atomic_internal_orr 0x000002c9   Thumb Code    26  nrf_log_frontend.o(.emb_text)
    __asm___18_nrf_log_frontend_c_bc460776__nrf_atomic_internal_and 0x000002e3   Thumb Code    26  nrf_log_frontend.o(.emb_text)
    __asm___18_nrf_log_frontend_c_bc460776__nrf_atomic_internal_eor 0x000002fd   Thumb Code    26  nrf_log_frontend.o(.emb_text)
    __asm___18_nrf_log_frontend_c_bc460776__nrf_atomic_internal_add 0x00000317   Thumb Code    26  nrf_log_frontend.o(.emb_text)
    __asm___18_nrf_log_frontend_c_bc460776__nrf_atomic_internal_sub 0x00000331   Thumb Code    26  nrf_log_frontend.o(.emb_text)
    Reset_Handler                            0x0000034d   Thumb Code     8  arm_startup_nrf52840.o(.text)
    NMI_Handler                              0x00000355   Thumb Code     2  arm_startup_nrf52840.o(.text)
    HardFault_Handler                        0x00000357   Thumb Code     2  arm_startup_nrf52840.o(.text)
    MemoryManagement_Handler                 0x00000359   Thumb Code     2  arm_startup_nrf52840.o(.text)
    BusFault_Handler                         0x0000035b   Thumb Code     2  arm_startup_nrf52840.o(.text)
    UsageFault_Handler                       0x0000035d   Thumb Code     2  arm_startup_nrf52840.o(.text)
    SVC_Handler                              0x0000035f   Thumb Code     2  arm_startup_nrf52840.o(.text)
    DebugMon_Handler                         0x00000361   Thumb Code     2  arm_startup_nrf52840.o(.text)
    PendSV_Handler                           0x00000363   Thumb Code     2  arm_startup_nrf52840.o(.text)
    SysTick_Handler                          0x00000365   Thumb Code     2  arm_startup_nrf52840.o(.text)
    CCM_AAR_IRQHandler                       0x00000367   Thumb Code     0  arm_startup_nrf52840.o(.text)
    COMP_LPCOMP_IRQHandler                   0x00000367   Thumb Code     0  arm_startup_nrf52840.o(.text)
    CRYPTOCELL_IRQHandler                    0x00000367   Thumb Code     0  arm_startup_nrf52840.o(.text)
    ECB_IRQHandler                           0x00000367   Thumb Code     0  arm_startup_nrf52840.o(.text)
    FPU_IRQHandler                           0x00000367   Thumb Code     0  arm_startup_nrf52840.o(.text)
    I2S_IRQHandler                           0x00000367   Thumb Code     0  arm_startup_nrf52840.o(.text)
    MWU_IRQHandler                           0x00000367   Thumb Code     0  arm_startup_nrf52840.o(.text)
    NFCT_IRQHandler                          0x00000367   Thumb Code     0  arm_startup_nrf52840.o(.text)
    PDM_IRQHandler                           0x00000367   Thumb Code     0  arm_startup_nrf52840.o(.text)
    POWER_CLOCK_IRQHandler                   0x00000367   Thumb Code     0  arm_startup_nrf52840.o(.text)
    PWM0_IRQHandler                          0x00000367   Thumb Code     0  arm_startup_nrf52840.o(.text)
    PWM1_IRQHandler                          0x00000367   Thumb Code     0  arm_startup_nrf52840.o(.text)
    PWM2_IRQHandler                          0x00000367   Thumb Code     0  arm_startup_nrf52840.o(.text)
    PWM3_IRQHandler                          0x00000367   Thumb Code     0  arm_startup_nrf52840.o(.text)
    QDEC_IRQHandler                          0x00000367   Thumb Code     0  arm_startup_nrf52840.o(.text)
    QSPI_IRQHandler                          0x00000367   Thumb Code     0  arm_startup_nrf52840.o(.text)
    RADIO_IRQHandler                         0x00000367   Thumb Code     0  arm_startup_nrf52840.o(.text)
    RNG_IRQHandler                           0x00000367   Thumb Code     0  arm_startup_nrf52840.o(.text)
    RTC0_IRQHandler                          0x00000367   Thumb Code     0  arm_startup_nrf52840.o(.text)
    RTC2_IRQHandler                          0x00000367   Thumb Code     0  arm_startup_nrf52840.o(.text)
    SAADC_IRQHandler                         0x00000367   Thumb Code     0  arm_startup_nrf52840.o(.text)
    SPIM0_SPIS0_TWIM0_TWIS0_SPI0_TWI0_IRQHandler 0x00000367   Thumb Code     0  arm_startup_nrf52840.o(.text)
    SPIM1_SPIS1_TWIM1_TWIS1_SPI1_TWI1_IRQHandler 0x00000367   Thumb Code     0  arm_startup_nrf52840.o(.text)
    SPIM2_SPIS2_SPI2_IRQHandler              0x00000367   Thumb Code     0  arm_startup_nrf52840.o(.text)
    SPIM3_IRQHandler                         0x00000367   Thumb Code     0  arm_startup_nrf52840.o(.text)
    SWI1_EGU1_IRQHandler                     0x00000367   Thumb Code     0  arm_startup_nrf52840.o(.text)
    SWI2_EGU2_IRQHandler                     0x00000367   Thumb Code     0  arm_startup_nrf52840.o(.text)
    SWI3_EGU3_IRQHandler                     0x00000367   Thumb Code     0  arm_startup_nrf52840.o(.text)
    SWI4_EGU4_IRQHandler                     0x00000367   Thumb Code     0  arm_startup_nrf52840.o(.text)
    SWI5_EGU5_IRQHandler                     0x00000367   Thumb Code     0  arm_startup_nrf52840.o(.text)
    TEMP_IRQHandler                          0x00000367   Thumb Code     0  arm_startup_nrf52840.o(.text)
    TIMER0_IRQHandler                        0x00000367   Thumb Code     0  arm_startup_nrf52840.o(.text)
    TIMER1_IRQHandler                        0x00000367   Thumb Code     0  arm_startup_nrf52840.o(.text)
    TIMER2_IRQHandler                        0x00000367   Thumb Code     0  arm_startup_nrf52840.o(.text)
    TIMER3_IRQHandler                        0x00000367   Thumb Code     0  arm_startup_nrf52840.o(.text)
    TIMER4_IRQHandler                        0x00000367   Thumb Code     0  arm_startup_nrf52840.o(.text)
    UARTE1_IRQHandler                        0x00000367   Thumb Code     0  arm_startup_nrf52840.o(.text)
    USBD_IRQHandler                          0x00000367   Thumb Code     0  arm_startup_nrf52840.o(.text)
    WDT_IRQHandler                           0x00000367   Thumb Code     0  arm_startup_nrf52840.o(.text)
    __aeabi_uldivmod                         0x00000371   Thumb Code    98  uldiv.o(.text)
    __rt_ctype_table                         0x000003d5   Thumb Code     4  ctype_o.o(.text)
    __aeabi_memcpy                           0x000003dd   Thumb Code    36  memcpya.o(.text)
    __aeabi_memcpy4                          0x000003dd   Thumb Code     0  memcpya.o(.text)
    __aeabi_memcpy8                          0x000003dd   Thumb Code     0  memcpya.o(.text)
    __aeabi_memset                           0x00000401   Thumb Code    14  memseta.o(.text)
    __aeabi_memset4                          0x00000401   Thumb Code     0  memseta.o(.text)
    __aeabi_memset8                          0x00000401   Thumb Code     0  memseta.o(.text)
    __aeabi_memclr                           0x0000040f   Thumb Code     4  memseta.o(.text)
    __aeabi_memclr4                          0x0000040f   Thumb Code     0  memseta.o(.text)
    __aeabi_memclr8                          0x0000040f   Thumb Code     0  memseta.o(.text)
    _memset$wrapper                          0x00000413   Thumb Code    18  memseta.o(.text)
    strlen                                   0x00000425   Thumb Code    14  strlen.o(.text)
    __aeabi_llsl                             0x00000433   Thumb Code    30  llshl.o(.text)
    _ll_shift_l                              0x00000433   Thumb Code     0  llshl.o(.text)
    __aeabi_llsr                             0x00000451   Thumb Code    32  llushr.o(.text)
    _ll_ushift_r                             0x00000451   Thumb Code     0  llushr.o(.text)
    __scatterload                            0x00000471   Thumb Code    28  init.o(.text)
    __scatterload_rt2                        0x00000471   Thumb Code     0  init.o(.text)
    __decompress                             0x00000495   Thumb Code     0  __dczerorl.o(.text)
    __decompress0                            0x00000495   Thumb Code    58  __dczerorl.o(.text)
    GPIOTE_IRQHandler                        0x000004d1   Thumb Code   444  nrf_drv_gpiote.o(i.GPIOTE_IRQHandler)
    RTC1_IRQHandler                          0x000006f9   Thumb Code    32  app_timer.o(i.RTC1_IRQHandler)
    SWI0_EGU0_IRQHandler                     0x0000071d   Thumb Code     4  app_timer.o(i.SWI0_EGU0_IRQHandler)
    SystemInit                               0x00000721   Thumb Code   460  system_nrf52840.o(i.SystemInit)
    UARTE0_UART0_IRQHandler                  0x00000929   Thumb Code    20  nrf_drv_uart.o(i.UARTE0_UART0_IRQHandler)
    __scatterload_copy                       0x00000945   Thumb Code    14  handlers.o(i.__scatterload_copy)
    __scatterload_null                       0x00000953   Thumb Code     2  handlers.o(i.__scatterload_null)
    __scatterload_zeroinit                   0x00000955   Thumb Code    14  handlers.o(i.__scatterload_zeroinit)
    app_button_enable                        0x00000969   Thumb Code    32  app_button.o(i.app_button_enable)
    app_button_init                          0x0000098d   Thumb Code    96  app_button.o(i.app_button_init)
    app_error_fault_handler                  0x000009fd   Thumb Code    80  app_error_weak.o(i.app_error_fault_handler)
    app_error_handler_bare                   0x00000a75   Thumb Code    22  app_error.o(i.app_error_handler_bare)
    app_timer_create                         0x00000a8d   Thumb Code    32  app_timer.o(i.app_timer_create)
    app_timer_init                           0x00000ab1   Thumb Code    70  app_timer.o(i.app_timer_init)
    app_timer_start                          0x00000b05   Thumb Code   120  app_timer.o(i.app_timer_start)
    app_timer_stop                           0x00000b85   Thumb Code    26  app_timer.o(i.app_timer_stop)
    app_util_critical_region_enter           0x00000ba5   Thumb Code     4  app_util_platform.o(i.app_util_critical_region_enter)
    app_util_critical_region_exit            0x00000ba9   Thumb Code     4  app_util_platform.o(i.app_util_critical_region_exit)
    app_util_disable_irq                     0x00000bad   Thumb Code    12  app_util_platform.o(i.app_util_disable_irq)
    app_util_enable_irq                      0x00000bbd   Thumb Code    14  app_util_platform.o(i.app_util_enable_irq)
    bsp_board_led_invert                     0x00000c79   Thumb Code    40  boards.o(i.bsp_board_led_invert)
    bsp_board_led_off                        0x00000ca5   Thumb Code    10  boards.o(i.bsp_board_led_off)
    bsp_board_led_on                         0x00000cb5   Thumb Code    10  boards.o(i.bsp_board_led_on)
    bsp_board_led_state_get                  0x00000cc5   Thumb Code    36  boards.o(i.bsp_board_led_state_get)
    bsp_board_leds_init                      0x00000ced   Thumb Code    38  boards.o(i.bsp_board_leds_init)
    bsp_board_leds_off                       0x00000d19   Thumb Code    18  boards.o(i.bsp_board_leds_off)
    bsp_board_leds_on                        0x00000d2b   Thumb Code    18  boards.o(i.bsp_board_leds_on)
    bsp_board_pin_to_button_idx              0x00000d3d   Thumb Code    30  boards.o(i.bsp_board_pin_to_button_idx)
    bsp_configuration                        0x00000df1   Thumb Code    24  main.o(i.bsp_configuration)
    bsp_event_to_button_action_assign        0x00000e0d   Thumb Code    64  bsp.o(i.bsp_event_to_button_action_assign)
    bsp_evt_handler                          0x00000e51   Thumb Code    86  main.o(i.bsp_evt_handler)
    bsp_indication_set                       0x00000eb5   Thumb Code    20  bsp.o(i.bsp_indication_set)
    bsp_init                                 0x00000ecd   Thumb Code   126  bsp.o(i.bsp_init)
    buffer_is_empty                          0x00001199   Thumb Code    16  nrf_log_frontend.o(i.buffer_is_empty)
    clock_initialization                     0x00001229   Thumb Code    26  main.o(i.clock_initialization)
    main                                     0x000016dd   Thumb Code    68  main.o(i.main)
    nrf_balloc_alloc                         0x000017f7   Thumb Code    62  nrf_balloc.o(i.nrf_balloc_alloc)
    nrf_balloc_free                          0x00001835   Thumb Code    42  nrf_balloc.o(i.nrf_balloc_free)
    nrf_balloc_init                          0x0000185f   Thumb Code    48  nrf_balloc.o(i.nrf_balloc_init)
    nrf_drv_common_irq_enable                0x00001943   Thumb Code    56  nrf_drv_common.o(i.nrf_drv_common_irq_enable)
    nrf_drv_gpiote_in_event_enable           0x00001981   Thumb Code   144  nrf_drv_gpiote.o(i.nrf_drv_gpiote_in_event_enable)
    nrf_drv_gpiote_in_init                   0x00001a19   Thumb Code   178  nrf_drv_gpiote.o(i.nrf_drv_gpiote_in_init)
    nrf_drv_gpiote_in_is_set                 0x00001ad9   Thumb Code    14  nrf_drv_gpiote.o(i.nrf_drv_gpiote_in_is_set)
    nrf_drv_gpiote_init                      0x00001ae9   Thumb Code    84  nrf_drv_gpiote.o(i.nrf_drv_gpiote_init)
    nrf_drv_gpiote_is_init                   0x00001b45   Thumb Code    14  nrf_drv_gpiote.o(i.nrf_drv_gpiote_is_init)
    nrf_drv_uart_init                        0x00001b69   Thumb Code    98  nrf_drv_uart.o(i.nrf_drv_uart_init)
    nrf_drv_uart_tx                          0x00001bd1   Thumb Code   262  nrf_drv_uart.o(i.nrf_drv_uart_tx)
    nrf_drv_uart_tx_in_progress              0x00001cdd   Thumb Code    18  nrf_drv_uart.o(i.nrf_drv_uart_tx_in_progress)
    nrf_drv_uart_uninit                      0x00001cf5   Thumb Code    74  nrf_drv_uart.o(i.nrf_drv_uart_uninit)
    nrf_fprintf                              0x00001d49   Thumb Code    26  nrf_fprintf.o(i.nrf_fprintf)
    nrf_fprintf_buffer_flush                 0x00001d63   Thumb Code    24  nrf_fprintf.o(i.nrf_fprintf_buffer_flush)
    nrf_fprintf_fmt                          0x00001d7b   Thumb Code   474  nrf_fprintf_format.o(i.nrf_fprintf_fmt)
    nrf_log_backend_add                      0x00002149   Thumb Code    74  nrf_log_frontend.o(i.nrf_log_backend_add)
    nrf_log_backend_serial_put               0x00002199   Thumb Code   210  nrf_log_backend_serial.o(i.nrf_log_backend_serial_put)
    nrf_log_backend_uart_init                0x0000226d   Thumb Code     6  nrf_log_backend_uart.o(i.nrf_log_backend_uart_init)
    nrf_log_color_id_get                     0x000022a5   Thumb Code    42  nrf_log_frontend.o(i.nrf_log_color_id_get)
    nrf_log_default_backends_init            0x000022d5   Thumb Code    22  nrf_log_default_backends.o(i.nrf_log_default_backends_init)
    nrf_log_frontend_dequeue                 0x000022f1   Thumb Code   476  nrf_log_frontend.o(i.nrf_log_frontend_dequeue)
    nrf_log_frontend_std_0                   0x000024d5   Thumb Code     8  nrf_log_frontend.o(i.nrf_log_frontend_std_0)
    nrf_log_frontend_std_1                   0x000024dd   Thumb Code    14  nrf_log_frontend.o(i.nrf_log_frontend_std_1)
    nrf_log_hexdump_entry_process            0x000024ed   Thumb Code   146  nrf_log_str_formatter.o(i.nrf_log_hexdump_entry_process)
    nrf_log_init                             0x00002599   Thumb Code    70  nrf_log_frontend.o(i.nrf_log_init)
    nrf_log_module_cnt_get                   0x000025f5   Thumb Code    10  nrf_log_frontend.o(i.nrf_log_module_cnt_get)
    nrf_log_module_name_get                  0x00002609   Thumb Code    24  nrf_log_frontend.o(i.nrf_log_module_name_get)
    nrf_log_panic                            0x00002625   Thumb Code    34  nrf_log_frontend.o(i.nrf_log_panic)
    nrf_log_std_entry_process                0x0000264d   Thumb Code   182  nrf_log_str_formatter.o(i.nrf_log_std_entry_process)
    nrf_memobj_alloc                         0x00002703   Thumb Code    96  nrf_memobj.o(i.nrf_memobj_alloc)
    nrf_memobj_free                          0x00002763   Thumb Code    50  nrf_memobj.o(i.nrf_memobj_free)
    nrf_memobj_get                           0x00002795   Thumb Code    14  nrf_memobj.o(i.nrf_memobj_get)
    nrf_memobj_pool_init                     0x000027a3   Thumb Code     4  nrf_memobj.o(i.nrf_memobj_pool_init)
    nrf_memobj_put                           0x000027a7   Thumb Code    34  nrf_memobj.o(i.nrf_memobj_put)
    nrf_memobj_read                          0x000027c9   Thumb Code    12  nrf_memobj.o(i.nrf_memobj_read)
    nrf_memobj_write                         0x000027d5   Thumb Code    12  nrf_memobj.o(i.nrf_memobj_write)
    nrf_log_backend_uart_api                 0x00003048   Data          12  nrf_log_backend_uart.o(.constdata)
    __ctype_table                            0x00003088   Data         129  ctype_o.o(.constdata)
    Region$$Table$$Base                      0x0000340c   Number         0  anon$$obj.o(Region$$Table)
    Region$$Table$$Limit                     0x0000342c   Number         0  anon$$obj.o(Region$$Table)
    log_const_data$$Base                     0x0000342c   Number         0  nrf_drv_gpiote.o(log_const_data)
    m_nrf_log_gpiote_logs_data_const         0x0000342c   Data           8  nrf_drv_gpiote.o(log_const_data)
    m_nrf_log_uart_logs_data_const           0x00003434   Data           8  nrf_drv_uart.o(log_const_data)
    m_nrf_log_balloc_logs_data_const         0x0000343c   Data           8  nrf_balloc.o(log_const_data)
    m_nrf_log_app_logs_data_const            0x00003444   Data           8  nrf_log_frontend.o(log_const_data)
    log_const_data$$Limit                    0x0000344c   Number         0  nrf_log_frontend.o(log_const_data)
    m_uart                                   0x200000a4   Data           8  nrf_log_backend_uart.o(.data)
    SystemCoreClock                          0x20000100   Data           4  system_nrf52840.o(.data)
    log_dynamic_data$$Base                   0x20000104   Number         0  nrf_drv_gpiote.o(log_dynamic_data)
    m_nrf_log_gpiote_logs_data_dynamic       0x20000104   Data          12  nrf_drv_gpiote.o(log_dynamic_data)
    m_nrf_log_uart_logs_data_dynamic         0x20000110   Data          12  nrf_drv_uart.o(log_dynamic_data)
    m_nrf_log_balloc_logs_data_dynamic       0x2000011c   Data          12  nrf_balloc.o(log_dynamic_data)
    m_nrf_log_app_logs_data_dynamic          0x20000128   Data          12  nrf_log_frontend.o(log_dynamic_data)
    __initial_sp                             0x20002878   Data           0  arm_startup_nrf52840.o(STACK)



==============================================================================

Memory Map of the image

  Image Entry point : 0x00000201

  Load Region LR_IROM1 (Base: 0x00000000, Size: 0x00003580, Max: 0x00100000, ABSOLUTE, COMPRESSED[0x000034cc])

    Execution Region ER_IROM1 (Exec base: 0x00000000, Load base: 0x00000000, Size: 0x0000344c, Max: 0x00100000, ABSOLUTE)

    Exec Addr    Load Addr    Size         Type   Attr      Idx    E Section Name        Object

    0x00000000   0x00000000   0x00000200   Data   RO         2567    RESET               arm_startup_nrf52840.o
    0x00000200   0x00000200   0x00000000   Code   RO         2608  * .ARM.Collect$$$$00000000  mc_w.l(entry.o)
    0x00000200   0x00000200   0x00000004   Code   RO         2651    .ARM.Collect$$$$00000001  mc_w.l(entry2.o)
    0x00000204   0x00000204   0x00000004   Code   RO         2654    .ARM.Collect$$$$00000004  mc_w.l(entry5.o)
    0x00000208   0x00000208   0x00000000   Code   RO         2656    .ARM.Collect$$$$00000008  mc_w.l(entry7b.o)
    0x00000208   0x00000208   0x00000000   Code   RO         2658    .ARM.Collect$$$$0000000A  mc_w.l(entry8b.o)
    0x00000208   0x00000208   0x00000008   Code   RO         2659    .ARM.Collect$$$$0000000B  mc_w.l(entry9a.o)
    0x00000210   0x00000210   0x00000000   Code   RO         2661    .ARM.Collect$$$$0000000D  mc_w.l(entry10a.o)
    0x00000210   0x00000210   0x00000000   Code   RO         2663    .ARM.Collect$$$$0000000F  mc_w.l(entry11a.o)
    0x00000210   0x00000210   0x00000004   Code   RO         2652    .ARM.Collect$$$$00002712  mc_w.l(entry2.o)
    0x00000214   0x00000214   0x0000009a   Code   RO         1756    .emb_text           nrf_memobj.o
    0x000002ae   0x000002ae   0x00000002   PAD
    0x000002b0   0x000002b0   0x0000009a   Code   RO         2069    .emb_text           nrf_log_frontend.o
    0x0000034a   0x0000034a   0x00000002   PAD
    0x0000034c   0x0000034c   0x00000024   Code   RO         2568    .text               arm_startup_nrf52840.o
    0x00000370   0x00000370   0x00000062   Code   RO         2611    .text               mc_w.l(uldiv.o)
    0x000003d2   0x000003d2   0x00000002   PAD
    0x000003d4   0x000003d4   0x00000008   Code   RO         2613    .text               mc_w.l(ctype_o.o)
    0x000003dc   0x000003dc   0x00000024   Code   RO         2641    .text               mc_w.l(memcpya.o)
    0x00000400   0x00000400   0x00000024   Code   RO         2643    .text               mc_w.l(memseta.o)
    0x00000424   0x00000424   0x0000000e   Code   RO         2645    .text               mc_w.l(strlen.o)
    0x00000432   0x00000432   0x0000001e   Code   RO         2665    .text               mc_w.l(llshl.o)
    0x00000450   0x00000450   0x00000020   Code   RO         2667    .text               mc_w.l(llushr.o)
    0x00000470   0x00000470   0x00000024   Code   RO         2669    .text               mc_w.l(init.o)
    0x00000494   0x00000494   0x0000003a   Code   RO         2679    .text               mc_w.l(__dczerorl.o)
    0x000004ce   0x000004ce   0x00000002   PAD
    0x000004d0   0x000004d0   0x000001c4   Code   RO          511    i.GPIOTE_IRQHandler  nrf_drv_gpiote.o
    0x00000694   0x00000694   0x00000016   Code   RO         1305    i.NVIC_ClearPendingIRQ  app_timer.o
    0x000006aa   0x000006aa   0x00000016   Code   RO         1306    i.NVIC_EnableIRQ    app_timer.o
    0x000006c0   0x000006c0   0x00000016   Code   RO         1307    i.NVIC_SetPendingIRQ  app_timer.o
    0x000006d6   0x000006d6   0x00000020   Code   RO         1308    i.NVIC_SetPriority  app_timer.o
    0x000006f6   0x000006f6   0x00000002   PAD
    0x000006f8   0x000006f8   0x00000024   Code   RO         1309    i.RTC1_IRQHandler   app_timer.o
    0x0000071c   0x0000071c   0x00000004   Code   RO         1310    i.SWI0_EGU0_IRQHandler  app_timer.o
    0x00000720   0x00000720   0x00000208   Code   RO         2576    i.SystemInit        system_nrf52840.o
    0x00000928   0x00000928   0x0000001c   Code   RO          797    i.UARTE0_UART0_IRQHandler  nrf_drv_uart.o
    0x00000944   0x00000944   0x0000000e   Code   RO         2673    i.__scatterload_copy  mc_w.l(handlers.o)
    0x00000952   0x00000952   0x00000002   Code   RO         2674    i.__scatterload_null  mc_w.l(handlers.o)
    0x00000954   0x00000954   0x0000000e   Code   RO         2675    i.__scatterload_zeroinit  mc_w.l(handlers.o)
    0x00000962   0x00000962   0x00000006   Code   RO          314    i.alert_timer_handler  bsp.o
    0x00000968   0x00000968   0x00000024   Code   RO         1043    i.app_button_enable  app_button.o
    0x0000098c   0x0000098c   0x00000070   Code   RO         1044    i.app_button_init   app_button.o
    0x000009fc   0x000009fc   0x00000078   Code   RO         1144    i.app_error_fault_handler  app_error_weak.o
    0x00000a74   0x00000a74   0x00000016   Code   RO         1105    i.app_error_handler_bare  app_error.o
    0x00000a8a   0x00000a8a   0x00000002   PAD
    0x00000a8c   0x00000a8c   0x00000024   Code   RO         1313    i.app_timer_create  app_timer.o
    0x00000ab0   0x00000ab0   0x00000054   Code   RO         1314    i.app_timer_init    app_timer.o
    0x00000b04   0x00000b04   0x00000080   Code   RO         1317    i.app_timer_start   app_timer.o
    0x00000b84   0x00000b84   0x00000020   Code   RO         1318    i.app_timer_stop    app_timer.o
    0x00000ba4   0x00000ba4   0x00000004   Code   RO         1543    i.app_util_critical_region_enter  app_util_platform.o
    0x00000ba8   0x00000ba8   0x00000004   Code   RO         1544    i.app_util_critical_region_exit  app_util_platform.o
    0x00000bac   0x00000bac   0x00000010   Code   RO         1545    i.app_util_disable_irq  app_util_platform.o
    0x00000bbc   0x00000bbc   0x00000014   Code   RO         1546    i.app_util_enable_irq  app_util_platform.o
    0x00000bd0   0x00000bd0   0x000000a8   Code   RO          798    i.apply_config      nrf_drv_uart.o
    0x00000c78   0x00000c78   0x0000002c   Code   RO          204    i.bsp_board_led_invert  boards.o
    0x00000ca4   0x00000ca4   0x00000010   Code   RO          205    i.bsp_board_led_off  boards.o
    0x00000cb4   0x00000cb4   0x00000010   Code   RO          206    i.bsp_board_led_on  boards.o
    0x00000cc4   0x00000cc4   0x00000028   Code   RO          207    i.bsp_board_led_state_get  boards.o
    0x00000cec   0x00000cec   0x0000002c   Code   RO          208    i.bsp_board_leds_init  boards.o
    0x00000d18   0x00000d18   0x00000012   Code   RO          209    i.bsp_board_leds_off  boards.o
    0x00000d2a   0x00000d2a   0x00000012   Code   RO          210    i.bsp_board_leds_on  boards.o
    0x00000d3c   0x00000d3c   0x00000024   Code   RO          211    i.bsp_board_pin_to_button_idx  boards.o
    0x00000d60   0x00000d60   0x00000090   Code   RO          315    i.bsp_button_event_handler  bsp.o
    0x00000df0   0x00000df0   0x0000001c   Code   RO            4    i.bsp_configuration  main.o
    0x00000e0c   0x00000e0c   0x00000044   Code   RO          319    i.bsp_event_to_button_action_assign  bsp.o
    0x00000e50   0x00000e50   0x00000064   Code   RO            5    i.bsp_evt_handler   main.o
    0x00000eb4   0x00000eb4   0x00000018   Code   RO          320    i.bsp_indication_set  bsp.o
    0x00000ecc   0x00000ecc   0x00000094   Code   RO          321    i.bsp_init          bsp.o
    0x00000f60   0x00000f60   0x000001b8   Code   RO          322    i.bsp_led_indication  bsp.o
    0x00001118   0x00001118   0x00000060   Code   RO         2070    i.buf_prealloc      nrf_log_frontend.o
    0x00001178   0x00001178   0x0000001e   Code   RO         1716    i.buffer_add        nrf_fprintf_format.o
    0x00001196   0x00001196   0x00000002   PAD
    0x00001198   0x00001198   0x00000014   Code   RO         2071    i.buffer_is_empty   nrf_log_frontend.o
    0x000011ac   0x000011ac   0x00000008   Code   RO          325    i.button_timer_handler  bsp.o
    0x000011b4   0x000011b4   0x0000001c   Code   RO          512    i.channel_free      nrf_drv_gpiote.o
    0x000011d0   0x000011d0   0x00000048   Code   RO          513    i.channel_port_alloc  nrf_drv_gpiote.o
    0x00001218   0x00001218   0x00000010   Code   RO          514    i.channel_port_get  nrf_drv_gpiote.o
    0x00001228   0x00001228   0x00000020   Code   RO            6    i.clock_initialization  main.o
    0x00001248   0x00001248   0x000000ac   Code   RO         1320    i.compare_reg_update  app_timer.o
    0x000012f4   0x000012f4   0x00000060   Code   RO         1046    i.detection_delay_timeout_handler  app_button.o
    0x00001354   0x00001354   0x00000040   Code   RO         1321    i.elapsed_ticks_acquire  app_timer.o
    0x00001394   0x00001394   0x00000058   Code   RO         1047    i.gpiote_event_handler  app_button.o
    0x000013ec   0x000013ec   0x000000a6   Code   RO         1717    i.int_print         nrf_fprintf_format.o
    0x00001492   0x00001492   0x00000002   PAD
    0x00001494   0x00001494   0x00000078   Code   RO          799    i.interrupts_enable  nrf_drv_uart.o
    0x0000150c   0x0000150c   0x00000030   Code   RO          326    i.leds_off          bsp.o
    0x0000153c   0x0000153c   0x00000014   Code   RO          327    i.leds_timer_handler  bsp.o
    0x00001550   0x00001550   0x000000f8   Code   RO         1322    i.list_insertions_handler  app_timer.o
    0x00001648   0x00001648   0x00000094   Code   RO         2073    i.log_skip          nrf_log_frontend.o
    0x000016dc   0x000016dc   0x00000060   Code   RO            7    i.main              main.o
    0x0000173c   0x0000173c   0x00000076   Code   RO         1757    i.memobj_op         nrf_memobj.o
    0x000017b2   0x000017b2   0x00000002   PAD
    0x000017b4   0x000017b4   0x00000034   Code   RO         2074    i.module_idx_get    nrf_log_frontend.o
    0x000017e8   0x000017e8   0x0000000e   Code   RO         2075    i.nrf_atomic_flag_set  nrf_log_frontend.o
    0x000017f6   0x000017f6   0x0000003e   Code   RO         1632    i.nrf_balloc_alloc  nrf_balloc.o
    0x00001834   0x00001834   0x0000002a   Code   RO         1633    i.nrf_balloc_free   nrf_balloc.o
    0x0000185e   0x0000185e   0x00000030   Code   RO         1634    i.nrf_balloc_init   nrf_balloc.o
    0x0000188e   0x0000188e   0x00000010   Code   RO          515    i.nrf_bitmask_bit_is_set  nrf_drv_gpiote.o
    0x0000189e   0x0000189e   0x00000002   PAD
    0x000018a0   0x000018a0   0x0000008c   Code   RO         1323    i.nrf_delay_us      app_timer.o
    0x0000192c   0x0000192c   0x00000016   Code   RO          800    i.nrf_drv_common_irq_disable  nrf_drv_uart.o
    0x00001942   0x00001942   0x00000038   Code   RO          470    i.nrf_drv_common_irq_enable  nrf_drv_common.o
    0x0000197a   0x0000197a   0x00000006   Code   RO          801    i.nrf_drv_get_IRQn  nrf_drv_uart.o
    0x00001980   0x00001980   0x00000098   Code   RO          520    i.nrf_drv_gpiote_in_event_enable  nrf_drv_gpiote.o
    0x00001a18   0x00001a18   0x000000c0   Code   RO          521    i.nrf_drv_gpiote_in_init  nrf_drv_gpiote.o
    0x00001ad8   0x00001ad8   0x0000000e   Code   RO          522    i.nrf_drv_gpiote_in_is_set  nrf_drv_gpiote.o
    0x00001ae6   0x00001ae6   0x00000002   PAD
    0x00001ae8   0x00001ae8   0x0000005c   Code   RO          524    i.nrf_drv_gpiote_init  nrf_drv_gpiote.o
    0x00001b44   0x00001b44   0x00000014   Code   RO          525    i.nrf_drv_gpiote_is_init  nrf_drv_gpiote.o
    0x00001b58   0x00001b58   0x00000010   Code   RO          802    i.nrf_drv_is_in_RAM  nrf_drv_uart.o
    0x00001b68   0x00001b68   0x00000068   Code   RO          804    i.nrf_drv_uart_init  nrf_drv_uart.o
    0x00001bd0   0x00001bd0   0x0000010c   Code   RO          812    i.nrf_drv_uart_tx   nrf_drv_uart.o
    0x00001cdc   0x00001cdc   0x00000018   Code   RO          814    i.nrf_drv_uart_tx_in_progress  nrf_drv_uart.o
    0x00001cf4   0x00001cf4   0x00000054   Code   RO          815    i.nrf_drv_uart_uninit  nrf_drv_uart.o
    0x00001d48   0x00001d48   0x0000001a   Code   RO         1673    i.nrf_fprintf       nrf_fprintf.o
    0x00001d62   0x00001d62   0x00000018   Code   RO         1674    i.nrf_fprintf_buffer_flush  nrf_fprintf.o
    0x00001d7a   0x00001d7a   0x000001da   Code   RO         1718    i.nrf_fprintf_fmt   nrf_fprintf_format.o
    0x00001f54   0x00001f54   0x00000032   Code   RO          213    i.nrf_gpio_cfg      boards.o
    0x00001f86   0x00001f86   0x00000032   Code   RO          539    i.nrf_gpio_cfg      nrf_drv_gpiote.o
    0x00001fb8   0x00001fb8   0x00000032   Code   RO          816    i.nrf_gpio_cfg      nrf_drv_uart.o
    0x00001fea   0x00001fea   0x00000012   Code   RO          817    i.nrf_gpio_cfg_default  nrf_drv_uart.o
    0x00001ffc   0x00001ffc   0x00000012   Code   RO          818    i.nrf_gpio_cfg_input  nrf_drv_uart.o
    0x0000200e   0x0000200e   0x00000014   Code   RO          819    i.nrf_gpio_cfg_output  nrf_drv_uart.o
    0x00002022   0x00002022   0x00000030   Code   RO          541    i.nrf_gpio_cfg_sense_set  nrf_drv_gpiote.o
    0x00002052   0x00002052   0x00000002   PAD
    0x00002054   0x00002054   0x0000001c   Code   RO          214    i.nrf_gpio_pin_port_decode  boards.o
    0x00002070   0x00002070   0x0000001c   Code   RO          543    i.nrf_gpio_pin_port_decode  nrf_drv_gpiote.o
    0x0000208c   0x0000208c   0x0000001c   Code   RO          820    i.nrf_gpio_pin_port_decode  nrf_drv_uart.o
    0x000020a8   0x000020a8   0x00000016   Code   RO          544    i.nrf_gpio_pin_read  nrf_drv_gpiote.o
    0x000020be   0x000020be   0x00000014   Code   RO          821    i.nrf_gpio_pin_set  nrf_drv_uart.o
    0x000020d2   0x000020d2   0x00000026   Code   RO          215    i.nrf_gpio_pin_write  boards.o
    0x000020f8   0x000020f8   0x0000002c   Code   RO          546    i.nrf_gpio_ports_read  nrf_drv_gpiote.o
    0x00002124   0x00002124   0x00000014   Code   RO          547    i.nrf_gpiote_event_clear  nrf_drv_gpiote.o
    0x00002138   0x00002138   0x00000010   Code   RO          548    i.nrf_gpiote_event_is_set  nrf_drv_gpiote.o
    0x00002148   0x00002148   0x00000050   Code   RO         2076    i.nrf_log_backend_add  nrf_log_frontend.o
    0x00002198   0x00002198   0x000000d2   Code   RO         1933    i.nrf_log_backend_serial_put  nrf_log_backend_serial.o
    0x0000226a   0x0000226a   0x00000002   Code   RO         1973    i.nrf_log_backend_uart_flush  nrf_log_backend_uart.o
    0x0000226c   0x0000226c   0x00000006   Code   RO         1974    i.nrf_log_backend_uart_init  nrf_log_backend_uart.o
    0x00002272   0x00002272   0x00000002   PAD
    0x00002274   0x00002274   0x00000018   Code   RO         1975    i.nrf_log_backend_uart_panic_set  nrf_log_backend_uart.o
    0x0000228c   0x0000228c   0x00000018   Code   RO         1976    i.nrf_log_backend_uart_put  nrf_log_backend_uart.o
    0x000022a4   0x000022a4   0x00000030   Code   RO         2078    i.nrf_log_color_id_get  nrf_log_frontend.o
    0x000022d4   0x000022d4   0x0000001c   Code   RO         2036    i.nrf_log_default_backends_init  nrf_log_default_backends.o
    0x000022f0   0x000022f0   0x000001e4   Code   RO         2079    i.nrf_log_frontend_dequeue  nrf_log_frontend.o
    0x000024d4   0x000024d4   0x00000008   Code   RO         2081    i.nrf_log_frontend_std_0  nrf_log_frontend.o
    0x000024dc   0x000024dc   0x0000000e   Code   RO         2082    i.nrf_log_frontend_std_1  nrf_log_frontend.o
    0x000024ea   0x000024ea   0x00000002   PAD
    0x000024ec   0x000024ec   0x000000ac   Code   RO         2261    i.nrf_log_hexdump_entry_process  nrf_log_str_formatter.o
    0x00002598   0x00002598   0x0000005c   Code   RO         2088    i.nrf_log_init      nrf_log_frontend.o
    0x000025f4   0x000025f4   0x00000014   Code   RO         2089    i.nrf_log_module_cnt_get  nrf_log_frontend.o
    0x00002608   0x00002608   0x0000001c   Code   RO         2092    i.nrf_log_module_name_get  nrf_log_frontend.o
    0x00002624   0x00002624   0x00000028   Code   RO         2093    i.nrf_log_panic     nrf_log_frontend.o
    0x0000264c   0x0000264c   0x000000b6   Code   RO         2262    i.nrf_log_std_entry_process  nrf_log_str_formatter.o
    0x00002702   0x00002702   0x00000060   Code   RO         1758    i.nrf_memobj_alloc  nrf_memobj.o
    0x00002762   0x00002762   0x00000032   Code   RO         1759    i.nrf_memobj_free   nrf_memobj.o
    0x00002794   0x00002794   0x0000000e   Code   RO         1760    i.nrf_memobj_get    nrf_memobj.o
    0x000027a2   0x000027a2   0x00000004   Code   RO         1761    i.nrf_memobj_pool_init  nrf_memobj.o
    0x000027a6   0x000027a6   0x00000022   Code   RO         1762    i.nrf_memobj_put    nrf_memobj.o
    0x000027c8   0x000027c8   0x0000000c   Code   RO         1763    i.nrf_memobj_read   nrf_memobj.o
    0x000027d4   0x000027d4   0x0000000c   Code   RO         1764    i.nrf_memobj_write  nrf_memobj.o
    0x000027e0   0x000027e0   0x0000000a   Code   RO          822    i.nrf_uart_event_check  nrf_drv_uart.o
    0x000027ea   0x000027ea   0x0000000c   Code   RO          823    i.nrf_uart_event_clear  nrf_drv_uart.o
    0x000027f6   0x000027f6   0x0000000c   Code   RO          824    i.nrf_uart_int_enable_check  nrf_drv_uart.o
    0x00002802   0x00002802   0x0000000a   Code   RO          825    i.nrf_uarte_event_check  nrf_drv_uart.o
    0x0000280c   0x0000280c   0x0000000c   Code   RO          826    i.nrf_uarte_event_clear  nrf_drv_uart.o
    0x00002818   0x00002818   0x00000018   Code   RO          549    i.pin_in_use_by_port  nrf_drv_gpiote.o
    0x00002830   0x00002830   0x00000018   Code   RO          550    i.pin_in_use_by_te  nrf_drv_gpiote.o
    0x00002848   0x00002848   0x00000078   Code   RO          827    i.pins_to_default   nrf_drv_uart.o
    0x000028c0   0x000028c0   0x0000003c   Code   RO         2263    i.postfix_process   nrf_log_str_formatter.o
    0x000028fc   0x000028fc   0x0000005c   Code   RO         2264    i.prefix_process    nrf_log_str_formatter.o
    0x00002958   0x00002958   0x0000003c   Code   RO         1324    i.rtc1_stop         app_timer.o
    0x00002994   0x00002994   0x00000032   Code   RO          828    i.rx_byte           nrf_drv_uart.o
    0x000029c6   0x000029c6   0x00000018   Code   RO          829    i.rx_done_event     nrf_drv_uart.o
    0x000029de   0x000029de   0x00000002   PAD
    0x000029e0   0x000029e0   0x00000028   Code   RO         1977    i.serial_tx         nrf_log_backend_uart.o
    0x00002a08   0x00002a08   0x00000090   Code   RO         2095    i.std_n             nrf_log_frontend.o
    0x00002a98   0x00002a98   0x00000080   Code   RO         1325    i.timer_list_handler  app_timer.o
    0x00002b18   0x00002b18   0x0000003c   Code   RO         1326    i.timer_list_insert  app_timer.o
    0x00002b54   0x00002b54   0x00000060   Code   RO         1327    i.timer_list_remove  app_timer.o
    0x00002bb4   0x00002bb4   0x00000040   Code   RO         1328    i.timer_stop_op_schedule  app_timer.o
    0x00002bf4   0x00002bf4   0x00000074   Code   RO         1329    i.timer_timeouts_check  app_timer.o
    0x00002c68   0x00002c68   0x00000020   Code   RO          831    i.tx_byte           nrf_drv_uart.o
    0x00002c88   0x00002c88   0x0000001c   Code   RO          832    i.tx_done_event     nrf_drv_uart.o
    0x00002ca4   0x00002ca4   0x0000000c   Code   RO         1978    i.uart_evt_handler  nrf_log_backend_uart.o
    0x00002cb0   0x00002cb0   0x00000050   Code   RO         1979    i.uart_init         nrf_log_backend_uart.o
    0x00002d00   0x00002d00   0x0000011e   Code   RO          833    i.uart_irq_handler  nrf_drv_uart.o
    0x00002e1e   0x00002e1e   0x000000f0   Code   RO          834    i.uarte_irq_handler  nrf_drv_uart.o
    0x00002f0e   0x00002f0e   0x00000002   PAD
    0x00002f10   0x00002f10   0x000000b4   Code   RO         1719    i.unsigned_print    nrf_fprintf_format.o
    0x00002fc4   0x00002fc4   0x00000030   Code   RO         1330    i.user_op_alloc     app_timer.o
    0x00002ff4   0x00002ff4   0x00000008   Data   RO          216    .constdata          boards.o
    0x00002ffc   0x00002ffc   0x0000002c   Data   RO          333    .constdata          bsp.o
    0x00003028   0x00003028   0x00000008   Data   RO          552    .constdata          nrf_drv_gpiote.o
    0x00003030   0x00003030   0x00000008   Data   RO         1049    .constdata          app_button.o
    0x00003038   0x00003038   0x00000010   Data   RO         1720    .constdata          nrf_fprintf_format.o
    0x00003048   0x00003048   0x0000000c   Data   RO         1981    .constdata          nrf_log_backend_uart.o
    0x00003054   0x00003054   0x00000020   Data   RO         1982    .constdata          nrf_log_backend_uart.o
    0x00003074   0x00003074   0x00000014   Data   RO         2098    .constdata          nrf_log_frontend.o
    0x00003088   0x00003088   0x00000081   Data   RO         2614    .constdata          mc_w.l(ctype_o.o)
    0x00003109   0x00003109   0x00000003   PAD
    0x0000310c   0x0000310c   0x00000004   Data   RO         2615    .constdata          mc_w.l(ctype_o.o)
    0x00003110   0x00003110   0x00000276   Data   RO            8    .conststring        main.o
    0x00003386   0x00003386   0x00000002   PAD
    0x00003388   0x00003388   0x00000066   Data   RO         2265    .conststring        nrf_log_str_formatter.o
    0x000033ee   0x000033ee   0x00000002   PAD
    0x000033f0   0x000033f0   0x00000007   Data   RO          556    .conststrlit        nrf_drv_gpiote.o
    0x000033f7   0x000033f7   0x00000001   PAD
    0x000033f8   0x000033f8   0x00000005   Data   RO          836    .conststrlit        nrf_drv_uart.o
    0x000033fd   0x000033fd   0x00000003   PAD
    0x00003400   0x00003400   0x00000007   Data   RO         1635    .conststrlit        nrf_balloc.o
    0x00003407   0x00003407   0x00000001   PAD
    0x00003408   0x00003408   0x00000004   Data   RO         2100    .conststrlit        nrf_log_frontend.o
    0x0000340c   0x0000340c   0x00000020   Data   RO         2671    Region$$Table       anon$$obj.o
    0x0000342c   0x0000342c   0x00000008   Data   RO          557    log_const_data      nrf_drv_gpiote.o
    0x00003434   0x00003434   0x00000008   Data   RO          837    log_const_data      nrf_drv_uart.o
    0x0000343c   0x0000343c   0x00000008   Data   RO         1636    log_const_data      nrf_balloc.o
    0x00003444   0x00003444   0x00000008   Data   RO         2104    log_const_data      nrf_log_frontend.o


    Execution Region RW_IRAM1 (Exec base: 0x20000000, Load base: 0x0000344c, Size: 0x00002878, Max: 0x00040000, ABSOLUTE, COMPRESSED[0x00000080])

    Exec Addr    Load Addr    Size         Type   Attr      Idx    E Section Name        Object

    0x20000000   COMPRESSED   0x00000064   Data   RW            9    .data               main.o
    0x20000064   COMPRESSED   0x00000010   Data   RW          334    .data               bsp.o
    0x20000074   COMPRESSED   0x00000014   Data   RW         1050    .data               app_button.o
    0x20000088   COMPRESSED   0x00000014   Data   RW         1332    .data               app_timer.o
    0x2000009c   COMPRESSED   0x00000004   Data   RW         1549    .data               app_util_platform.o
    0x200000a0   COMPRESSED   0x0000000c   Data   RW         1983    .data               nrf_log_backend_uart.o
    0x200000ac   COMPRESSED   0x0000000c   Data   RW         2037    .data               nrf_log_default_backends.o
    0x200000b8   COMPRESSED   0x00000008   Data   RW         2102    .data               nrf_log_frontend.o
    0x200000c0   COMPRESSED   0x00000008   Data   RW         2103    .data               nrf_log_frontend.o
    0x200000c8   COMPRESSED   0x00000038   Data   RW         2266    .data               nrf_log_str_formatter.o
    0x20000100   COMPRESSED   0x00000004   Data   RW         2577    .data               system_nrf52840.o
    0x20000104   COMPRESSED   0x0000000c   Data   RW          558    log_dynamic_data    nrf_drv_gpiote.o
    0x20000110   COMPRESSED   0x0000000c   Data   RW          838    log_dynamic_data    nrf_drv_uart.o
    0x2000011c   COMPRESSED   0x0000000c   Data   RW         1637    log_dynamic_data    nrf_balloc.o
    0x20000128   COMPRESSED   0x0000000c   Data   RW         2105    log_dynamic_data    nrf_log_frontend.o
    0x20000134        -       0x00000020   Zero   RW          329    .bss                bsp.o
    0x20000154        -       0x00000020   Zero   RW          330    .bss                bsp.o
    0x20000174        -       0x0000000c   Zero   RW          331    .bss                bsp.o
    0x20000180        -       0x00000020   Zero   RW          332    .bss                bsp.o
    0x200001a0        -       0x00000068   Zero   RW          551    .bss                nrf_drv_gpiote.o
    0x20000208        -       0x00000020   Zero   RW          835    .bss                nrf_drv_uart.o
    0x20000228        -       0x00000020   Zero   RW         1048    .bss                app_button.o
    0x20000248        -       0x0000010c   Zero   RW         1331    .bss                app_timer.o
    0x20000354        -       0x00000040   Zero   RW         1980    .bss                nrf_log_backend_uart.o
    0x20000394        -       0x000000c0   Zero   RW         2096    .bss                nrf_log_frontend.o
    0x20000454        -       0x00000420   Zero   RW         2097    .bss                nrf_log_frontend.o
    0x20000874   COMPRESSED   0x00000004   PAD
    0x20000878        -       0x00002000   Zero   RW         2565    STACK               arm_startup_nrf52840.o


==============================================================================

Image component sizes


      Code (inc. data)   RO Data    RW Data    ZI Data      Debug   Object Name

       332         34          8         20         32      10234   app_button.o
        22          0          0          0          0       2129   app_error.o
       120         40          0          0          0      27393   app_error_weak.o
      1614        122          0         20        268      47731   app_timer.o
         0          0          0          0          0       5880   app_uart_fifo.o
        44         10          0          4          0       3372   app_util_platform.o
        36          8        512          0       8192        940   arm_startup_nrf52840.o
       348         38          8          0          0      12529   boards.o
       906         84         44         16        108      13540   bsp.o
       256         52        630        100          0      60502   main.o
       152          0         15         12          0       3893   nrf_balloc.o
        56          0          0          0          0      29211   nrf_drv_common.o
      1330         90         23         12        104      37474   nrf_drv_gpiote.o
      1830         68         13         12         32      68445   nrf_drv_uart.o
        50          0          0          0          0       3553   nrf_fprintf.o
       850          4         16          0          0       5510   nrf_fprintf_format.o
       210          0          0          0          0      11143   nrf_log_backend_serial.o
       188         36         44         12         64       6510   nrf_log_backend_uart.o
        28          6          0         12          0       3219   nrf_log_default_backends.o
      1442         88         32         28       1248      30366   nrf_log_frontend.o
       506         66        102         56          0       5632   nrf_log_str_formatter.o
       494          0          0          0          0      13199   nrf_memobj.o
       520         60          0          4          0       2583   system_nrf52840.o

    ----------------------------------------------------------------------
     11362        806       1488        308      10052     404988   Object Totals
         0          0         32          0          0          0   (incl. Generated)
        28          0          9          0          4          0   (incl. Padding)

    ----------------------------------------------------------------------

      Code (inc. data)   RO Data    RW Data    ZI Data      Debug   Library Member Name

        58          0          0          0          0          0   __dczerorl.o
         8          4        133          0          0         68   ctype_o.o
         0          0          0          0          0          0   entry.o
         0          0          0          0          0          0   entry10a.o
         0          0          0          0          0          0   entry11a.o
         8          4          0          0          0          0   entry2.o
         4          0          0          0          0          0   entry5.o
         0          0          0          0          0          0   entry7b.o
         0          0          0          0          0          0   entry8b.o
         8          4          0          0          0          0   entry9a.o
        30          0          0          0          0          0   handlers.o
        36          8          0          0          0         68   init.o
        30          0          0          0          0         68   llshl.o
        32          0          0          0          0         68   llushr.o
        36          0          0          0          0         68   memcpya.o
        36          0          0          0          0        108   memseta.o
        14          0          0          0          0         68   strlen.o
        98          0          0          0          0         92   uldiv.o

    ----------------------------------------------------------------------
       402         20        136          0          0        608   Library Totals
         4          0          3          0          0          0   (incl. Padding)

    ----------------------------------------------------------------------

      Code (inc. data)   RO Data    RW Data    ZI Data      Debug   Library Name

       398         20        133          0          0        608   mc_w.l

    ----------------------------------------------------------------------
       402         20        136          0          0        608   Library Totals

    ----------------------------------------------------------------------

==============================================================================


      Code (inc. data)   RO Data    RW Data    ZI Data      Debug   

     11764        826       1624        308      10052     391224   Grand Totals
     11764        826       1624        128      10052     391224   ELF Image Totals (compressed)
     11764        826       1624        128          0          0   ROM Totals

==============================================================================

    Total RO  Size (Code + RO Data)                13388 (  13.07kB)
    Total RW  Size (RW Data + ZI Data)             10360 (  10.12kB)
    Total ROM Size (Code + RO Data + RW Data)      13516 (  13.20kB)

==============================================================================

